# pc_rx_time yaln?zca bilgi ama?l?d?r; gecikme hesab?nda KULLANILMAZ.
2026-10-06T20:25:47.278	ACK,START,S0,B,INJ,50
2026-10-06T20:25:52.764	BTN,1,S0,PRESSED,451528863,451528871                           
2026-10-06T20:25:53.448	BTN,2,S0,PRESSED,452209869,452209876                           
2026-10-06T20:25:54.085	BTN,3,S0,PRESSED,452851874,452851882                           
2026-10-06T20:25:54.804	BTN,4,S0,PRESSED,453564880,453564887                           
2026-10-06T20:25:55.462	BTN,5,S0,PRESSED,454223885,454223893                           
2026-10-06T20:25:56.240	BTN,6,S0,PRESSED,455002891,455002898                           
2026-10-06T20:25:56.948	BTN,7,S0,PRESSED,455709896,455709904                           
2026-10-06T20:25:57.681	BTN,8,S0,PRESSED,456445902,456445909                           
2026-10-06T20:25:58.494	BTN,9,S0,PRESSED,457256907,457256914                           
2026-10-06T20:25:59.376	BTN,10,S0,PRESSED,458138913,458138920                          
2026-10-06T20:26:00.257	BTN,11,S0,PRESSED,459020918,459020925                          
2026-10-06T20:26:00.834	BTN,12,S0,PRESSED,459598924,459598931                          
2026-10-06T20:26:01.389	BTN,13,S0,PRESSED,460151929,460151936                          
2026-10-06T20:26:01.941	BTN,14,S0,PRESSED,460704935,460704942                          
2026-10-06T20:26:02.833	BTN,15,S0,PRESSED,461594940,461594947                          
2026-10-06T20:26:03.382	BTN,16,S0,PRESSED,462154946,462154953                          
2026-10-06T20:26:03.975	BTN,17,S0,PRESSED,462738951,462738958                          
2026-10-06T20:26:04.849	BTN,18,S0,PRESSED,463611956,463611964                          
2026-10-06T20:26:05.687	BTN,19,S0,PRESSED,464449962,464449969                          
2026-10-06T20:26:06.320	BTN,20,S0,PRESSED,465081967,465081975                          
2026-10-06T20:26:07.098	BTN,21,S0,PRESSED,465863973,465863980                          
2026-10-06T20:26:07.672	BTN,22,S0,PRESSED,466433978,466433986                          
2026-10-06T20:26:08.546	BTN,23,S0,PRESSED,467311984,467311991                          
2026-10-06T20:26:09.103	BTN,24,S0,PRESSED,467864989,467864997                          
2026-10-06T20:26:09.802	BTN,25,S0,PRESSED,468567995,468568002                          
2026-10-06T20:26:10.569	BTN,26,S0,PRESSED,469334000,469334008                          
2026-10-06T20:26:11.154	BTN,27,S0,PRESSED,469917006,469917013                          
2026-10-06T20:26:11.786	BTN,28,S0,PRESSED,470545011,470545019                          
2026-10-06T20:26:12.336	BTN,29,S0,PRESSED,471100017,471100024                          
2026-10-06T20:26:13.171	BTN,30,S0,PRESSED,471935022,471935029                          
2026-10-06T20:26:13.718	BTN,31,S0,PRESSED,472479028,472479035                          
2026-10-06T20:26:14.461	BTN,32,S0,PRESSED,473226033,473226040                          
2026-10-06T20:26:15.079	BTN,33,S0,PRESSED,473842039,473842046                          
2026-10-06T20:26:15.881	BTN,34,S0,PRESSED,474645044,474645051                          
2026-10-06T20:26:16.639	BTN,35,S0,PRESSED,475402050,475402057                          
2026-10-06T20:26:17.264	BTN,36,S0,PRESSED,476031055,476031062                          
2026-10-06T20:26:17.806	BTN,37,S0,PRESSED,476573061,476573068                          
2026-10-06T20:26:18.681	BTN,38,S0,PRESSED,477453066,477453073                          
2026-10-06T20:26:19.410	BTN,39,S0,PRESSED,478174071,478174079                          
2026-10-06T20:26:20.293	BTN,40,S0,PRESSED,479062077,479062084                          
2026-10-06T20:26:20.801	BTN,41,S0,PRESSED,479572082,479572090                          
2026-10-06T20:26:21.583	BTN,42,S0,PRESSED,480353088,480353095                          
2026-10-06T20:26:22.449	BTN,43,S0,PRESSED,481217093,481217101                          
2026-10-06T20:26:23.031	BTN,44,S0,PRESSED,481796099,481796106                          
2026-10-06T20:26:23.843	BTN,45,S0,PRESSED,482613104,482613112                          
2026-10-06T20:26:24.570	BTN,46,S0,PRESSED,483334110,483334117                          
2026-10-06T20:26:25.302	BTN,47,S0,PRESSED,484071115,484071123                          
2026-10-06T20:26:26.177	BTN,48,S0,PRESSED,484942121,484942128                          
2026-10-06T20:26:26.731	BTN,49,S0,PRESSED,485496126,485496134                          
2026-10-06T20:26:27.594	BTN,50,S0,PRESSED,486055132,486055139                          
2026-10-06T20:26:27.594	ACK,STOP,S0
2026-10-06T20:26:27.594	LOG,S0,1,451528863,451528871,451528880,451528900,451534451,ok
2026-10-06T20:26:27.594	LOG,S0,2,452209869,452209876,452209885,452209905,452215460,ok
2026-10-06T20:26:27.594	LOG,S0,3,452851874,452851882,452851891,452851911,452857461,ok
2026-10-06T20:26:27.594	LOG,S0,4,453564880,453564887,453564896,453564916,453570468,ok
2026-10-06T20:26:27.594	LOG,S0,5,454223885,454223893,454223902,454223922,454229472,ok
2026-10-06T20:26:27.594	LOG,S0,6,455002891,455002898,455002907,455002927,455008484,ok
2026-10-06T20:26:27.594	LOG,S0,7,455709896,455709904,455709913,455709933,455715485,ok
2026-10-06T20:26:27.594	LOG,S0,8,456445902,456445909,456445918,456445938,456451493,ok
2026-10-06T20:26:27.594	LOG,S0,9,457256907,457256914,457256924,457256943,457262494,ok
2026-10-06T20:26:27.594	LOG,S0,10,458138913,458138920,458138929,458138949,458144500,ok
2026-10-06T20:26:27.594	LOG,S0,11,459020918,459020925,459020935,459020955,459026507,ok
2026-10-06T20:26:27.594	LOG,S0,12,459598924,459598931,459598940,459598960,459604513,ok
2026-10-06T20:26:27.594	LOG,S0,13,460151929,460151936,460151946,460151965,460157516,ok
2026-10-06T20:26:27.594	LOG,S0,14,460704935,460704942,460704951,460704971,460710527,ok
2026-10-06T20:26:27.594	LOG,S0,15,461594940,461594947,461594957,461594976,461600533,ok
2026-10-06T20:26:27.594	LOG,S0,16,462154946,462154953,462154962,462154982,462160538,ok
2026-10-06T20:26:27.594	LOG,S0,17,462738951,462738958,462738968,462738987,462744542,ok
2026-10-06T20:26:27.594	LOG,S0,18,463611956,463611964,463611973,463611993,463617544,ok
2026-10-06T20:26:27.594	LOG,S0,19,464449962,464449969,464449979,464449998,464455550,ok
2026-10-06T20:26:27.594	LOG,S0,20,465081967,465081975,465081984,465082004,465087558,ok
2026-10-06T20:26:27.594	LOG,S0,21,465863973,465863980,465863990,465864009,465869560,ok
2026-10-06T20:26:27.594	LOG,S0,22,466433978,466433986,466433995,466434015,466439566,ok
2026-10-06T20:26:27.594	LOG,S0,23,467311984,467311991,467312000,467312020,467317578,ok
2026-10-06T20:26:27.594	LOG,S0,24,467864989,467864997,467865006,467865026,467870580,ok
2026-10-06T20:26:27.594	LOG,S0,25,468567995,468568002,468568011,468568031,468573586,ok
2026-10-06T20:26:27.594	LOG,S0,26,469334000,469334008,469334017,469334037,469339589,ok
2026-10-06T20:26:27.594	LOG,S0,27,469917006,469917013,469917022,469917042,469922596,ok
2026-10-06T20:26:27.594	LOG,S0,28,470545011,470545019,470545028,470545048,470550600,ok
2026-10-06T20:26:27.594	LOG,S0,29,471100017,471100024,471100033,471100053,471105604,ok
2026-10-06T20:26:27.594	LOG,S0,30,471935022,471935029,471935039,471935059,471940612,ok
2026-10-06T20:26:27.594	LOG,S0,31,472479028,472479035,472479044,472479064,472484618,ok
2026-10-06T20:26:27.594	LOG,S0,32,473226033,473226040,473226050,473226070,473231624,ok
2026-10-06T20:26:27.594	LOG,S0,33,473842039,473842046,473842055,473842075,473847625,ok
2026-10-06T20:26:27.594	LOG,S0,34,474645044,474645051,474645061,474645080,474650635,ok
2026-10-06T20:26:27.594	LOG,S0,35,475402050,475402057,475402066,475402086,475407642,ok
2026-10-06T20:26:27.594	LOG,S0,36,476031055,476031062,476031072,476031091,476036643,ok
2026-10-06T20:26:27.594	LOG,S0,37,476573061,476573068,476573077,476573097,476578648,ok
2026-10-06T20:26:27.594	LOG,S0,38,477453066,477453073,477453083,477453102,477458652,ok
2026-10-06T20:26:27.594	LOG,S0,39,478174071,478174079,478174088,478174108,478179658,ok
2026-10-06T20:26:27.594	LOG,S0,40,479062077,479062084,479062094,479062113,479067662,ok
2026-10-06T20:26:27.594	LOG,S0,41,479572082,479572090,479572099,479572119,479577670,ok
2026-10-06T20:26:27.594	LOG,S0,42,480353088,480353095,480353105,480353124,480358675,ok
2026-10-06T20:26:27.594	LOG,S0,43,481217093,481217101,481217110,481217130,481222681,ok
2026-10-06T20:26:27.594	LOG,S0,44,481796099,481796106,481796115,481796135,481801692,ok
2026-10-06T20:26:27.594	LOG,S0,45,482613104,482613112,482613121,482613141,482618690,ok
2026-10-06T20:26:27.594	LOG,S0,46,483334110,483334117,483334126,483334146,483339696,ok
2026-10-06T20:26:27.594	LOG,S0,47,484071115,484071123,484071132,484071152,484076701,ok
2026-10-06T20:26:27.594	LOG,S0,48,484942121,484942128,484942137,484942157,484947710,ok
2026-10-06T20:26:27.594	LOG,S0,49,485496126,485496134,485496143,485496163,485501718,ok
2026-10-06T20:26:27.594	LOG,S0,50,486055132,486055139,486055148,486055168,486060718,ok
2026-10-06T20:26:27.594	CNT,accepted,50
2026-10-06T20:26:27.594	CNT,logged,50
2026-10-06T20:26:27.594	CNT,bounce_rejected,0
2026-10-06T20:26:27.594	CNT,ignored,0
2026-10-06T20:26:27.594	CNT,btn_q_drop,0
2026-10-06T20:26:27.594	CNT,btn_tx_drop,0
2026-10-06T20:26:27.594	CNT,tel_sent,0
2026-10-06T20:26:27.594	CNT,tel_tx_drop,0
2026-10-06T20:26:27.594	CNT,tx_error,0
2026-10-06T20:26:27.594	CNT,tx_timeout,0
2026-10-06T20:26:27.594	CNT,log_overflow,0
2026-10-06T20:26:27.594	CNT,fmt_error,0
2026-10-06T20:26:27.594	CNT,tel_period_min_us,0
2026-10-06T20:26:27.594	CNT,tel_period_max_us,0
2026-10-06T20:26:27.594	CNT,work_min_us,0
2026-10-06T20:26:27.594	CNT,work_max_us,0
2026-10-06T20:26:27.594	CNT,hwm_telemetry_w,187
2026-10-06T20:26:27.594	CNT,hwm_uarttx_w,265
2026-10-06T20:26:27.594	CNT,heap_free_min_b,17512
2026-10-06T20:26:27.594	INF,variant,B
2026-10-06T20:26:27.594	INF,source,INJ
2026-10-06T20:26:27.594	INF,events,50
2026-10-06T20:26:27.594	END,DUMP,S0
