# pc_rx_time yaln?zca bilgi ama?l?d?r; gecikme hesab?nda KULLANILMAZ.
2026-10-06T20:26:28.910	ACK,START,S1,B,INJ,50
2026-10-06T20:26:28.910	TEL,1,S1,487672870,0,0,0,425,2932                              
2026-10-06T20:26:29.001	TEL,2,S1,487772724,0,0,0,433,2941                              
2026-10-06T20:26:29.104	TEL,3,S1,487872724,0,0,0,436,2941                              
2026-10-06T20:26:29.204	TEL,4,S1,487972724,0,0,0,428,2930                              
2026-10-06T20:26:29.306	TEL,5,S1,488072724,0,0,0,433,2930                              
2026-10-06T20:26:29.404	TEL,6,S1,488172724,0,0,0,436,2933                              
2026-10-06T20:26:29.507	TEL,7,S1,488272724,0,0,0,433,2933                              
2026-10-06T20:26:29.609	TEL,8,S1,488372724,0,0,0,433,2933                              
2026-10-06T20:26:29.705	TEL,9,S1,488472724,0,0,0,442,2933                              
2026-10-06T20:26:29.801	TEL,10,S1,488572725,0,0,0,442,2933                             
2026-10-06T20:26:29.904	TEL,11,S1,488672725,0,0,0,436,2933                             
2026-10-06T20:26:30.008	TEL,12,S1,488772725,0,0,0,439,2935                             
2026-10-06T20:26:30.108	TEL,13,S1,488872725,0,0,0,445,2935                             
2026-10-06T20:26:30.204	TEL,14,S1,488972725,0,0,0,442,2933                             
2026-10-06T20:26:30.306	TEL,15,S1,489072725,0,0,0,442,2933                             
2026-10-06T20:26:30.404	TEL,16,S1,489172725,0,0,0,436,2928                             
2026-10-06T20:26:30.508	TEL,17,S1,489272725,0,0,0,436,2928                             
2026-10-06T20:26:30.605	TEL,18,S1,489372725,0,0,0,439,2932                             
2026-10-06T20:26:30.703	TEL,19,S1,489472725,0,0,0,436,2932                             
2026-10-06T20:26:30.807	TEL,20,S1,489572725,0,0,0,433,2930                             
2026-10-06T20:26:30.904	TEL,21,S1,489672725,0,0,0,436,2930                             
2026-10-06T20:26:31.008	TEL,22,S1,489772725,0,0,0,436,2930                             
2026-10-06T20:26:31.106	TEL,23,S1,489872725,0,0,0,442,2930                             
2026-10-06T20:26:31.204	TEL,24,S1,489972725,0,0,0,442,2932                             
2026-10-06T20:26:31.309	TEL,25,S1,490072725,0,0,0,439,2932                             
2026-10-06T20:26:31.404	TEL,26,S1,490172725,0,0,0,436,2930                             
2026-10-06T20:26:31.505	TEL,27,S1,490272725,0,0,0,436,2930                             
2026-10-06T20:26:31.606	TEL,28,S1,490372725,0,0,0,436,2930                             
2026-10-06T20:26:31.704	TEL,29,S1,490472725,0,0,0,436,2930                             
2026-10-06T20:26:31.808	TEL,30,S1,490572725,0,0,0,439,2932                             
2026-10-06T20:26:31.904	TEL,31,S1,490672725,0,0,0,436,2932                             
2026-10-06T20:26:32.008	TEL,32,S1,490772725,0,0,0,433,2930                             
2026-10-06T20:26:32.104	TEL,33,S1,490872725,0,0,0,439,2930                             
2026-10-06T20:26:32.204	TEL,34,S1,490972725,0,0,0,439,2930                             
2026-10-06T20:26:32.306	TEL,35,S1,491072725,0,0,0,436,2930                             
2026-10-06T20:26:32.404	TEL,36,S1,491172725,0,0,0,439,2932                             
2026-10-06T20:26:32.501	TEL,37,S1,491272725,0,0,0,433,2932                             
2026-10-06T20:26:32.604	TEL,38,S1,491372725,0,0,0,439,2937                             
2026-10-06T20:26:32.704	TEL,39,S1,491472725,0,0,0,442,2937                             
2026-10-06T20:26:32.808	TEL,40,S1,491572725,0,0,0,436,2930                             
2026-10-06T20:26:32.904	TEL,41,S1,491672725,0,0,0,442,2930                             
2026-10-06T20:26:33.008	TEL,42,S1,491772725,0,0,0,442,2930                             
2026-10-06T20:26:33.107	TEL,43,S1,491872725,0,0,0,433,2930                             
2026-10-06T20:26:33.204	TEL,44,S1,491972725,0,0,0,433,2930                             
2026-10-06T20:26:33.302	TEL,45,S1,492072725,0,0,0,439,2930                             
2026-10-06T20:26:33.404	TEL,46,S1,492172725,0,0,0,439,2930                             
2026-10-06T20:26:33.505	TEL,47,S1,492272725,0,0,0,433,2930                             
2026-10-06T20:26:33.608	TEL,48,S1,492372725,0,0,0,433,2930                             
2026-10-06T20:26:33.704	TEL,49,S1,492472725,0,0,0,436,2930                             
2026-10-06T20:26:33.809	TEL,50,S1,492572725,0,0,0,436,2928                             
2026-10-06T20:26:33.904	TEL,51,S1,492672725,0,0,0,436,2928                             
2026-10-06T20:26:34.008	TEL,52,S1,492772725,0,0,0,439,2932                             
2026-10-06T20:26:34.109	TEL,53,S1,492872725,0,0,0,436,2932                             
2026-10-06T20:26:34.204	TEL,54,S1,492972725,0,0,0,430,2927                             
2026-10-06T20:26:34.304	TEL,55,S1,493072725,0,0,0,433,2927                             
2026-10-06T20:26:34.365	BTN,1,S1,PRESSED,493129889,493129896                           
2026-10-06T20:26:34.408	TEL,56,S1,493172725,0,0,0,436,2930                             
2026-10-06T20:26:34.501	TEL,57,S1,493272725,0,0,0,436,2930                             
2026-10-06T20:26:34.608	TEL,58,S1,493372725,0,0,0,436,2930                             
2026-10-06T20:26:34.704	TEL,59,S1,493472725,0,0,0,428,2930                             
2026-10-06T20:26:34.808	TEL,60,S1,493572725,0,0,0,428,2930                             
2026-10-06T20:26:34.908	TEL,61,S1,493672725,0,0,0,433,2930                             
2026-10-06T20:26:35.001	TEL,62,S1,493772725,0,0,0,433,2930                             
2026-10-06T20:26:35.105	TEL,63,S1,493872725,0,0,0,445,2930                             
2026-10-06T20:26:35.146	BTN,2,S1,PRESSED,493913895,493913902                           
2026-10-06T20:26:35.207	TEL,64,S1,493972725,0,0,0,445,2930                             
2026-10-06T20:26:35.302	TEL,65,S1,494072725,0,0,0,433,2930                             
2026-10-06T20:26:35.407	TEL,66,S1,494172725,0,0,0,433,2930                             
2026-10-06T20:26:35.502	TEL,67,S1,494272725,0,0,0,442,2930                             
2026-10-06T20:26:35.606	TEL,68,S1,494372725,0,0,0,442,2930                             
2026-10-06T20:26:35.704	TEL,69,S1,494472725,0,0,0,436,2930                             
2026-10-06T20:26:35.806	TEL,70,S1,494572725,0,0,0,439,2932                             
2026-10-06T20:26:35.882	BTN,3,S1,PRESSED,494646900,494646907                           
2026-10-06T20:26:35.908	TEL,71,S1,494672725,0,0,0,439,2932                             
2026-10-06T20:26:36.001	TEL,72,S1,494772725,0,0,0,436,2930                             
2026-10-06T20:26:36.107	TEL,73,S1,494872725,0,0,0,439,2930                             
2026-10-06T20:26:36.204	TEL,74,S1,494972725,0,0,0,436,2928                             
2026-10-06T20:26:36.307	TEL,75,S1,495072725,0,0,0,436,2928                             
2026-10-06T20:26:36.409	TEL,76,S1,495172725,0,0,0,436,2930                             
2026-10-06T20:26:36.502	TEL,77,S1,495272725,0,0,0,439,2930                             
2026-10-06T20:26:36.621	TEL,78,S1,495372725,0,0,0,442,2932                             
2026-10-06T20:26:36.621	BTN,4,S1,PRESSED,495385906,495385913                           
2026-10-06T20:26:36.708	TEL,79,S1,495472725,0,0,0,442,2932                             
2026-10-06T20:26:36.803	TEL,80,S1,495572725,0,0,0,442,2932                             
2026-10-06T20:26:36.908	TEL,81,S1,495672725,0,0,0,439,2932                             
2026-10-06T20:26:37.003	TEL,82,S1,495772725,0,0,0,439,2932                             
2026-10-06T20:26:37.107	TEL,83,S1,495872725,0,0,0,442,2932                             
2026-10-06T20:26:37.208	TEL,84,S1,495972725,0,0,0,445,2933                             
2026-10-06T20:26:37.312	TEL,85,S1,496072725,0,0,0,439,2933                             
2026-10-06T20:26:37.312	BTN,5,S1,PRESSED,496083911,496083918                           
2026-10-06T20:26:37.408	TEL,86,S1,496172725,0,0,0,436,2930                             
2026-10-06T20:26:37.501	TEL,87,S1,496272725,0,0,0,442,2930                             
2026-10-06T20:26:37.605	TEL,88,S1,496372725,0,0,0,439,2927                             
2026-10-06T20:26:37.709	TEL,89,S1,496472725,0,0,0,439,2927                             
2026-10-06T20:26:37.802	TEL,90,S1,496572725,0,0,0,442,2930                             
2026-10-06T20:26:37.835	BTN,6,S1,PRESSED,496604917,496604924                           
2026-10-06T20:26:37.908	TEL,91,S1,496672725,0,0,0,433,2930                             
2026-10-06T20:26:38.002	TEL,92,S1,496772725,0,0,0,436,2932                             
2026-10-06T20:26:38.106	TEL,93,S1,496872725,0,0,0,445,2932                             
2026-10-06T20:26:38.208	TEL,94,S1,496972725,0,0,0,445,2930                             
2026-10-06T20:26:38.303	TEL,95,S1,497072725,0,0,0,439,2930                             
2026-10-06T20:26:38.408	TEL,96,S1,497172725,0,0,0,439,2930                             
2026-10-06T20:26:38.502	TEL,97,S1,497272725,0,0,0,436,2930                             
2026-10-06T20:26:38.605	TEL,98,S1,497372725,0,0,0,439,2933                             
2026-10-06T20:26:38.646	BTN,7,S1,PRESSED,497410922,497410929                           
2026-10-06T20:26:38.709	TEL,99,S1,497472725,0,0,0,439,2933                             
2026-10-06T20:26:38.802	TEL,100,S1,497572725,0,0,0,439,2932                            
2026-10-06T20:26:38.908	TEL,101,S1,497672725,0,0,0,442,2932                            
2026-10-06T20:26:39.002	TEL,102,S1,497772725,0,0,0,439,2930                            
2026-10-06T20:26:39.105	TEL,103,S1,497872725,0,0,0,439,2930                            
2026-10-06T20:26:39.208	TEL,104,S1,497972725,0,0,0,439,2930                            
2026-10-06T20:26:39.247	BTN,8,S1,PRESSED,498011927,498011935                           
2026-10-06T20:26:39.306	TEL,105,S1,498072725,0,0,0,436,2930                            
2026-10-06T20:26:39.403	TEL,106,S1,498172725,0,0,0,436,2930                            
2026-10-06T20:26:39.507	TEL,107,S1,498272725,0,0,0,436,2930                            
2026-10-06T20:26:39.602	TEL,108,S1,498372725,0,0,0,436,2930                            
2026-10-06T20:26:39.708	TEL,109,S1,498472725,0,0,0,439,2930                            
2026-10-06T20:26:39.806	TEL,110,S1,498572725,0,0,0,439,2930                            
2026-10-06T20:26:39.806	BTN,9,S1,PRESSED,498572933,498572940                           
2026-10-06T20:26:39.904	TEL,111,S1,498672725,0,0,0,436,2930                            
2026-10-06T20:26:40.008	TEL,112,S1,498772725,0,0,0,436,2930                            
2026-10-06T20:26:40.102	TEL,113,S1,498872725,0,0,0,445,2930                            
2026-10-06T20:26:40.208	TEL,114,S1,498972725,0,0,0,445,2930                            
2026-10-06T20:26:40.304	TEL,115,S1,499072725,0,0,0,445,2930                            
2026-10-06T20:26:40.407	TEL,116,S1,499172725,0,0,0,448,2933                            
2026-10-06T20:26:40.503	TEL,117,S1,499272725,0,0,0,442,2933                            
2026-10-06T20:26:40.605	TEL,118,S1,499372725,0,0,0,439,2930                            
2026-10-06T20:26:40.639	BTN,10,S1,PRESSED,499407938,499407946                          
2026-10-06T20:26:40.708	TEL,119,S1,499472725,0,0,0,442,2930                            
2026-10-06T20:26:40.803	TEL,120,S1,499572725,0,0,0,442,2930                            
2026-10-06T20:26:40.908	TEL,121,S1,499672725,0,0,0,439,2930                            
2026-10-06T20:26:41.001	TEL,122,S1,499772725,0,0,0,442,2932                            
2026-10-06T20:26:41.104	TEL,123,S1,499872725,0,0,0,445,2932                            
2026-10-06T20:26:41.209	TEL,124,S1,499972725,0,0,0,442,2928                            
2026-10-06T20:26:41.304	TEL,125,S1,500072725,0,0,0,433,2928                            
2026-10-06T20:26:41.352	BTN,11,S1,PRESSED,500115944,500115951                          
2026-10-06T20:26:41.408	TEL,126,S1,500172725,0,0,0,433,2930                            
2026-10-06T20:26:41.503	TEL,127,S1,500272725,0,0,0,436,2930                            
2026-10-06T20:26:41.607	TEL,128,S1,500372725,0,0,0,436,2930                            
2026-10-06T20:26:41.713	TEL,129,S1,500472725,0,0,0,439,2930                            
2026-10-06T20:26:41.815	TEL,130,S1,500572725,0,0,0,439,2930                            
2026-10-06T20:26:41.908	TEL,131,S1,500672725,0,0,0,436,2930                            
2026-10-06T20:26:42.002	TEL,132,S1,500772725,0,0,0,436,2930                            
2026-10-06T20:26:42.113	TEL,133,S1,500872725,0,0,0,439,2930                            
2026-10-06T20:26:42.113	BTN,12,S1,PRESSED,500876949,500876957                          
2026-10-06T20:26:42.208	TEL,134,S1,500972725,0,0,0,439,2930                            
2026-10-06T20:26:42.303	TEL,135,S1,501072725,0,0,0,445,2930                            
2026-10-06T20:26:42.408	TEL,136,S1,501172725,0,0,0,442,2928                            
2026-10-06T20:26:42.502	TEL,137,S1,501272725,0,0,0,439,2928                            
2026-10-06T20:26:42.607	TEL,138,S1,501372725,0,0,0,442,2930                            
2026-10-06T20:26:42.707	TEL,139,S1,501472725,0,0,0,439,2930                            
2026-10-06T20:26:42.722	BTN,13,S1,PRESSED,501489955,501489962                          
2026-10-06T20:26:42.804	TEL,140,S1,501572725,0,0,0,445,2935                            
2026-10-06T20:26:42.908	TEL,141,S1,501672725,0,0,0,448,2935                            
2026-10-06T20:26:43.003	TEL,142,S1,501772725,0,0,0,442,2930                            
2026-10-06T20:26:43.107	TEL,143,S1,501872725,0,0,0,439,2930                            
2026-10-06T20:26:43.208	TEL,144,S1,501972725,0,0,0,439,2930                            
2026-10-06T20:26:43.303	TEL,145,S1,502072725,0,0,0,436,2930                            
2026-10-06T20:26:43.407	TEL,146,S1,502172725,0,0,0,436,2930                            
2026-10-06T20:26:43.433	BTN,14,S1,PRESSED,502197960,502197968                          
2026-10-06T20:26:43.507	TEL,147,S1,502272725,0,0,0,439,2930                            
2026-10-06T20:26:43.602	TEL,148,S1,502372725,0,0,0,439,2930                            
2026-10-06T20:26:43.708	TEL,149,S1,502472725,0,0,0,439,2930                            
2026-10-06T20:26:43.802	TEL,150,S1,502572725,0,0,0,439,2930                            
2026-10-06T20:26:43.907	TEL,151,S1,502672725,0,0,0,445,2930                            
2026-10-06T20:26:44.015	TEL,152,S1,502772725,0,0,0,445,2930                            
2026-10-06T20:26:44.015	BTN,15,S1,PRESSED,502782966,502782973                          
2026-10-06T20:26:44.106	TEL,153,S1,502872725,0,0,0,439,2930                            
2026-10-06T20:26:44.203	TEL,154,S1,502972725,0,0,0,439,2930                            
2026-10-06T20:26:44.305	TEL,155,S1,503072725,0,0,0,439,2930                            
2026-10-06T20:26:44.403	TEL,156,S1,503172725,0,0,0,442,2933                            
2026-10-06T20:26:44.501	TEL,157,S1,503272725,0,0,0,448,2933                            
2026-10-06T20:26:44.603	TEL,158,S1,503372725,0,0,0,445,2930                            
2026-10-06T20:26:44.708	TEL,159,S1,503472725,0,0,0,439,2930                            
2026-10-06T20:26:44.803	TEL,160,S1,503572725,0,0,0,439,2930                            
2026-10-06T20:26:44.873	BTN,16,S1,PRESSED,503637971,503637979                          
2026-10-06T20:26:44.905	TEL,161,S1,503672725,0,0,0,439,2930                            
2026-10-06T20:26:45.007	TEL,162,S1,503772725,0,0,0,439,2930                            
2026-10-06T20:26:45.103	TEL,163,S1,503872725,0,0,0,445,2930                            
2026-10-06T20:26:45.207	TEL,164,S1,503972725,0,0,0,445,2930                            
2026-10-06T20:26:45.303	TEL,165,S1,504072725,0,0,0,439,2930                            
2026-10-06T20:26:45.407	TEL,166,S1,504172725,0,0,0,436,2928                            
2026-10-06T20:26:45.501	TEL,167,S1,504272725,0,0,0,436,2928                            
2026-10-06T20:26:45.603	TEL,168,S1,504372725,0,0,0,436,2930                            
2026-10-06T20:26:45.708	TEL,169,S1,504472725,0,0,0,439,2930                            
2026-10-06T20:26:45.761	BTN,17,S1,PRESSED,504530977,504530984                          
2026-10-06T20:26:45.806	TEL,170,S1,504572725,0,0,0,439,2930                            
2026-10-06T20:26:45.903	TEL,171,S1,504672725,0,0,0,439,2930                            
2026-10-06T20:26:46.007	TEL,172,S1,504772725,0,0,0,439,2930                            
2026-10-06T20:26:46.101	TEL,173,S1,504872725,0,0,0,436,2930                            
2026-10-06T20:26:46.208	TEL,174,S1,504972725,0,0,0,436,2930                            
2026-10-06T20:26:46.303	TEL,175,S1,505072725,0,0,0,436,2930                            
2026-10-06T20:26:46.406	TEL,176,S1,505172725,0,0,0,436,2930                            
2026-10-06T20:26:46.505	TEL,177,S1,505272725,0,0,0,442,2930                            
2026-10-06T20:26:46.578	BTN,18,S1,PRESSED,505343982,505343989                          
2026-10-06T20:26:46.604	TEL,178,S1,505372725,0,0,0,442,2930                            
2026-10-06T20:26:46.703	TEL,179,S1,505472725,0,0,0,436,2930                            
2026-10-06T20:26:46.807	TEL,180,S1,505572725,0,0,0,436,2930                            
2026-10-06T20:26:46.901	TEL,181,S1,505672725,0,0,0,439,2930                            
2026-10-06T20:26:47.007	TEL,182,S1,505772725,0,0,0,439,2930                            
2026-10-06T20:26:47.102	TEL,183,S1,505872725,0,0,0,445,2930                            
2026-10-06T20:26:47.175	BTN,19,S1,PRESSED,505941988,505941995                          
2026-10-06T20:26:47.208	TEL,184,S1,505972725,0,0,0,445,2930                            
2026-10-06T20:26:47.303	TEL,185,S1,506072725,0,0,0,439,2930                            
2026-10-06T20:26:47.406	TEL,186,S1,506172725,0,0,0,439,2930                            
2026-10-06T20:26:47.501	TEL,187,S1,506272725,0,0,0,439,2930                            
2026-10-06T20:26:47.602	TEL,188,S1,506372725,0,0,0,439,2930                            
2026-10-06T20:26:47.707	TEL,189,S1,506472725,0,0,0,445,2930                            
2026-10-06T20:26:47.739	BTN,20,S1,PRESSED,506507993,506508000                          
2026-10-06T20:26:47.802	TEL,190,S1,506572725,0,0,0,451,2935                            
2026-10-06T20:26:47.907	TEL,191,S1,506672725,0,0,0,445,2935                            
2026-10-06T20:26:48.007	TEL,192,S1,506772725,0,0,0,439,2930                            
2026-10-06T20:26:48.101	TEL,193,S1,506872725,0,0,0,436,2930                            
2026-10-06T20:26:48.208	TEL,194,S1,506972725,0,0,0,436,2930                            
2026-10-06T20:26:48.302	TEL,195,S1,507072725,0,0,0,436,2930                            
2026-10-06T20:26:48.406	TEL,196,S1,507172725,0,0,0,436,2930                            
2026-10-06T20:26:48.487	BTN,21,S1,PRESSED,507251999,507252006                          
2026-10-06T20:26:48.502	TEL,197,S1,507272725,0,0,0,439,2930                            
2026-10-06T20:26:48.601	TEL,198,S1,507372725,0,0,0,439,2930                            
2026-10-06T20:26:48.707	TEL,199,S1,507472725,0,0,0,445,2930                            
2026-10-06T20:26:48.803	TEL,200,S1,507572725,0,0,0,445,2932                            
2026-10-06T20:26:48.906	TEL,201,S1,507672725,0,0,0,442,2932                            
2026-10-06T20:26:49.007	TEL,202,S1,507772725,0,0,0,439,2930                            
2026-10-06T20:26:49.101	TEL,203,S1,507872725,0,0,0,442,2930                            
2026-10-06T20:26:49.207	TEL,204,S1,507972725,0,0,0,442,2930                            
2026-10-06T20:26:49.261	BTN,22,S1,PRESSED,508033004,508033011                          
2026-10-06T20:26:49.303	TEL,205,S1,508072725,0,0,0,442,2930                            
2026-10-06T20:26:49.403	TEL,206,S1,508172725,0,0,0,442,2930                            
2026-10-06T20:26:49.503	TEL,207,S1,508272725,0,0,0,439,2930                            
2026-10-06T20:26:49.601	TEL,208,S1,508372725,0,0,0,439,2930                            
2026-10-06T20:26:49.706	TEL,209,S1,508472725,0,0,0,439,2930                            
2026-10-06T20:26:49.807	TEL,210,S1,508572725,0,0,0,439,2930                            
2026-10-06T20:26:49.866	BTN,23,S1,PRESSED,508632010,508632017                          
2026-10-06T20:26:49.906	TEL,211,S1,508672725,0,0,0,439,2930                            
2026-10-06T20:26:50.001	TEL,212,S1,508772725,0,0,0,439,2930                            
2026-10-06T20:26:50.105	TEL,213,S1,508872725,0,0,0,439,2930                            
2026-10-06T20:26:50.203	TEL,214,S1,508972725,0,0,0,439,2930                            
2026-10-06T20:26:50.301	TEL,215,S1,509072725,0,0,0,439,2930                            
2026-10-06T20:26:50.402	TEL,216,S1,509172725,0,0,0,439,2930                            
2026-10-06T20:26:50.501	TEL,217,S1,509272725,0,0,0,442,2930                            
2026-10-06T20:26:50.610	TEL,218,S1,509372725,0,0,0,442,2930                            
2026-10-06T20:26:50.610	BTN,24,S1,PRESSED,509380015,509380022                          
2026-10-06T20:26:50.705	TEL,219,S1,509472725,0,0,0,439,2930                            
2026-10-06T20:26:50.807	TEL,220,S1,509572725,0,0,0,439,2930                            
2026-10-06T20:26:50.903	TEL,221,S1,509672725,0,0,0,439,2930                            
2026-10-06T20:26:51.007	TEL,222,S1,509772725,0,0,0,439,2930                            
2026-10-06T20:26:51.101	TEL,223,S1,509872725,0,0,0,439,2930                            
2026-10-06T20:26:51.206	TEL,224,S1,509972725,0,0,0,439,2930                            
2026-10-06T20:26:51.285	BTN,25,S1,PRESSED,510051021,510051028                          
2026-10-06T20:26:51.302	TEL,225,S1,510072725,0,0,0,439,2930                            
2026-10-06T20:26:51.403	TEL,226,S1,510172725,0,0,0,439,2930                            
2026-10-06T20:26:51.507	TEL,227,S1,510272725,0,0,0,436,2930                            
2026-10-06T20:26:51.601	TEL,228,S1,510372725,0,0,0,436,2930                            
2026-10-06T20:26:51.707	TEL,229,S1,510472725,0,0,0,445,2930                            
2026-10-06T20:26:51.806	TEL,230,S1,510572725,0,0,0,445,2930                            
2026-10-06T20:26:51.903	TEL,231,S1,510672725,0,0,0,442,2930                            
2026-10-06T20:26:51.962	BTN,26,S1,PRESSED,510728026,510728033                          
2026-10-06T20:26:52.007	TEL,232,S1,510772725,0,0,0,442,2930                            
2026-10-06T20:26:52.101	TEL,233,S1,510872725,0,0,0,451,2930                            
2026-10-06T20:26:52.207	TEL,234,S1,510972725,0,0,0,451,2930                            
2026-10-06T20:26:52.301	TEL,235,S1,511072725,0,0,0,430,2930                            
2026-10-06T20:26:52.403	TEL,236,S1,511172725,0,0,0,430,2930                            
2026-10-06T20:26:52.501	TEL,237,S1,511272725,0,0,0,439,2930                            
2026-10-06T20:26:52.601	TEL,238,S1,511372725,0,0,0,439,2930                            
2026-10-06T20:26:52.709	TEL,239,S1,511472725,0,0,0,442,2930                            
2026-10-06T20:26:52.807	TEL,240,S1,511572725,0,0,0,442,2930                            
2026-10-06T20:26:52.838	BTN,27,S1,PRESSED,511605031,511605039                          
2026-10-06T20:26:52.903	TEL,241,S1,511672725,0,0,0,433,2930                            
2026-10-06T20:26:53.005	TEL,242,S1,511772725,0,0,0,433,2930                            
2026-10-06T20:26:53.103	TEL,243,S1,511872725,0,0,0,445,2930                            
2026-10-06T20:26:53.207	TEL,244,S1,511972725,0,0,0,445,2930                            
2026-10-06T20:26:53.307	TEL,245,S1,512072725,0,0,0,436,2930                            
2026-10-06T20:26:53.403	TEL,246,S1,512172725,0,0,0,436,2930                            
2026-10-06T20:26:53.502	TEL,247,S1,512272725,0,0,0,439,2930                            
2026-10-06T20:26:53.603	TEL,248,S1,512372725,0,0,0,439,2930                            
2026-10-06T20:26:53.706	BTN,28,S1,PRESSED,512461037,512461044                          
2026-10-06T20:26:53.706	TEL,249,S1,512472725,0,0,0,436,2930                            
2026-10-06T20:26:53.806	TEL,250,S1,512572725,0,0,0,436,2930                            
2026-10-06T20:26:53.903	TEL,251,S1,512672725,0,0,0,439,2930                            
2026-10-06T20:26:54.001	TEL,252,S1,512772725,0,0,0,436,2928                            
2026-10-06T20:26:54.101	TEL,253,S1,512872725,0,0,0,442,2928                            
2026-10-06T20:26:54.207	TEL,254,S1,512972725,0,0,0,445,2930                            
2026-10-06T20:26:54.301	TEL,255,S1,513072725,0,0,0,439,2930                            
2026-10-06T20:26:54.403	TEL,256,S1,513172725,0,0,0,439,2930                            
2026-10-06T20:26:54.512	TEL,257,S1,513272725,0,0,0,439,2930                            
2026-10-06T20:26:54.512	BTN,29,S1,PRESSED,513277042,513277050                          
2026-10-06T20:26:54.605	TEL,258,S1,513372725,0,0,0,439,2930                            
2026-10-06T20:26:54.702	TEL,259,S1,513472725,0,0,0,442,2930                            
2026-10-06T20:26:54.807	TEL,260,S1,513572725,0,0,0,442,2930                            
2026-10-06T20:26:54.902	TEL,261,S1,513672725,0,0,0,436,2930                            
2026-10-06T20:26:55.001	TEL,262,S1,513772725,0,0,0,436,2930                            
2026-10-06T20:26:55.049	BTN,30,S1,PRESSED,513817048,513817055                          
2026-10-06T20:26:55.105	TEL,263,S1,513872725,0,0,0,436,2930                            
2026-10-06T20:26:55.202	TEL,264,S1,513972725,0,0,0,439,2932                            
2026-10-06T20:26:55.303	TEL,265,S1,514072725,0,0,0,442,2932                            
2026-10-06T20:26:55.402	TEL,266,S1,514172725,0,0,0,442,2932                            
2026-10-06T20:26:55.508	TEL,267,S1,514272725,0,0,0,439,2932                            
2026-10-06T20:26:55.602	TEL,268,S1,514372725,0,0,0,436,2930                            
2026-10-06T20:26:55.620	BTN,31,S1,PRESSED,514389053,514389061                          
2026-10-06T20:26:55.706	TEL,269,S1,514472725,0,0,0,436,2930                            
2026-10-06T20:26:55.807	TEL,270,S1,514572725,0,0,0,439,2932                            
2026-10-06T20:26:55.901	TEL,271,S1,514672725,0,0,0,439,2932                            
2026-10-06T20:26:56.007	TEL,272,S1,514772725,0,0,0,436,2930                            
2026-10-06T20:26:56.102	TEL,273,S1,514872725,0,0,0,436,2930                            
2026-10-06T20:26:56.207	TEL,274,S1,514972725,0,0,0,436,2930                            
2026-10-06T20:26:56.303	TEL,275,S1,515072725,0,0,0,439,2930                            
2026-10-06T20:26:56.355	BTN,32,S1,PRESSED,515126059,515126066                          
2026-10-06T20:26:56.406	TEL,276,S1,515172725,0,0,0,442,2933                            
2026-10-06T20:26:56.502	TEL,277,S1,515272725,0,0,0,442,2933                            
2026-10-06T20:26:56.604	TEL,278,S1,515372725,0,0,0,439,2930                            
2026-10-06T20:26:56.701	TEL,279,S1,515472725,0,0,0,439,2930                            
2026-10-06T20:26:56.806	TEL,280,S1,515572725,0,0,0,439,2930                            
2026-10-06T20:26:56.902	TEL,281,S1,515672725,0,0,0,436,2930                            
2026-10-06T20:26:57.001	TEL,282,S1,515772725,0,0,0,436,2930                            
2026-10-06T20:26:57.102	TEL,283,S1,515872725,0,0,0,436,2930                            
2026-10-06T20:26:57.207	TEL,284,S1,515972725,0,0,0,436,2930                            
2026-10-06T20:26:57.253	BTN,33,S1,PRESSED,516024064,516024072                          
2026-10-06T20:26:57.306	TEL,285,S1,516072725,0,0,0,439,2930                            
2026-10-06T20:26:57.402	TEL,286,S1,516172725,0,0,0,439,2930                            
2026-10-06T20:26:57.506	TEL,287,S1,516272725,0,0,0,436,2930                            
2026-10-06T20:26:57.603	TEL,288,S1,516372725,0,0,0,436,2930                            
2026-10-06T20:26:57.707	TEL,289,S1,516472725,0,0,0,433,2930                            
2026-10-06T20:26:57.804	TEL,290,S1,516572725,0,0,0,433,2930                            
2026-10-06T20:26:57.902	TEL,291,S1,516672725,0,0,0,445,2930                            
2026-10-06T20:26:57.962	BTN,34,S1,PRESSED,516729070,516729077                          
2026-10-06T20:26:58.001	TEL,292,S1,516772725,0,0,0,445,2930                            
2026-10-06T20:26:58.105	TEL,293,S1,516872725,0,0,0,445,2930                            
2026-10-06T20:26:58.202	TEL,294,S1,516972725,0,0,0,445,2930                            
2026-10-06T20:26:58.306	TEL,295,S1,517072725,0,0,0,436,2930                            
2026-10-06T20:26:58.403	TEL,296,S1,517172725,0,0,0,439,2932                            
2026-10-06T20:26:58.504	TEL,297,S1,517272725,0,0,0,442,2932                            
2026-10-06T20:26:58.605	TEL,298,S1,517372725,0,0,0,448,2935                            
2026-10-06T20:26:58.659	BTN,35,S1,PRESSED,517426075,517426083                          
2026-10-06T20:26:58.706	TEL,299,S1,517472725,0,0,0,445,2935                            
2026-10-06T20:26:58.807	TEL,300,S1,517572725,0,0,0,442,2933                            
2026-10-06T20:26:58.901	TEL,301,S1,517672725,0,0,0,448,2933                            
2026-10-06T20:26:59.001	TEL,302,S1,517772725,0,0,0,445,2930                            
2026-10-06T20:26:59.104	TEL,303,S1,517872725,0,0,0,436,2930                            
2026-10-06T20:26:59.205	BTN,36,S1,PRESSED,517965081,517965088                          
2026-10-06T20:26:59.206	TEL,304,S1,517972725,0,0,0,436,2930                            
2026-10-06T20:26:59.303	TEL,305,S1,518072725,0,0,0,428,2930                            
2026-10-06T20:26:59.401	TEL,306,S1,518172725,0,0,0,428,2930                            
2026-10-06T20:26:59.501	TEL,307,S1,518272725,0,0,0,442,2930                            
2026-10-06T20:26:59.601	TEL,308,S1,518372725,0,0,0,442,2932                            
2026-10-06T20:26:59.705	TEL,309,S1,518472725,0,0,0,448,2932                            
2026-10-06T20:26:59.760	BTN,37,S1,PRESSED,518527086,518527094                          
2026-10-06T20:26:59.806	TEL,310,S1,518572725,0,0,0,448,2930                            
2026-10-06T20:26:59.901	TEL,311,S1,518672725,0,0,0,439,2930                            
2026-10-06T20:27:00.001	TEL,312,S1,518772725,0,0,0,436,2928                            
2026-10-06T20:27:00.101	TEL,313,S1,518872725,0,0,0,436,2928                            
2026-10-06T20:27:00.205	TEL,314,S1,518972725,0,0,0,439,2930                            
2026-10-06T20:27:00.302	TEL,315,S1,519072725,0,0,0,439,2930                            
2026-10-06T20:27:00.401	TEL,316,S1,519172725,0,0,0,439,2930                            
2026-10-06T20:27:00.505	TEL,317,S1,519272725,0,0,0,436,2930                            
2026-10-06T20:27:00.606	BTN,38,S1,PRESSED,519358092,519358099                          
2026-10-06T20:27:00.606	TEL,318,S1,519372725,0,0,0,442,2935                            
2026-10-06T20:27:00.702	TEL,319,S1,519472725,0,0,0,442,2935                            
2026-10-06T20:27:00.806	TEL,320,S1,519572725,0,0,0,442,2935                            
2026-10-06T20:27:00.901	TEL,321,S1,519672725,0,0,0,442,2935                            
2026-10-06T20:27:01.002	TEL,322,S1,519772725,0,0,0,436,2930                            
2026-10-06T20:27:01.102	TEL,323,S1,519872725,0,0,0,439,2930                            
2026-10-06T20:27:01.205	TEL,324,S1,519972725,0,0,0,439,2930                            
2026-10-06T20:27:01.285	BTN,39,S1,PRESSED,520052097,520052104                          
2026-10-06T20:27:01.306	TEL,325,S1,520072725,0,0,0,445,2930                            
2026-10-06T20:27:01.401	TEL,326,S1,520172725,0,0,0,445,2930                            
2026-10-06T20:27:01.502	TEL,327,S1,520272725,0,0,0,448,2930                            
2026-10-06T20:27:01.601	TEL,328,S1,520372725,0,0,0,448,2930                            
2026-10-06T20:27:01.705	TEL,329,S1,520472725,0,0,0,436,2930                            
2026-10-06T20:27:01.806	TEL,330,S1,520572725,0,0,0,436,2930                            
2026-10-06T20:27:01.905	BTN,40,S1,PRESSED,520661103,520661110                          
2026-10-06T20:27:01.905	TEL,331,S1,520672725,0,0,0,439,2930                            
2026-10-06T20:27:02.001	TEL,332,S1,520772725,0,0,0,439,2930                            
2026-10-06T20:27:02.104	TEL,333,S1,520872725,0,0,0,442,2930                            
2026-10-06T20:27:02.202	TEL,334,S1,520972725,0,0,0,442,2932                            
2026-10-06T20:27:02.306	TEL,335,S1,521072725,0,0,0,442,2932                            
2026-10-06T20:27:02.401	TEL,336,S1,521172725,0,0,0,439,2930                            
2026-10-06T20:27:02.501	TEL,337,S1,521272725,0,0,0,436,2930                            
2026-10-06T20:27:02.601	TEL,338,S1,521372725,0,0,0,436,2930                            
2026-10-06T20:27:02.682	BTN,41,S1,PRESSED,521451108,521451115                          
2026-10-06T20:27:02.706	TEL,339,S1,521472725,0,0,0,436,2930                            
2026-10-06T20:27:02.806	TEL,340,S1,521572725,0,0,0,436,2930                            
2026-10-06T20:27:02.901	TEL,341,S1,521672725,0,0,0,439,2930                            
2026-10-06T20:27:03.006	TEL,342,S1,521772725,0,0,0,439,2930                            
2026-10-06T20:27:03.101	TEL,343,S1,521872725,0,0,0,439,2930                            
2026-10-06T20:27:03.205	TEL,344,S1,521972725,0,0,0,442,2932                            
2026-10-06T20:27:03.306	TEL,345,S1,522072725,0,0,0,442,2932                            
2026-10-06T20:27:03.351	BTN,42,S1,PRESSED,522123114,522123121                          
2026-10-06T20:27:03.401	TEL,346,S1,522172725,0,0,0,442,2930                            
2026-10-06T20:27:03.507	TEL,347,S1,522272725,0,0,0,439,2930                            
2026-10-06T20:27:03.601	TEL,348,S1,522372725,0,0,0,439,2930                            
2026-10-06T20:27:03.706	TEL,349,S1,522472725,0,0,0,439,2930                            
2026-10-06T20:27:03.801	TEL,350,S1,522572725,0,0,0,439,2930                            
2026-10-06T20:27:03.903	BTN,43,S1,PRESSED,522659119,522659126                          
2026-10-06T20:27:03.903	TEL,351,S1,522672725,0,0,0,439,2930                            
2026-10-06T20:27:04.001	TEL,352,S1,522772725,0,0,0,439,2930                            
2026-10-06T20:27:04.102	TEL,353,S1,522872725,0,0,0,439,2930                            
2026-10-06T20:27:04.202	TEL,354,S1,522972725,0,0,0,442,2932                            
2026-10-06T20:27:04.301	TEL,355,S1,523072725,0,0,0,445,2932                            
2026-10-06T20:27:04.402	TEL,356,S1,523172725,0,0,0,451,2937                            
2026-10-06T20:27:04.506	TEL,357,S1,523272725,0,0,0,442,2937                            
2026-10-06T20:27:04.601	TEL,358,S1,523372725,0,0,0,436,2930                            
2026-10-06T20:27:04.701	TEL,359,S1,523472725,0,0,0,439,2930                            
2026-10-06T20:27:04.723	BTN,44,S1,PRESSED,523494125,523494132                          
2026-10-06T20:27:04.806	TEL,360,S1,523572725,0,0,0,439,2930                            
2026-10-06T20:27:04.901	TEL,361,S1,523672725,0,0,0,436,2930                            
2026-10-06T20:27:05.006	TEL,362,S1,523772725,0,0,0,439,2933                            
2026-10-06T20:27:05.107	TEL,363,S1,523872725,0,0,0,445,2933                            
2026-10-06T20:27:05.202	TEL,364,S1,523972725,0,0,0,442,2930                            
2026-10-06T20:27:05.233	BTN,45,S1,PRESSED,524003130,524003137                          
2026-10-06T20:27:05.307	TEL,365,S1,524072725,0,0,0,439,2930                            
2026-10-06T20:27:05.401	TEL,366,S1,524172725,0,0,0,439,2930                            
2026-10-06T20:27:05.506	TEL,367,S1,524272725,0,0,0,442,2930                            
2026-10-06T20:27:05.601	TEL,368,S1,524372725,0,0,0,448,2935                            
2026-10-06T20:27:05.702	TEL,369,S1,524472725,0,0,0,442,2935                            
2026-10-06T20:27:05.807	TEL,370,S1,524572725,0,0,0,436,2930                            
2026-10-06T20:27:05.901	TEL,371,S1,524672725,0,0,0,439,2930                            
2026-10-06T20:27:06.007	BTN,46,S1,PRESSED,524769136,524769143                          
2026-10-06T20:27:06.007	TEL,372,S1,524772725,0,0,0,439,2930                            
2026-10-06T20:27:06.102	TEL,373,S1,524872725,0,0,0,439,2930                            
2026-10-06T20:27:06.205	TEL,374,S1,524972725,0,0,0,442,2932                            
2026-10-06T20:27:06.301	TEL,375,S1,525072725,0,0,0,442,2932                            
2026-10-06T20:27:06.406	TEL,376,S1,525172725,0,0,0,442,2932                            
2026-10-06T20:27:06.502	TEL,377,S1,525272725,0,0,0,442,2932                            
2026-10-06T20:27:06.601	TEL,378,S1,525372725,0,0,0,439,2930                            
2026-10-06T20:27:06.702	TEL,379,S1,525472725,0,0,0,445,2930                            
2026-10-06T20:27:06.811	TEL,380,S1,525572725,0,0,0,448,2933                            
2026-10-06T20:27:06.811	BTN,47,S1,PRESSED,525574141,525574148                          
2026-10-06T20:27:06.906	TEL,381,S1,525672725,0,0,0,448,2933                            
2026-10-06T20:27:07.002	TEL,382,S1,525772725,0,0,0,445,2930                            
2026-10-06T20:27:07.105	TEL,383,S1,525872725,0,0,0,442,2930                            
2026-10-06T20:27:07.202	TEL,384,S1,525972725,0,0,0,442,2930                            
2026-10-06T20:27:07.302	TEL,385,S1,526072725,0,0,0,442,2930                            
2026-10-06T20:27:07.384	BTN,48,S1,PRESSED,526152146,526152154                          
2026-10-06T20:27:07.406	TEL,386,S1,526172725,0,0,0,442,2930                            
2026-10-06T20:27:07.501	TEL,387,S1,526272725,0,0,0,439,2930                            
2026-10-06T20:27:07.602	TEL,388,S1,526372725,0,0,0,439,2930                            
2026-10-06T20:27:07.702	TEL,389,S1,526472725,0,0,0,442,2930                            
2026-10-06T20:27:07.801	TEL,390,S1,526572725,0,0,0,442,2932                            
2026-10-06T20:27:07.906	TEL,391,S1,526672725,0,0,0,442,2932                            
2026-10-06T20:27:08.002	TEL,392,S1,526772725,0,0,0,442,2933                            
2026-10-06T20:27:08.106	TEL,393,S1,526872725,0,0,0,448,2933                            
2026-10-06T20:27:08.202	TEL,394,S1,526972725,0,0,0,445,2930                            
2026-10-06T20:27:08.271	BTN,49,S1,PRESSED,527040152,527040159                          
2026-10-06T20:27:08.301	TEL,395,S1,527072725,0,0,0,439,2930                            
2026-10-06T20:27:08.402	TEL,396,S1,527172725,0,0,0,439,2930                            
2026-10-06T20:27:08.501	TEL,397,S1,527272725,0,0,0,439,2930                            
2026-10-06T20:27:08.601	TEL,398,S1,527372725,0,0,0,439,2930                            
2026-10-06T20:27:08.702	TEL,399,S1,527472725,0,0,0,442,2930                            
2026-10-06T20:27:08.803	TEL,400,S1,527572725,0,0,0,445,2933                            
2026-10-06T20:27:08.906	TEL,401,S1,527672725,0,0,0,445,2933                            
2026-10-06T20:27:09.001	TEL,402,S1,527772725,0,0,0,442,2930                            
2026-10-06T20:27:09.419	TEL,403,S1,527872725,0,0,0,436,2930                            
2026-10-06T20:27:09.419	BTN,50,S1,PRESSED,527874157,527874165                          
2026-10-06T20:27:09.419	ACK,STOP,S1
2026-10-06T20:27:09.419	LOG,S1,1,493129889,493129896,493129906,493129925,493135482,ok
2026-10-06T20:27:09.419	LOG,S1,2,493913895,493913902,493913911,493913931,493919486,ok
2026-10-06T20:27:09.419	LOG,S1,3,494646900,494646907,494646917,494646936,494652487,ok
2026-10-06T20:27:09.419	LOG,S1,4,495385906,495385913,495385922,495385942,495391494,ok
2026-10-06T20:27:09.419	LOG,S1,5,496083911,496083918,496083928,496083947,496089498,ok
2026-10-06T20:27:09.419	LOG,S1,6,496604917,496604924,496604933,496604953,496610504,ok
2026-10-06T20:27:09.419	LOG,S1,7,497410922,497410929,497410939,497410958,497416512,ok
2026-10-06T20:27:09.419	LOG,S1,8,498011927,498011935,498011944,498011964,498017520,ok
2026-10-06T20:27:09.419	LOG,S1,9,498572933,498572940,498572949,498578316,498583869,ok
2026-10-06T20:27:09.419	LOG,S1,10,499407938,499407946,499407955,499407975,499413529,ok
2026-10-06T20:27:09.419	LOG,S1,11,500115944,500115951,500115960,500115980,500121535,ok
2026-10-06T20:27:09.419	LOG,S1,12,500876949,500876957,500876966,500878319,500883872,ok
2026-10-06T20:27:09.419	LOG,S1,13,501489955,501489962,501489971,501489991,501495548,ok
2026-10-06T20:27:09.419	LOG,S1,14,502197960,502197968,502197977,502197997,502203546,ok
2026-10-06T20:27:09.419	LOG,S1,15,502782966,502782973,502782982,502783002,502788554,ok
2026-10-06T20:27:09.419	LOG,S1,16,503637971,503637979,503637988,503638008,503643564,ok
2026-10-06T20:27:09.419	LOG,S1,17,504530977,504530984,504530993,504531013,504536569,ok
2026-10-06T20:27:09.419	LOG,S1,18,505343982,505343989,505343999,505344019,505349572,ok
2026-10-06T20:27:09.419	LOG,S1,19,505941988,505941995,505942004,505942024,505947580,ok
2026-10-06T20:27:09.419	LOG,S1,20,506507993,506508000,506508010,506508030,506513583,ok
2026-10-06T20:27:09.419	LOG,S1,21,507251999,507252006,507252015,507252035,507257590,ok
2026-10-06T20:27:09.419	LOG,S1,22,508033004,508033011,508033021,508033040,508038596,ok
2026-10-06T20:27:09.419	LOG,S1,23,508632010,508632017,508632026,508632046,508637601,ok
2026-10-06T20:27:09.419	LOG,S1,24,509380015,509380022,509380032,509380051,509385604,ok
2026-10-06T20:27:09.419	LOG,S1,25,510051021,510051028,510051037,510051057,510056612,ok
2026-10-06T20:27:09.419	LOG,S1,26,510728026,510728033,510728043,510728062,510733617,ok
2026-10-06T20:27:09.419	LOG,S1,27,511605031,511605039,511605048,511605068,511610623,ok
2026-10-06T20:27:09.419	LOG,S1,28,512461037,512461044,512461054,512461073,512466630,ok
2026-10-06T20:27:09.419	LOG,S1,29,513277042,513277050,513277059,513278317,513283870,ok
2026-10-06T20:27:09.419	LOG,S1,30,513817048,513817055,513817065,513817084,513822634,ok
2026-10-06T20:27:09.419	LOG,S1,31,514389053,514389061,514389070,514389090,514394642,ok
2026-10-06T20:27:09.419	LOG,S1,32,515126059,515126066,515126075,515126095,515131647,ok
2026-10-06T20:27:09.419	LOG,S1,33,516024064,516024072,516024081,516024101,516029652,ok
2026-10-06T20:27:09.419	LOG,S1,34,516729070,516729077,516729086,516729106,516734660,ok
2026-10-06T20:27:09.419	LOG,S1,35,517426075,517426083,517426092,517426112,517431668,ok
2026-10-06T20:27:09.419	LOG,S1,36,517965081,517965088,517965097,517965117,517970674,ok
2026-10-06T20:27:09.419	LOG,S1,37,518527086,518527094,518527103,518527123,518532672,ok
2026-10-06T20:27:09.419	LOG,S1,38,519358092,519358099,519358108,519358128,519363684,ok
2026-10-06T20:27:09.419	LOG,S1,39,520052097,520052104,520052114,520052134,520057685,ok
2026-10-06T20:27:09.419	LOG,S1,40,520661103,520661110,520661119,520661139,520666692,ok
2026-10-06T20:27:09.419	LOG,S1,41,521451108,521451115,521451125,521451145,521456702,ok
2026-10-06T20:27:09.419	LOG,S1,42,522123114,522123121,522123130,522123150,522128706,ok
2026-10-06T20:27:09.419	LOG,S1,43,522659119,522659126,522659136,522659155,522664705,ok
2026-10-06T20:27:09.419	LOG,S1,44,523494125,523494132,523494141,523494161,523499712,ok
2026-10-06T20:27:09.419	LOG,S1,45,524003130,524003137,524003147,524003166,524008723,ok
2026-10-06T20:27:09.419	LOG,S1,46,524769136,524769143,524769152,524769172,524774726,ok
2026-10-06T20:27:09.419	LOG,S1,47,525574141,525574148,525574158,525578319,525583872,ok
2026-10-06T20:27:09.419	LOG,S1,48,526152146,526152154,526152163,526152183,526157736,ok
2026-10-06T20:27:09.419	LOG,S1,49,527040152,527040159,527040169,527040188,527045740,ok
2026-10-06T20:27:09.419	LOG,S1,50,527874157,527874165,527874174,527878317,527883867,ok
2026-10-06T20:27:09.419	CNT,accepted,50
2026-10-06T20:27:09.419	CNT,logged,50
2026-10-06T20:27:09.419	CNT,bounce_rejected,0
2026-10-06T20:27:09.419	CNT,ignored,0
2026-10-06T20:27:09.419	CNT,btn_q_drop,0
2026-10-06T20:27:09.419	CNT,btn_tx_drop,0
2026-10-06T20:27:09.419	CNT,tel_sent,403
2026-10-06T20:27:09.419	CNT,tel_tx_drop,0
2026-10-06T20:27:09.419	CNT,tx_error,0
2026-10-06T20:27:09.419	CNT,tx_timeout,0
2026-10-06T20:27:09.419	CNT,log_overflow,0
2026-10-06T20:27:09.419	CNT,fmt_error,0
2026-10-06T20:27:09.419	CNT,tel_period_min_us,99855
2026-10-06T20:27:09.419	CNT,tel_period_max_us,100000
2026-10-06T20:27:09.419	CNT,work_min_us,0
2026-10-06T20:27:09.419	CNT,work_max_us,0
2026-10-06T20:27:09.419	CNT,hwm_telemetry_w,187
2026-10-06T20:27:09.419	CNT,hwm_uarttx_w,265
2026-10-06T20:27:09.419	CNT,heap_free_min_b,17512
2026-10-06T20:27:09.419	INF,variant,B
2026-10-06T20:27:09.419	INF,source,INJ
2026-10-06T20:27:09.419	INF,events,50
2026-10-06T20:27:09.419	END,DUMP,S1
