# pc_rx_time yaln?zca bilgi ama?l?d?r; gecikme hesab?nda KULLANILMAZ.
2026-10-06T20:29:54.687	ACK,START,S0,C,INJ,50
2026-10-06T20:30:00.153	BTN,1,S0,PRESSED,698937863,698937871                           
2026-10-06T20:30:01.003	BTN,2,S0,PRESSED,699782869,699782876                           
2026-10-06T20:30:01.607	BTN,3,S0,PRESSED,700390874,700390882                           
2026-10-06T20:30:02.155	BTN,4,S0,PRESSED,700937880,700937887                           
2026-10-06T20:30:02.827	BTN,5,S0,PRESSED,701609885,701609893                           
2026-10-06T20:30:03.442	BTN,6,S0,PRESSED,702223891,702223898                           
2026-10-06T20:30:04.063	BTN,7,S0,PRESSED,702842896,702842904                           
2026-10-06T20:30:04.709	BTN,8,S0,PRESSED,703489902,703489909                           
2026-10-06T20:30:05.258	BTN,9,S0,PRESSED,704039907,704039914                           
2026-10-06T20:30:06.008	BTN,10,S0,PRESSED,704789913,704789920                          
2026-10-06T20:30:06.758	BTN,11,S0,PRESSED,705540918,705540925                          
2026-10-06T20:30:07.549	BTN,12,S0,PRESSED,706328924,706328931                          
2026-10-06T20:30:08.182	BTN,13,S0,PRESSED,706961929,706961936                          
2026-10-06T20:30:08.962	BTN,14,S0,PRESSED,707742935,707742942                          
2026-10-06T20:30:09.855	BTN,15,S0,PRESSED,708637940,708637947                          
2026-10-06T20:30:10.620	BTN,16,S0,PRESSED,709400946,709400953                          
2026-10-06T20:30:11.204	BTN,17,S0,PRESSED,709984951,709984958                          
2026-10-06T20:30:12.062	BTN,18,S0,PRESSED,710841956,710841964                          
2026-10-06T20:30:12.786	BTN,19,S0,PRESSED,711565962,711565969                          
2026-10-06T20:30:13.383	BTN,20,S0,PRESSED,712163967,712163975                          
2026-10-06T20:30:14.228	BTN,21,S0,PRESSED,713012973,713012980                          
2026-10-06T20:30:14.912	BTN,22,S0,PRESSED,713693978,713693986                          
2026-10-06T20:30:15.415	BTN,23,S0,PRESSED,714195984,714195991                          
2026-10-06T20:30:16.250	BTN,24,S0,PRESSED,715030989,715030997                          
2026-10-06T20:30:16.791	BTN,25,S0,PRESSED,715570995,715571002                          
2026-10-06T20:30:17.380	BTN,26,S0,PRESSED,716164000,716164008                          
2026-10-06T20:30:18.087	BTN,27,S0,PRESSED,716868006,716868013                          
2026-10-06T20:30:18.738	BTN,28,S0,PRESSED,717521011,717521019                          
2026-10-06T20:30:19.500	BTN,29,S0,PRESSED,718282017,718282024                          
2026-10-06T20:30:20.127	BTN,30,S0,PRESSED,718908022,718908029                          
2026-10-06T20:30:20.636	BTN,31,S0,PRESSED,719418028,719418035                          
2026-10-06T20:30:21.533	BTN,32,S0,PRESSED,720317033,720317040                          
2026-10-06T20:30:22.062	BTN,33,S0,PRESSED,720843039,720843046                          
2026-10-06T20:30:22.954	BTN,34,S0,PRESSED,721737044,721737051                          
2026-10-06T20:30:23.844	BTN,35,S0,PRESSED,722629050,722629057                          
2026-10-06T20:30:24.593	BTN,36,S0,PRESSED,723377055,723377062                          
2026-10-06T20:30:25.432	BTN,37,S0,PRESSED,724214061,724214068                          
2026-10-06T20:30:26.126	BTN,38,S0,PRESSED,724908066,724908073                          
2026-10-06T20:30:26.884	BTN,39,S0,PRESSED,725666071,725666079                          
2026-10-06T20:30:27.458	BTN,40,S0,PRESSED,726242077,726242084                          
2026-10-06T20:30:28.234	BTN,41,S0,PRESSED,727016082,727016090                          
2026-10-06T20:30:29.098	BTN,42,S0,PRESSED,727882088,727882095                          
2026-10-06T20:30:29.662	BTN,43,S0,PRESSED,728445093,728445101                          
2026-10-06T20:30:30.237	BTN,44,S0,PRESSED,729022099,729022106                          
2026-10-06T20:30:31.023	BTN,45,S0,PRESSED,729808104,729808112                          
2026-10-06T20:30:31.662	BTN,46,S0,PRESSED,730444110,730444117                          
2026-10-06T20:30:32.441	BTN,47,S0,PRESSED,731229115,731229123                          
2026-10-06T20:30:32.974	BTN,48,S0,PRESSED,731760121,731760128                          
2026-10-06T20:30:33.592	BTN,49,S0,PRESSED,732379126,732379134                          
2026-10-06T20:30:34.678	BTN,50,S0,PRESSED,733153132,733153139                          
2026-10-06T20:30:34.678	ACK,STOP,S0
2026-10-06T20:30:34.678	LOG,S0,1,698937863,698937871,698937880,698937900,698943457,ok
2026-10-06T20:30:34.678	LOG,S0,2,699782869,699782876,699782885,699782905,699788457,ok
2026-10-06T20:30:34.678	LOG,S0,3,700390874,700390882,700390891,700390911,700396467,ok
2026-10-06T20:30:34.678	LOG,S0,4,700937880,700937887,700937896,700937916,700943472,ok
2026-10-06T20:30:34.678	LOG,S0,5,701609885,701609893,701609902,701609922,701615477,ok
2026-10-06T20:30:34.678	LOG,S0,6,702223891,702223898,702223907,702223927,702229484,ok
2026-10-06T20:30:34.678	LOG,S0,7,702842896,702842904,702842913,702842933,702848484,ok
2026-10-06T20:30:34.678	LOG,S0,8,703489902,703489909,703489918,703489938,703495494,ok
2026-10-06T20:30:34.678	LOG,S0,9,704039907,704039914,704039924,704039943,704045498,ok
2026-10-06T20:30:34.678	LOG,S0,10,704789913,704789920,704789929,704789949,704795502,ok
2026-10-06T20:30:34.678	LOG,S0,11,705540918,705540925,705540935,705540955,705546504,ok
2026-10-06T20:30:34.678	LOG,S0,12,706328924,706328931,706328940,706328960,706334512,ok
2026-10-06T20:30:34.678	LOG,S0,13,706961929,706961936,706961946,706961965,706967516,ok
2026-10-06T20:30:34.678	LOG,S0,14,707742935,707742942,707742951,707742971,707748522,ok
2026-10-06T20:30:34.678	LOG,S0,15,708637940,708637947,708637957,708637976,708643528,ok
2026-10-06T20:30:34.678	LOG,S0,16,709400946,709400953,709400962,709400982,709406533,ok
2026-10-06T20:30:34.678	LOG,S0,17,709984951,709984958,709984968,709984987,709990536,ok
2026-10-06T20:30:34.678	LOG,S0,18,710841956,710841964,710841973,710841993,710847548,ok
2026-10-06T20:30:34.678	LOG,S0,19,711565962,711565969,711565979,711565998,711571553,ok
2026-10-06T20:30:34.678	LOG,S0,20,712163967,712163975,712163984,712164004,712169553,ok
2026-10-06T20:30:34.678	LOG,S0,21,713012973,713012980,713012990,713013009,713018566,ok
2026-10-06T20:30:34.678	LOG,S0,22,713693978,713693986,713693995,713694015,713699566,ok
2026-10-06T20:30:34.678	LOG,S0,23,714195984,714195991,714196000,714196020,714201574,ok
2026-10-06T20:30:34.678	LOG,S0,24,715030989,715030997,715031006,715031026,715036582,ok
2026-10-06T20:30:34.678	LOG,S0,25,715570995,715571002,715571011,715571031,715576584,ok
2026-10-06T20:30:34.678	LOG,S0,26,716164000,716164008,716164017,716164037,716169592,ok
2026-10-06T20:30:34.678	LOG,S0,27,716868006,716868013,716868022,716868042,716873594,ok
2026-10-06T20:30:34.678	LOG,S0,28,717521011,717521019,717521028,717521048,717526602,ok
2026-10-06T20:30:34.678	LOG,S0,29,718282017,718282024,718282033,718282053,718287604,ok
2026-10-06T20:30:34.678	LOG,S0,30,718908022,718908029,718908039,718908059,718913615,ok
2026-10-06T20:30:34.678	LOG,S0,31,719418028,719418035,719418044,719418064,719423614,ok
2026-10-06T20:30:34.678	LOG,S0,32,720317033,720317040,720317050,720317070,720322624,ok
2026-10-06T20:30:34.678	LOG,S0,33,720843039,720843046,720843055,720843075,720848630,ok
2026-10-06T20:30:34.678	LOG,S0,34,721737044,721737051,721737061,721737080,721742632,ok
2026-10-06T20:30:34.678	LOG,S0,35,722629050,722629057,722629066,722629086,722634640,ok
2026-10-06T20:30:34.678	LOG,S0,36,723377055,723377062,723377072,723377091,723382642,ok
2026-10-06T20:30:34.678	LOG,S0,37,724214061,724214068,724214077,724214097,724219652,ok
2026-10-06T20:30:34.678	LOG,S0,38,724908066,724908073,724908083,724908102,724913652,ok
2026-10-06T20:30:34.678	LOG,S0,39,725666071,725666079,725666088,725666108,725671665,ok
2026-10-06T20:30:34.678	LOG,S0,40,726242077,726242084,726242094,726242113,726247669,ok
2026-10-06T20:30:34.678	LOG,S0,41,727016082,727016090,727016099,727016119,727021672,ok
2026-10-06T20:30:34.678	LOG,S0,42,727882088,727882095,727882105,727882124,727887680,ok
2026-10-06T20:30:34.678	LOG,S0,43,728445093,728445101,728445110,728445130,728450684,ok
2026-10-06T20:30:34.678	LOG,S0,44,729022099,729022106,729022115,729022135,729027684,ok
2026-10-06T20:30:34.678	LOG,S0,45,729808104,729808112,729808121,729808141,729813690,ok
2026-10-06T20:30:34.678	LOG,S0,46,730444110,730444117,730444126,730444146,730449702,ok
2026-10-06T20:30:34.678	LOG,S0,47,731229115,731229123,731229132,731229152,731234703,ok
2026-10-06T20:30:34.678	LOG,S0,48,731760121,731760128,731760137,731760157,731765710,ok
2026-10-06T20:30:34.678	LOG,S0,49,732379126,732379134,732379143,732379163,732384718,ok
2026-10-06T20:30:34.678	LOG,S0,50,733153132,733153139,733153148,733153168,733158721,ok
2026-10-06T20:30:34.678	CNT,accepted,50
2026-10-06T20:30:34.678	CNT,logged,50
2026-10-06T20:30:34.678	CNT,bounce_rejected,0
2026-10-06T20:30:34.678	CNT,ignored,0
2026-10-06T20:30:34.678	CNT,btn_q_drop,0
2026-10-06T20:30:34.678	CNT,btn_tx_drop,0
2026-10-06T20:30:34.678	CNT,tel_sent,0
2026-10-06T20:30:34.678	CNT,tel_tx_drop,0
2026-10-06T20:30:34.678	CNT,tx_error,0
2026-10-06T20:30:34.678	CNT,tx_timeout,0
2026-10-06T20:30:34.678	CNT,log_overflow,0
2026-10-06T20:30:34.678	CNT,fmt_error,0
2026-10-06T20:30:34.678	CNT,tel_period_min_us,0
2026-10-06T20:30:34.678	CNT,tel_period_max_us,0
2026-10-06T20:30:34.678	CNT,work_min_us,0
2026-10-06T20:30:34.678	CNT,work_max_us,0
2026-10-06T20:30:34.678	CNT,hwm_telemetry_w,187
2026-10-06T20:30:34.678	CNT,hwm_uarttx_w,265
2026-10-06T20:30:34.678	CNT,heap_free_min_b,17512
2026-10-06T20:30:34.678	INF,variant,C
2026-10-06T20:30:34.678	INF,source,INJ
2026-10-06T20:30:34.678	INF,events,50
2026-10-06T20:30:34.678	END,DUMP,S0
