# pc_rx_time yaln?zca bilgi ama?l?d?r; gecikme hesab?nda KULLANILMAZ.
2026-10-06T20:30:35.967	ACK,START,S1,C,INJ,50
2026-10-06T20:30:35.984	TEL,1,S1,734770878,0,0,0,422,2933                              
2026-10-06T20:30:36.088	TEL,2,S1,734870724,0,0,0,433,2944                              
2026-10-06T20:30:36.182	TEL,3,S1,734970724,0,0,0,454,2944                              
2026-10-06T20:30:36.288	TEL,4,S1,735070724,0,0,0,439,2930                              
2026-10-06T20:30:36.383	TEL,5,S1,735170724,0,0,0,428,2930                              
2026-10-06T20:30:36.488	TEL,6,S1,735270724,0,0,0,428,2930                              
2026-10-06T20:30:36.584	TEL,7,S1,735370724,0,0,0,436,2930                              
2026-10-06T20:30:36.686	TEL,8,S1,735470724,0,0,0,439,2932                              
2026-10-06T20:30:36.789	TEL,9,S1,735570724,0,0,0,433,2932                              
2026-10-06T20:30:36.885	TEL,10,S1,735670725,0,0,0,430,2930                             
2026-10-06T20:30:36.998	TEL,11,S1,735770725,0,0,0,439,2930                             
2026-10-06T20:30:37.084	TEL,12,S1,735870725,0,0,0,433,2925                             
2026-10-06T20:30:37.183	TEL,13,S1,735970725,0,0,0,433,2925                             
2026-10-06T20:30:37.287	TEL,14,S1,736070725,0,0,0,442,2932                             
2026-10-06T20:30:37.383	TEL,15,S1,736170725,0,0,0,442,2932                             
2026-10-06T20:30:37.489	TEL,16,S1,736270725,0,0,0,430,2921                             
2026-10-06T20:30:37.581	TEL,17,S1,736370725,0,0,0,433,2921                             
2026-10-06T20:30:37.688	TEL,18,S1,736470725,0,0,0,436,2925                             
2026-10-06T20:30:37.788	TEL,19,S1,736570725,0,0,0,439,2925                             
2026-10-06T20:30:37.884	TEL,20,S1,736670725,0,0,0,442,2928                             
2026-10-06T20:30:37.988	TEL,21,S1,736770725,0,0,0,436,2928                             
2026-10-06T20:30:38.084	TEL,22,S1,736870725,0,0,0,436,2928                             
2026-10-06T20:30:38.188	TEL,23,S1,736970725,0,0,0,439,2928                             
2026-10-06T20:30:38.289	TEL,24,S1,737070725,0,0,0,442,2932                             
2026-10-06T20:30:38.383	TEL,25,S1,737170725,0,0,0,442,2932                             
2026-10-06T20:30:38.487	TEL,26,S1,737270725,0,0,0,436,2928                             
2026-10-06T20:30:38.588	TEL,27,S1,737370725,0,0,0,439,2928                             
2026-10-06T20:30:38.681	TEL,28,S1,737470725,0,0,0,442,2932                             
2026-10-06T20:30:38.788	TEL,29,S1,737570725,0,0,0,445,2932                             
2026-10-06T20:30:38.884	TEL,30,S1,737670725,0,0,0,442,2928                             
2026-10-06T20:30:38.988	TEL,31,S1,737770725,0,0,0,442,2928                             
2026-10-06T20:30:39.088	TEL,32,S1,737870725,0,0,0,442,2928                             
2026-10-06T20:30:39.183	TEL,33,S1,737970725,0,0,0,436,2928                             
2026-10-06T20:30:39.288	TEL,34,S1,738070725,0,0,0,436,2928                             
2026-10-06T20:30:39.384	TEL,35,S1,738170725,0,0,0,433,2928                             
2026-10-06T20:30:39.483	TEL,36,S1,738270725,0,0,0,425,2921                             
2026-10-06T20:30:39.588	TEL,37,S1,738370725,0,0,0,436,2921                             
2026-10-06T20:30:39.683	TEL,38,S1,738470725,0,0,0,442,2928                             
2026-10-06T20:30:39.788	TEL,39,S1,738570725,0,0,0,445,2928                             
2026-10-06T20:30:39.884	TEL,40,S1,738670725,0,0,0,445,2928                             
2026-10-06T20:30:39.988	TEL,41,S1,738770725,0,0,0,454,2928                             
2026-10-06T20:30:40.083	TEL,42,S1,738870725,0,0,0,454,2928                             
2026-10-06T20:30:40.187	TEL,43,S1,738970725,0,0,0,436,2928                             
2026-10-06T20:30:40.288	TEL,44,S1,739070725,0,0,0,436,2928                             
2026-10-06T20:30:40.383	TEL,45,S1,739170725,0,0,0,433,2928                             
2026-10-06T20:30:40.483	TEL,46,S1,739270725,0,0,0,436,2932                             
2026-10-06T20:30:40.587	TEL,47,S1,739370725,0,0,0,442,2932                             
2026-10-06T20:30:40.684	TEL,48,S1,739470725,0,0,0,433,2921                             
2026-10-06T20:30:40.787	TEL,49,S1,739570725,0,0,0,439,2921                             
2026-10-06T20:30:40.883	TEL,50,S1,739670725,0,0,0,445,2928                             
2026-10-06T20:30:40.987	TEL,51,S1,739770725,0,0,0,433,2928                             
2026-10-06T20:30:41.087	TEL,52,S1,739870725,0,0,0,433,2930                             
2026-10-06T20:30:41.181	TEL,53,S1,739970725,0,0,0,433,2930                             
2026-10-06T20:30:41.288	TEL,54,S1,740070725,0,0,0,428,2925                             
2026-10-06T20:30:41.384	TEL,55,S1,740170725,0,0,0,433,2925                             
2026-10-06T20:30:41.437	BTN,1,S1,PRESSED,740219865,740219872                           
2026-10-06T20:30:41.483	TEL,56,S1,740270725,0,0,0,436,2928                             
2026-10-06T20:30:41.588	TEL,57,S1,740370725,0,0,0,436,2928                             
2026-10-06T20:30:41.681	TEL,58,S1,740470725,0,0,0,439,2930                             
2026-10-06T20:30:41.788	TEL,59,S1,740570725,0,0,0,436,2930                             
2026-10-06T20:30:41.883	TEL,60,S1,740670725,0,0,0,430,2925                             
2026-10-06T20:30:41.992	TEL,61,S1,740770725,0,0,0,445,2925                             
2026-10-06T20:30:41.992	BTN,2,S1,PRESSED,740776870,740776878                           
2026-10-06T20:30:42.088	TEL,62,S1,740870725,0,0,0,448,2928                             
2026-10-06T20:30:42.184	TEL,63,S1,740970725,0,0,0,442,2928                             
2026-10-06T20:30:42.287	TEL,64,S1,741070725,0,0,0,451,2935                             
2026-10-06T20:30:42.383	TEL,65,S1,741170725,0,0,0,460,2935                             
2026-10-06T20:30:42.484	TEL,66,S1,741270725,0,0,0,454,2928                             
2026-10-06T20:30:42.588	TEL,67,S1,741370725,0,0,0,439,2928                             
2026-10-06T20:30:42.684	TEL,68,S1,741470725,0,0,0,436,2925                             
2026-10-06T20:30:42.788	TEL,69,S1,741570725,0,0,0,430,2925                             
2026-10-06T20:30:42.830	BTN,3,S1,PRESSED,741613876,741613883                           
2026-10-06T20:30:42.887	TEL,70,S1,741670725,0,0,0,428,2921                             
2026-10-06T20:30:42.983	TEL,71,S1,741770725,0,0,0,430,2921                             
2026-10-06T20:30:43.088	TEL,72,S1,741870725,0,0,0,436,2928                             
2026-10-06T20:30:43.184	TEL,73,S1,741970725,0,0,0,439,2928                             
2026-10-06T20:30:43.289	TEL,74,S1,742070725,0,0,0,439,2928                             
2026-10-06T20:30:43.384	TEL,75,S1,742170725,0,0,0,436,2928                             
2026-10-06T20:30:43.490	TEL,76,S1,742270725,0,0,0,428,2921                             
2026-10-06T20:30:43.588	TEL,77,S1,742370725,0,0,0,445,2921                             
2026-10-06T20:30:43.609	BTN,4,S1,PRESSED,742391881,742391889                           
2026-10-06T20:30:43.688	TEL,78,S1,742470725,0,0,0,454,2928                             
2026-10-06T20:30:43.783	TEL,79,S1,742570725,0,0,0,439,2928                             
2026-10-06T20:30:43.887	TEL,80,S1,742670725,0,0,0,442,2930                             
2026-10-06T20:30:43.983	TEL,81,S1,742770725,0,0,0,439,2930                             
2026-10-06T20:30:44.088	TEL,82,S1,742870725,0,0,0,436,2928                             
2026-10-06T20:30:44.182	TEL,83,S1,742970725,0,0,0,436,2928                             
2026-10-06T20:30:44.288	TEL,84,S1,743070725,0,0,0,445,2935                             
2026-10-06T20:30:44.386	BTN,5,S1,PRESSED,743165887,743165894                           
2026-10-06T20:30:44.386	TEL,85,S1,743170725,0,0,0,445,2935                             
2026-10-06T20:30:44.483	TEL,86,S1,743270725,0,0,0,442,2932                             
2026-10-06T20:30:44.588	TEL,87,S1,743370725,0,0,0,442,2932                             
2026-10-06T20:30:44.681	TEL,88,S1,743470725,0,0,0,442,2932                             
2026-10-06T20:30:44.787	TEL,89,S1,743570725,0,0,0,457,2932                             
2026-10-06T20:30:44.892	TEL,90,S1,743670725,0,0,0,454,2928                             
2026-10-06T20:30:44.892	BTN,6,S1,PRESSED,743673892,743673900                           
2026-10-06T20:30:44.988	TEL,91,S1,743770725,0,0,0,439,2928                             
2026-10-06T20:30:45.087	TEL,92,S1,743870725,0,0,0,439,2928                             
2026-10-06T20:30:45.182	TEL,93,S1,743970725,0,0,0,436,2928                             
2026-10-06T20:30:45.288	TEL,94,S1,744070725,0,0,0,436,2928                             
2026-10-06T20:30:45.383	TEL,95,S1,744170725,0,0,0,436,2928                             
2026-10-06T20:30:45.487	TEL,96,S1,744270725,0,0,0,436,2928                             
2026-10-06T20:30:45.587	TEL,97,S1,744370725,0,0,0,433,2928                             
2026-10-06T20:30:45.683	TEL,98,S1,744470725,0,0,0,430,2927                             
2026-10-06T20:30:45.792	BTN,7,S1,PRESSED,744569898,744569905                           
2026-10-06T20:30:45.792	TEL,99,S1,744570725,0,0,0,436,2927                             
2026-10-06T20:30:45.888	TEL,100,S1,744670725,0,0,0,451,2942                            
2026-10-06T20:30:45.983	TEL,101,S1,744770725,0,0,0,448,2942                            
2026-10-06T20:30:46.087	TEL,102,S1,744870725,0,0,0,439,2932                            
2026-10-06T20:30:46.182	TEL,103,S1,744970725,0,0,0,433,2932                            
2026-10-06T20:30:46.286	TEL,104,S1,745070725,0,0,0,436,2935                            
2026-10-06T20:30:46.384	TEL,105,S1,745170725,0,0,0,439,2935                            
2026-10-06T20:30:46.466	BTN,8,S1,PRESSED,745252903,745252911                           
2026-10-06T20:30:46.482	TEL,106,S1,745270725,0,0,0,436,2933                            
2026-10-06T20:30:46.585	TEL,107,S1,745370725,0,0,0,433,2933                            
2026-10-06T20:30:46.682	TEL,108,S1,745470725,0,0,0,430,2930                            
2026-10-06T20:30:46.787	TEL,109,S1,745570725,0,0,0,428,2930                            
2026-10-06T20:30:46.886	TEL,110,S1,745670725,0,0,0,428,2932                            
2026-10-06T20:30:46.983	TEL,111,S1,745770725,0,0,0,428,2932                            
2026-10-06T20:30:47.087	TEL,112,S1,745870725,0,0,0,430,2933                            
2026-10-06T20:30:47.181	TEL,113,S1,745970725,0,0,0,436,2933                            
2026-10-06T20:30:47.215	BTN,9,S1,PRESSED,746001909,746001916                           
2026-10-06T20:30:47.286	TEL,114,S1,746070725,0,0,0,436,2932                            
2026-10-06T20:30:47.383	TEL,115,S1,746170725,0,0,0,428,2932                            
2026-10-06T20:30:47.482	TEL,116,S1,746270725,0,0,0,428,2932                            
2026-10-06T20:30:47.587	TEL,117,S1,746370725,0,0,0,439,2932                            
2026-10-06T20:30:47.681	TEL,118,S1,746470725,0,0,0,439,2933                            
2026-10-06T20:30:47.787	TEL,119,S1,746570725,0,0,0,433,2933                            
2026-10-06T20:30:47.884	TEL,120,S1,746670725,0,0,0,433,2932                            
2026-10-06T20:30:47.963	BTN,10,S1,PRESSED,746746914,746746922                          
2026-10-06T20:30:47.986	TEL,121,S1,746770725,0,0,0,436,2932                            
2026-10-06T20:30:48.082	TEL,122,S1,746870725,0,0,0,436,2932                            
2026-10-06T20:30:48.187	TEL,123,S1,746970725,0,0,0,439,2932                            
2026-10-06T20:30:48.281	TEL,124,S1,747070725,0,0,0,436,2930                            
2026-10-06T20:30:48.384	TEL,125,S1,747170725,0,0,0,430,2930                            
2026-10-06T20:30:48.487	BTN,11,S1,PRESSED,747260920,747260927                          
2026-10-06T20:30:48.487	TEL,126,S1,747270725,0,0,0,433,2933                            
2026-10-06T20:30:48.582	TEL,127,S1,747370725,0,0,0,430,2933                            
2026-10-06T20:30:48.686	TEL,128,S1,747470725,0,0,0,430,2933                            
2026-10-06T20:30:48.783	TEL,129,S1,747570725,0,0,0,433,2933                            
2026-10-06T20:30:48.885	TEL,130,S1,747670725,0,0,0,436,2935                            
2026-10-06T20:30:48.981	TEL,131,S1,747770725,0,0,0,451,2935                            
2026-10-06T20:30:49.087	BTN,12,S1,PRESSED,747858925,747858933                          
2026-10-06T20:30:49.087	TEL,132,S1,747870725,0,0,0,445,2932                            
2026-10-06T20:30:49.182	TEL,133,S1,747970725,0,0,0,428,2932                            
2026-10-06T20:30:49.282	TEL,134,S1,748070725,0,0,0,428,2932                            
2026-10-06T20:30:49.384	TEL,135,S1,748170725,0,0,0,433,2932                            
2026-10-06T20:30:49.483	TEL,136,S1,748270725,0,0,0,428,2925                            
2026-10-06T20:30:49.587	TEL,137,S1,748370725,0,0,0,430,2925                            
2026-10-06T20:30:49.604	BTN,13,S1,PRESSED,748389931,748389938                          
2026-10-06T20:30:49.683	TEL,138,S1,748470725,0,0,0,439,2932                            
2026-10-06T20:30:49.787	TEL,139,S1,748570725,0,0,0,433,2932                            
2026-10-06T20:30:49.888	TEL,140,S1,748670725,0,0,0,436,2935                            
2026-10-06T20:30:49.982	TEL,141,S1,748770725,0,0,0,430,2935                            
2026-10-06T20:30:50.088	TEL,142,S1,748870725,0,0,0,428,2930                            
2026-10-06T20:30:50.183	TEL,143,S1,748970725,0,0,0,430,2930                            
2026-10-06T20:30:50.256	BTN,14,S1,PRESSED,749039936,749039943                          
2026-10-06T20:30:50.287	TEL,144,S1,749070725,0,0,0,436,2935                            
2026-10-06T20:30:50.387	TEL,145,S1,749170725,0,0,0,442,2935                            
2026-10-06T20:30:50.483	TEL,146,S1,749270725,0,0,0,439,2933                            
2026-10-06T20:30:50.586	TEL,147,S1,749370725,0,0,0,433,2933                            
2026-10-06T20:30:50.687	TEL,148,S1,749470725,0,0,0,433,2932                            
2026-10-06T20:30:50.781	TEL,149,S1,749570725,0,0,0,439,2932                            
2026-10-06T20:30:50.812	BTN,15,S1,PRESSED,749602942,749602949                          
2026-10-06T20:30:50.883	TEL,150,S1,749670725,0,0,0,439,2933                            
2026-10-06T20:30:50.983	TEL,151,S1,749770725,0,0,0,439,2933                            
2026-10-06T20:30:51.087	TEL,152,S1,749870725,0,0,0,439,2932                            
2026-10-06T20:30:51.186	TEL,153,S1,749970725,0,0,0,428,2932                            
2026-10-06T20:30:51.281	TEL,154,S1,750070725,0,0,0,430,2933                            
2026-10-06T20:30:51.322	BTN,16,S1,PRESSED,750107947,750107954                          
2026-10-06T20:30:51.383	TEL,155,S1,750170725,0,0,0,436,2933                            
2026-10-06T20:30:51.482	TEL,156,S1,750270725,0,0,0,436,2933                            
2026-10-06T20:30:51.587	TEL,157,S1,750370725,0,0,0,430,2933                            
2026-10-06T20:30:51.686	TEL,158,S1,750470725,0,0,0,430,2933                            
2026-10-06T20:30:51.782	TEL,159,S1,750570725,0,0,0,439,2933                            
2026-10-06T20:30:51.846	BTN,17,S1,PRESSED,750633953,750633960                          
2026-10-06T20:30:51.883	TEL,160,S1,750670725,0,0,0,439,2932                            
2026-10-06T20:30:51.981	TEL,161,S1,750770725,0,0,0,439,2932                            
2026-10-06T20:30:52.086	TEL,162,S1,750870725,0,0,0,442,2935                            
2026-10-06T20:30:52.184	TEL,163,S1,750970725,0,0,0,442,2935                            
2026-10-06T20:30:52.281	TEL,164,S1,751070725,0,0,0,439,2932                            
2026-10-06T20:30:52.383	TEL,165,S1,751170725,0,0,0,442,2932                            
2026-10-06T20:30:52.481	TEL,166,S1,751270725,0,0,0,442,2932                            
2026-10-06T20:30:52.586	TEL,167,S1,751370725,0,0,0,439,2932                            
2026-10-06T20:30:52.603	BTN,18,S1,PRESSED,751393958,751393965                          
2026-10-06T20:30:52.684	TEL,168,S1,751470725,0,0,0,439,2932                            
2026-10-06T20:30:52.781	TEL,169,S1,751570725,0,0,0,439,2932                            
2026-10-06T20:30:52.883	TEL,170,S1,751670725,0,0,0,436,2930                            
2026-10-06T20:30:52.981	TEL,171,S1,751770725,0,0,0,436,2930                            
2026-10-06T20:30:53.086	TEL,172,S1,751870725,0,0,0,439,2932                            
2026-10-06T20:30:53.115	BTN,19,S1,PRESSED,751899964,751899971                          
2026-10-06T20:30:53.186	TEL,173,S1,751970725,0,0,0,433,2932                            
2026-10-06T20:30:53.281	TEL,174,S1,752070725,0,0,0,430,2930                            
2026-10-06T20:30:53.383	TEL,175,S1,752170725,0,0,0,430,2930                            
2026-10-06T20:30:53.481	TEL,176,S1,752270725,0,0,0,430,2928                            
2026-10-06T20:30:53.586	TEL,177,S1,752370725,0,0,0,430,2928                            
2026-10-06T20:30:53.685	BTN,20,S1,PRESSED,752468969,752468976                          
2026-10-06T20:30:53.685	TEL,178,S1,752470725,0,0,0,433,2933                            
2026-10-06T20:30:53.781	TEL,179,S1,752570725,0,0,0,433,2933                            
2026-10-06T20:30:53.884	TEL,180,S1,752670725,0,0,0,428,2930                            
2026-10-06T20:30:53.981	TEL,181,S1,752770725,0,0,0,436,2930                            
2026-10-06T20:30:54.086	TEL,182,S1,752870725,0,0,0,439,2932                            
2026-10-06T20:30:54.185	TEL,183,S1,752970725,0,0,0,433,2932                            
2026-10-06T20:30:54.282	TEL,184,S1,753070725,0,0,0,433,2932                            
2026-10-06T20:30:54.383	TEL,185,S1,753170725,0,0,0,439,2932                            
2026-10-06T20:30:54.441	BTN,21,S1,PRESSED,753226975,753226982                          
2026-10-06T20:30:54.486	TEL,186,S1,753270725,0,0,0,439,2932                            
2026-10-06T20:30:54.582	TEL,187,S1,753370725,0,0,0,442,2932                            
2026-10-06T20:30:54.686	TEL,188,S1,753470725,0,0,0,442,2930                            
2026-10-06T20:30:54.781	TEL,189,S1,753570725,0,0,0,448,2930                            
2026-10-06T20:30:54.886	TEL,190,S1,753670725,0,0,0,445,2928                            
2026-10-06T20:30:54.981	TEL,191,S1,753770725,0,0,0,436,2928                            
2026-10-06T20:30:55.087	TEL,192,S1,753870725,0,0,0,439,2932                            
2026-10-06T20:30:55.181	TEL,193,S1,753970725,0,0,0,439,2932                            
2026-10-06T20:30:55.251	BTN,22,S1,PRESSED,754035980,754035987                          
2026-10-06T20:30:55.282	TEL,194,S1,754070725,0,0,0,439,2933                            
2026-10-06T20:30:55.387	TEL,195,S1,754170725,0,0,0,439,2933                            
2026-10-06T20:30:55.483	TEL,196,S1,754270725,0,0,0,442,2935                            
2026-10-06T20:30:55.586	TEL,197,S1,754370725,0,0,0,442,2935                            
2026-10-06T20:30:55.687	TEL,198,S1,754470725,0,0,0,439,2933                            
2026-10-06T20:30:55.783	TEL,199,S1,754570725,0,0,0,430,2933                            
2026-10-06T20:30:55.884	TEL,200,S1,754670725,0,0,0,428,2932                            
2026-10-06T20:30:55.982	TEL,201,S1,754770725,0,0,0,433,2932                            
2026-10-06T20:30:56.039	BTN,23,S1,PRESSED,754821985,754821993                          
2026-10-06T20:30:56.086	TEL,202,S1,754870725,0,0,0,433,2932                            
2026-10-06T20:30:56.185	TEL,203,S1,754970725,0,0,0,445,2932                            
2026-10-06T20:30:56.281	TEL,204,S1,755070725,0,0,0,445,2932                            
2026-10-06T20:30:56.383	TEL,205,S1,755170725,0,0,0,433,2932                            
2026-10-06T20:30:56.481	TEL,206,S1,755270725,0,0,0,422,2921                            
2026-10-06T20:30:56.586	TEL,207,S1,755370725,0,0,0,428,2921                            
2026-10-06T20:30:56.687	TEL,208,S1,755470725,0,0,0,439,2932                            
2026-10-06T20:30:56.782	TEL,209,S1,755570725,0,0,0,439,2932                            
2026-10-06T20:30:56.862	BTN,24,S1,PRESSED,755649991,755649998                          
2026-10-06T20:30:56.883	TEL,210,S1,755670725,0,0,0,439,2932                            
2026-10-06T20:30:56.981	TEL,211,S1,755770725,0,0,0,439,2932                            
2026-10-06T20:30:57.086	TEL,212,S1,755870725,0,0,0,439,2933                            
2026-10-06T20:30:57.187	TEL,213,S1,755970725,0,0,0,445,2933                            
2026-10-06T20:30:57.281	TEL,214,S1,756070725,0,0,0,442,2932                            
2026-10-06T20:30:57.383	TEL,215,S1,756170725,0,0,0,433,2932                            
2026-10-06T20:30:57.404	BTN,25,S1,PRESSED,756192996,756193004                          
2026-10-06T20:30:57.482	TEL,216,S1,756270725,0,0,0,433,2932                            
2026-10-06T20:30:57.582	TEL,217,S1,756370725,0,0,0,439,2932                            
2026-10-06T20:30:57.684	TEL,218,S1,756470725,0,0,0,439,2932                            
2026-10-06T20:30:57.782	TEL,219,S1,756570725,0,0,0,433,2932                            
2026-10-06T20:30:57.884	TEL,220,S1,756670725,0,0,0,436,2935                            
2026-10-06T20:30:57.982	TEL,221,S1,756770725,0,0,0,436,2935                            
2026-10-06T20:30:58.086	TEL,222,S1,756870725,0,0,0,436,2935                            
2026-10-06T20:30:58.130	BTN,26,S1,PRESSED,756914002,756914009                          
2026-10-06T20:30:58.186	TEL,223,S1,756970725,0,0,0,442,2935                            
2026-10-06T20:30:58.281	TEL,224,S1,757070725,0,0,0,442,2935                            
2026-10-06T20:30:58.384	TEL,225,S1,757170725,0,0,0,442,2935                            
2026-10-06T20:30:58.482	TEL,226,S1,757270725,0,0,0,442,2935                            
2026-10-06T20:30:58.586	TEL,227,S1,757370725,0,0,0,430,2935                            
2026-10-06T20:30:58.687	TEL,228,S1,757470725,0,0,0,430,2933                            
2026-10-06T20:30:58.781	TEL,229,S1,757570725,0,0,0,439,2933                            
2026-10-06T20:30:58.846	BTN,27,S1,PRESSED,757631007,757631015                          
2026-10-06T20:30:58.883	TEL,230,S1,757670725,0,0,0,436,2930                            
2026-10-06T20:30:58.982	TEL,231,S1,757770725,0,0,0,436,2930                            
2026-10-06T20:30:59.086	TEL,232,S1,757870725,0,0,0,439,2932                            
2026-10-06T20:30:59.186	TEL,233,S1,757970725,0,0,0,433,2932                            
2026-10-06T20:30:59.281	TEL,234,S1,758070725,0,0,0,433,2932                            
2026-10-06T20:30:59.387	TEL,235,S1,758170725,0,0,0,436,2932                            
2026-10-06T20:30:59.428	BTN,28,S1,PRESSED,758215013,758215020                          
2026-10-06T20:30:59.484	TEL,236,S1,758270725,0,0,0,433,2930                            
2026-10-06T20:30:59.582	TEL,237,S1,758370725,0,0,0,436,2930                            
2026-10-06T20:30:59.687	TEL,238,S1,758470725,0,0,0,442,2935                            
2026-10-06T20:30:59.782	TEL,239,S1,758570725,0,0,0,436,2935                            
2026-10-06T20:30:59.883	TEL,240,S1,758670725,0,0,0,436,2935                            
2026-10-06T20:30:59.982	TEL,241,S1,758770725,0,0,0,442,2935                            
2026-10-06T20:31:00.086	TEL,242,S1,758870725,0,0,0,436,2930                            
2026-10-06T20:31:00.186	BTN,29,S1,PRESSED,758967018,758967026                          
2026-10-06T20:31:00.186	TEL,243,S1,758970725,0,0,0,436,2930                            
2026-10-06T20:31:00.281	TEL,244,S1,759070725,0,0,0,439,2932                            
2026-10-06T20:31:00.384	TEL,245,S1,759170725,0,0,0,428,2932                            
2026-10-06T20:31:00.482	TEL,246,S1,759270725,0,0,0,428,2930                            
2026-10-06T20:31:00.586	TEL,247,S1,759370725,0,0,0,430,2930                            
2026-10-06T20:31:00.687	TEL,248,S1,759470725,0,0,0,428,2927                            
2026-10-06T20:31:00.765	BTN,30,S1,PRESSED,759554024,759554031                          
2026-10-06T20:31:00.782	TEL,249,S1,759570725,0,0,0,425,2927                            
2026-10-06T20:31:00.884	TEL,250,S1,759670725,0,0,0,428,2928                            
2026-10-06T20:31:00.982	TEL,251,S1,759770725,0,0,0,436,2928                            
2026-10-06T20:31:01.086	TEL,252,S1,759870725,0,0,0,436,2930                            
2026-10-06T20:31:01.187	TEL,253,S1,759970725,0,0,0,430,2930                            
2026-10-06T20:31:01.281	TEL,254,S1,760070725,0,0,0,430,2930                            
2026-10-06T20:31:01.356	BTN,31,S1,PRESSED,760143029,760143037                          
2026-10-06T20:31:01.385	TEL,255,S1,760170725,0,0,0,436,2930                            
2026-10-06T20:31:01.482	TEL,256,S1,760270725,0,0,0,439,2933                            
2026-10-06T20:31:01.585	TEL,257,S1,760370725,0,0,0,451,2933                            
2026-10-06T20:31:01.687	TEL,258,S1,760470725,0,0,0,451,2933                            
2026-10-06T20:31:01.781	TEL,259,S1,760570725,0,0,0,451,2933                            
2026-10-06T20:31:01.884	TEL,260,S1,760670725,0,0,0,448,2930                            
2026-10-06T20:31:01.982	TEL,261,S1,760770725,0,0,0,445,2930                            
2026-10-06T20:31:02.037	BTN,32,S1,PRESSED,760822035,760822042                          
2026-10-06T20:31:02.085	TEL,262,S1,760870725,0,0,0,448,2933                            
2026-10-06T20:31:02.186	TEL,263,S1,760970725,0,0,0,448,2933                            
2026-10-06T20:31:02.281	TEL,264,S1,761070725,0,0,0,442,2928                            
2026-10-06T20:31:02.385	TEL,265,S1,761170725,0,0,0,436,2928                            
2026-10-06T20:31:02.482	TEL,266,S1,761270725,0,0,0,436,2930                            
2026-10-06T20:31:02.586	TEL,267,S1,761370725,0,0,0,428,2930                            
2026-10-06T20:31:02.685	BTN,33,S1,PRESSED,761460040,761460048                          
2026-10-06T20:31:02.685	TEL,268,S1,761470725,0,0,0,430,2935                            
2026-10-06T20:31:02.781	TEL,269,S1,761570725,0,0,0,439,2935                            
2026-10-06T20:31:02.885	TEL,270,S1,761670725,0,0,0,430,2927                            
2026-10-06T20:31:02.987	TEL,271,S1,761770725,0,0,0,433,2927                            
2026-10-06T20:31:03.082	TEL,272,S1,761870725,0,0,0,442,2935                            
2026-10-06T20:31:03.186	TEL,273,S1,761970725,0,0,0,439,2935                            
2026-10-06T20:31:03.282	TEL,274,S1,762070725,0,0,0,433,2930                            
2026-10-06T20:31:03.384	TEL,275,S1,762170725,0,0,0,430,2930                            
2026-10-06T20:31:03.483	BTN,34,S1,PRESSED,762269046,762269053                          
2026-10-06T20:31:03.483	TEL,276,S1,762270725,0,0,0,433,2932                            
2026-10-06T20:31:03.582	TEL,277,S1,762370725,0,0,0,425,2932                            
2026-10-06T20:31:03.685	TEL,278,S1,762470725,0,0,0,425,2932                            
2026-10-06T20:31:03.782	TEL,279,S1,762570725,0,0,0,439,2932                            
2026-10-06T20:31:03.883	TEL,280,S1,762670725,0,0,0,439,2932                            
2026-10-06T20:31:03.985	TEL,281,S1,762770725,0,0,0,433,2932                            
2026-10-06T20:31:04.082	TEL,282,S1,762870725,0,0,0,433,2933                            
2026-10-06T20:31:04.192	TEL,283,S1,762970725,0,0,0,439,2933                            
2026-10-06T20:31:04.192	BTN,35,S1,PRESSED,762977051,762977058                          
2026-10-06T20:31:04.286	TEL,284,S1,763070725,0,0,0,439,2933                            
2026-10-06T20:31:04.382	TEL,285,S1,763170725,0,0,0,433,2933                            
2026-10-06T20:31:04.482	TEL,286,S1,763270725,0,0,0,433,2933                            
2026-10-06T20:31:04.582	TEL,287,S1,763370725,0,0,0,433,2933                            
2026-10-06T20:31:04.685	TEL,288,S1,763470725,0,0,0,430,2928                            
2026-10-06T20:31:04.788	TEL,289,S1,763570725,0,0,0,425,2928                            
2026-10-06T20:31:04.788	BTN,36,S1,PRESSED,763577057,763577064                          
2026-10-06T20:31:04.884	TEL,290,S1,763670725,0,0,0,430,2935                            
2026-10-06T20:31:04.985	TEL,291,S1,763770725,0,0,0,442,2935                            
2026-10-06T20:31:05.081	TEL,292,S1,763870725,0,0,0,439,2933                            
2026-10-06T20:31:05.187	TEL,293,S1,763970725,0,0,0,439,2933                            
2026-10-06T20:31:05.281	TEL,294,S1,764070725,0,0,0,436,2930                            
2026-10-06T20:31:05.384	TEL,295,S1,764170725,0,0,0,433,2930                            
2026-10-06T20:31:05.486	BTN,37,S1,PRESSED,764265062,764265069                          
2026-10-06T20:31:05.486	TEL,296,S1,764270725,0,0,0,439,2935                            
2026-10-06T20:31:05.582	TEL,297,S1,764370725,0,0,0,428,2935                            
2026-10-06T20:31:05.686	TEL,298,S1,764470725,0,0,0,425,2932                            
2026-10-06T20:31:05.781	TEL,299,S1,764570725,0,0,0,439,2932                            
2026-10-06T20:31:05.884	TEL,300,S1,764670725,0,0,0,436,2930                            
2026-10-06T20:31:05.986	TEL,301,S1,764770725,0,0,0,436,2930                            
2026-10-06T20:31:06.082	TEL,302,S1,764870725,0,0,0,439,2932                            
2026-10-06T20:31:06.187	TEL,303,S1,764970725,0,0,0,428,2932                            
2026-10-06T20:31:06.291	TEL,304,S1,765070725,0,0,0,428,2930                            
2026-10-06T20:31:06.291	BTN,38,S1,PRESSED,765080068,765080075                          
2026-10-06T20:31:06.384	TEL,305,S1,765170725,0,0,0,430,2930                            
2026-10-06T20:31:06.482	TEL,306,S1,765270725,0,0,0,433,2932                            
2026-10-06T20:31:06.582	TEL,307,S1,765370725,0,0,0,433,2932                            
2026-10-06T20:31:06.684	TEL,308,S1,765470725,0,0,0,433,2933                            
2026-10-06T20:31:06.782	TEL,309,S1,765570725,0,0,0,448,2933                            
2026-10-06T20:31:06.842	BTN,39,S1,PRESSED,765630073,765630080                          
2026-10-06T20:31:06.884	TEL,310,S1,765670725,0,0,0,451,2935                            
2026-10-06T20:31:06.982	TEL,311,S1,765770725,0,0,0,439,2935                            
2026-10-06T20:31:07.081	TEL,312,S1,765870725,0,0,0,436,2932                            
2026-10-06T20:31:07.187	TEL,313,S1,765970725,0,0,0,445,2932                            
2026-10-06T20:31:07.281	TEL,314,S1,766070725,0,0,0,451,2935                            
2026-10-06T20:31:07.384	TEL,315,S1,766170725,0,0,0,436,2935                            
2026-10-06T20:31:07.486	TEL,316,S1,766270725,0,0,0,433,2932                            
2026-10-06T20:31:07.582	TEL,317,S1,766370725,0,0,0,439,2932                            
2026-10-06T20:31:07.625	BTN,40,S1,PRESSED,766409079,766409086                          
2026-10-06T20:31:07.686	TEL,318,S1,766470725,0,0,0,442,2935                            
2026-10-06T20:31:07.786	TEL,319,S1,766570725,0,0,0,436,2935                            
2026-10-06T20:31:07.882	TEL,320,S1,766670725,0,0,0,433,2933                            
2026-10-06T20:31:07.982	TEL,321,S1,766770725,0,0,0,439,2933                            
2026-10-06T20:31:08.081	TEL,322,S1,766870725,0,0,0,439,2932                            
2026-10-06T20:31:08.186	TEL,323,S1,766970725,0,0,0,433,2932                            
2026-10-06T20:31:08.286	TEL,324,S1,767070725,0,0,0,433,2933                            
2026-10-06T20:31:08.383	TEL,325,S1,767170725,0,0,0,433,2933                            
2026-10-06T20:31:08.383	BTN,41,S1,PRESSED,767180084,767180091                          
2026-10-06T20:31:08.484	TEL,326,S1,767270725,0,0,0,436,2935                            
2026-10-06T20:31:08.582	TEL,327,S1,767370725,0,0,0,436,2935                            
2026-10-06T20:31:08.685	TEL,328,S1,767470725,0,0,0,436,2935                            
2026-10-06T20:31:08.786	TEL,329,S1,767570725,0,0,0,436,2935                            
2026-10-06T20:31:08.882	TEL,330,S1,767670725,0,0,0,433,2932                            
2026-10-06T20:31:08.986	TEL,331,S1,767770725,0,0,0,445,2932                            
2026-10-06T20:31:09.082	TEL,332,S1,767870725,0,0,0,442,2928                            
2026-10-06T20:31:09.191	TEL,333,S1,767970725,0,0,0,428,2928                            
2026-10-06T20:31:09.191	BTN,42,S1,PRESSED,767978090,767978097                          
2026-10-06T20:31:09.286	TEL,334,S1,768070725,0,0,0,433,2933                            
2026-10-06T20:31:09.382	TEL,335,S1,768170725,0,0,0,430,2933                            
2026-10-06T20:31:09.482	TEL,336,S1,768270725,0,0,0,430,2933                            
2026-10-06T20:31:09.582	TEL,337,S1,768370725,0,0,0,433,2933                            
2026-10-06T20:31:09.685	TEL,338,S1,768470725,0,0,0,433,2932                            
2026-10-06T20:31:09.786	TEL,339,S1,768570725,0,0,0,448,2932                            
2026-10-06T20:31:09.851	BTN,43,S1,PRESSED,768640095,768640102                          
2026-10-06T20:31:09.883	TEL,340,S1,768670725,0,0,0,451,2935                            
2026-10-06T20:31:09.981	TEL,341,S1,768770725,0,0,0,442,2935                            
2026-10-06T20:31:10.085	TEL,342,S1,768870725,0,0,0,439,2933                            
2026-10-06T20:31:10.182	TEL,343,S1,768970725,0,0,0,433,2933                            
2026-10-06T20:31:10.285	TEL,344,S1,769070725,0,0,0,430,2930                            
2026-10-06T20:31:10.382	TEL,345,S1,769170725,0,0,0,436,2930                            
2026-10-06T20:31:10.482	TEL,346,S1,769270725,0,0,0,442,2935                            
2026-10-06T20:31:10.582	TEL,347,S1,769370725,0,0,0,451,2935                            
2026-10-06T20:31:10.685	TEL,348,S1,769470725,0,0,0,448,2933                            
2026-10-06T20:31:10.732	BTN,44,S1,PRESSED,769519100,769519108                          
2026-10-06T20:31:10.786	TEL,349,S1,769570725,0,0,0,439,2933                            
2026-10-06T20:31:10.882	TEL,350,S1,769670725,0,0,0,436,2928                            
2026-10-06T20:31:10.986	TEL,351,S1,769770725,0,0,0,445,2928                            
2026-10-06T20:31:11.081	TEL,352,S1,769870725,0,0,0,448,2930                            
2026-10-06T20:31:11.182	TEL,353,S1,769970725,0,0,0,433,2930                            
2026-10-06T20:31:11.300	TEL,354,S1,770070725,0,0,0,439,2935                            
2026-10-06T20:31:11.300	BTN,45,S1,PRESSED,770086106,770086113                          
2026-10-06T20:31:11.383	TEL,355,S1,770170725,0,0,0,436,2935                            
2026-10-06T20:31:11.479	TEL,356,S1,770270725,0,0,0,433,2932                            
2026-10-06T20:31:11.584	TEL,357,S1,770370725,0,0,0,433,2932                            
2026-10-06T20:31:11.681	TEL,358,S1,770470725,0,0,0,428,2927                            
2026-10-06T20:31:11.786	TEL,359,S1,770570725,0,0,0,445,2927                            
2026-10-06T20:31:11.811	BTN,46,S1,PRESSED,770602111,770602119                          
2026-10-06T20:31:11.884	TEL,360,S1,770670725,0,0,0,451,2935                            
2026-10-06T20:31:11.981	TEL,361,S1,770770725,0,0,0,436,2935                            
2026-10-06T20:31:12.086	TEL,362,S1,770870725,0,0,0,433,2933                            
2026-10-06T20:31:12.181	TEL,363,S1,770970725,0,0,0,439,2933                            
2026-10-06T20:31:12.286	TEL,364,S1,771070725,0,0,0,436,2930                            
2026-10-06T20:31:12.382	TEL,365,S1,771170725,0,0,0,436,2930                            
2026-10-06T20:31:12.419	BTN,47,S1,PRESSED,771204117,771204124                          
2026-10-06T20:31:12.483	TEL,366,S1,771270725,0,0,0,439,2932                            
2026-10-06T20:31:12.585	TEL,367,S1,771370725,0,0,0,433,2932                            
2026-10-06T20:31:12.676	TEL,368,S1,771470725,0,0,0,436,2935                            
2026-10-06T20:31:12.786	TEL,369,S1,771570725,0,0,0,448,2935                            
2026-10-06T20:31:12.882	TEL,370,S1,771670725,0,0,0,439,2928                            
2026-10-06T20:31:13.001	TEL,371,S1,771770725,0,0,0,439,2928                            
2026-10-06T20:31:13.001	BTN,48,S1,PRESSED,771786122,771786130                          
2026-10-06T20:31:13.085	TEL,372,S1,771870725,0,0,0,442,2932                            
2026-10-06T20:31:13.181	TEL,373,S1,771970725,0,0,0,433,2932                            
2026-10-06T20:31:13.286	TEL,374,S1,772070725,0,0,0,436,2935                            
2026-10-06T20:31:13.382	TEL,375,S1,772170725,0,0,0,442,2935                            
2026-10-06T20:31:13.482	TEL,376,S1,772270725,0,0,0,439,2933                            
2026-10-06T20:31:13.585	TEL,377,S1,772370725,0,0,0,433,2933                            
2026-10-06T20:31:13.616	BTN,49,S1,PRESSED,772403128,772403135                          
2026-10-06T20:31:13.681	TEL,378,S1,772470725,0,0,0,430,2930                            
2026-10-06T20:31:13.786	TEL,379,S1,772570725,0,0,0,436,2930                            
2026-10-06T20:31:13.882	TEL,380,S1,772670725,0,0,0,439,2932                            
2026-10-06T20:31:13.981	TEL,381,S1,772770725,0,0,0,433,2932                            
2026-10-06T20:31:14.084	TEL,382,S1,772870725,0,0,0,433,2933                            
2026-10-06T20:31:14.181	TEL,383,S1,772970725,0,0,0,430,2933                            
2026-10-06T20:31:14.519	BTN,50,S1,PRESSED,772996133,772996141                          
2026-10-06T20:31:14.519	ACK,STOP,S1
2026-10-06T20:31:14.519	LOG,S1,1,740219865,740219872,740219882,740219901,740225451,ok
2026-10-06T20:31:14.519	LOG,S1,2,740776870,740776878,740776887,740776907,740782458,ok
2026-10-06T20:31:14.519	LOG,S1,3,741613876,741613883,741613892,741613912,741619467,ok
2026-10-06T20:31:14.519	LOG,S1,4,742391881,742391889,742391898,742391918,742397474,ok
2026-10-06T20:31:14.519	LOG,S1,5,743165887,743165894,743165903,743165923,743171476,ok
2026-10-06T20:31:14.519	LOG,S1,6,743673892,743673900,743673909,743676312,743681865,ok
2026-10-06T20:31:14.519	LOG,S1,7,744569898,744569905,744569914,744569934,744575485,ok
2026-10-06T20:31:14.519	LOG,S1,8,745252903,745252911,745252920,745252940,745258496,ok
2026-10-06T20:31:14.519	LOG,S1,9,746001909,746001916,746001925,746001945,746007496,ok
2026-10-06T20:31:14.519	LOG,S1,10,746746914,746746922,746746931,746746951,746752500,ok
2026-10-06T20:31:14.519	LOG,S1,11,747260920,747260927,747260936,747260956,747266511,ok
2026-10-06T20:31:14.519	LOG,S1,12,747858925,747858933,747858942,747858962,747864511,ok
2026-10-06T20:31:14.519	LOG,S1,13,748389931,748389938,748389947,748389967,748395518,ok
2026-10-06T20:31:14.519	LOG,S1,14,749039936,749039943,749039953,749039973,749045526,ok
2026-10-06T20:31:14.519	LOG,S1,15,749602942,749602949,749602958,749602978,749608530,ok
2026-10-06T20:31:14.519	LOG,S1,16,750107947,750107954,750107964,750107984,750113537,ok
2026-10-06T20:31:14.519	LOG,S1,17,750633953,750633960,750633969,750633989,750639543,ok
2026-10-06T20:31:14.519	LOG,S1,18,751393958,751393965,751393975,751393994,751399549,ok
2026-10-06T20:31:14.519	LOG,S1,19,751899964,751899971,751899980,751900000,751905552,ok
2026-10-06T20:31:14.519	LOG,S1,20,752468969,752468976,752468986,752469005,752474562,ok
2026-10-06T20:31:14.519	LOG,S1,21,753226975,753226982,753226991,753227011,753232566,ok
2026-10-06T20:31:14.519	LOG,S1,22,754035980,754035987,754035997,754036016,754041574,ok
2026-10-06T20:31:14.519	LOG,S1,23,754821985,754821993,754822002,754822022,754827571,ok
2026-10-06T20:31:14.519	LOG,S1,24,755649991,755649998,755650008,755650027,755655584,ok
2026-10-06T20:31:14.519	LOG,S1,25,756192996,756193004,756193013,756193033,756198586,ok
2026-10-06T20:31:14.519	LOG,S1,26,756914002,756914009,756914019,756914038,756919592,ok
2026-10-06T20:31:14.519	LOG,S1,27,757631007,757631015,757631024,757631044,757636594,ok
2026-10-06T20:31:14.519	LOG,S1,28,758215013,758215020,758215029,758215049,758220606,ok
2026-10-06T20:31:14.519	LOG,S1,29,758967018,758967026,758967035,758967055,758972604,ok
2026-10-06T20:31:14.519	LOG,S1,30,759554024,759554031,759554040,759554060,759559614,ok
2026-10-06T20:31:14.519	LOG,S1,31,760143029,760143037,760143046,760143066,760148618,ok
2026-10-06T20:31:14.519	LOG,S1,32,760822035,760822042,760822051,760822071,760827626,ok
2026-10-06T20:31:14.519	LOG,S1,33,761460040,761460048,761460057,761460077,761465631,ok
2026-10-06T20:31:14.519	LOG,S1,34,762269046,762269053,762269062,762269082,762274638,ok
2026-10-06T20:31:14.519	LOG,S1,35,762977051,762977058,762977068,762977088,762982644,ok
2026-10-06T20:31:14.519	LOG,S1,36,763577057,763577064,763577073,763577093,763582646,ok
2026-10-06T20:31:14.519	LOG,S1,37,764265062,764265069,764265079,764265099,764270650,ok
2026-10-06T20:31:14.519	LOG,S1,38,765080068,765080075,765080084,765080104,765085654,ok
2026-10-06T20:31:14.519	LOG,S1,39,765630073,765630080,765630090,765630109,765635667,ok
2026-10-06T20:31:14.519	LOG,S1,40,766409079,766409086,766409095,766409115,766414670,ok
2026-10-06T20:31:14.519	LOG,S1,41,767180084,767180091,767180101,767180120,767185674,ok
2026-10-06T20:31:14.519	LOG,S1,42,767978090,767978097,767978106,767978126,767983675,ok
2026-10-06T20:31:14.519	LOG,S1,43,768640095,768640102,768640112,768640131,768645687,ok
2026-10-06T20:31:14.519	LOG,S1,44,769519100,769519108,769519117,769519137,769524686,ok
2026-10-06T20:31:14.519	LOG,S1,45,770086106,770086113,770086123,770086142,770091694,ok
2026-10-06T20:31:14.519	LOG,S1,46,770602111,770602119,770602128,770602148,770607699,ok
2026-10-06T20:31:14.519	LOG,S1,47,771204117,771204124,771204134,771204153,771209703,ok
2026-10-06T20:31:14.519	LOG,S1,48,771786122,771786130,771786139,771786159,771791713,ok
2026-10-06T20:31:14.519	LOG,S1,49,772403128,772403135,772403144,772403164,772408719,ok
2026-10-06T20:31:14.519	LOG,S1,50,772996133,772996141,772996150,772996170,773001727,ok
2026-10-06T20:31:14.519	CNT,accepted,50
2026-10-06T20:31:14.519	CNT,logged,50
2026-10-06T20:31:14.519	CNT,bounce_rejected,0
2026-10-06T20:31:14.519	CNT,ignored,0
2026-10-06T20:31:14.519	CNT,btn_q_drop,0
2026-10-06T20:31:14.519	CNT,btn_tx_drop,0
2026-10-06T20:31:14.519	CNT,tel_sent,383
2026-10-06T20:31:14.519	CNT,tel_tx_drop,0
2026-10-06T20:31:14.519	CNT,tx_error,0
2026-10-06T20:31:14.519	CNT,tx_timeout,0
2026-10-06T20:31:14.519	CNT,log_overflow,0
2026-10-06T20:31:14.519	CNT,fmt_error,0
2026-10-06T20:31:14.519	CNT,tel_period_min_us,99846
2026-10-06T20:31:14.519	CNT,tel_period_max_us,100000
2026-10-06T20:31:14.519	CNT,work_min_us,0
2026-10-06T20:31:14.519	CNT,work_max_us,0
2026-10-06T20:31:14.519	CNT,hwm_telemetry_w,187
2026-10-06T20:31:14.519	CNT,hwm_uarttx_w,265
2026-10-06T20:31:14.519	CNT,heap_free_min_b,17512
2026-10-06T20:31:14.519	INF,variant,C
2026-10-06T20:31:14.519	INF,source,INJ
2026-10-06T20:31:14.519	INF,events,50
2026-10-06T20:31:14.519	END,DUMP,S1
