# pc_rx_time yaln?zca bilgi ama?l?d?r; gecikme hesab?nda KULLANILMAZ.
2026-09-26T23:51:28.746	ACK,START,S0
2026-09-26T23:51:35.647	BTN,1,S0,PRESSED                                               
2026-09-26T23:51:37.269	BTN,2,S0,PRESSED                                               
2026-09-26T23:51:39.164	BTN,3,S0,PRESSED                                               
2026-09-26T23:51:41.192	BTN,4,S0,PRESSED                                               
2026-09-26T23:51:42.408	BTN,5,S0,PRESSED                                               
2026-09-26T23:51:44.867	BTN,6,S0,PRESSED                                               
2026-09-26T23:51:46.651	BTN,7,S0,PRESSED                                               
2026-09-26T23:51:47.765	BTN,8,S0,PRESSED                                               
2026-09-26T23:51:49.741	BTN,9,S0,PRESSED                                               
2026-09-26T23:51:50.920	BTN,10,S0,PRESSED                                              
2026-09-26T23:51:54.020	BTN,11,S0,PRESSED                                              
2026-09-26T23:51:56.896	BTN,12,S0,PRESSED                                              
2026-09-26T23:52:02.199	BTN,13,S0,PRESSED                                              
2026-09-26T23:52:05.773	BTN,14,S0,PRESSED                                              
2026-09-26T23:52:11.670	BTN,15,S0,PRESSED                                              
2026-09-26T23:52:12.370	BTN,16,S0,PRESSED                                              
2026-09-26T23:52:13.077	BTN,17,S0,PRESSED                                              
2026-09-26T23:52:14.156	BTN,18,S0,PRESSED                                              
2026-09-26T23:52:21.047	BTN,19,S0,PRESSED                                              
2026-09-26T23:52:22.671	BTN,20,S0,PRESSED                                              
2026-09-26T23:52:23.229	BTN,21,S0,PRESSED                                              
2026-09-26T23:52:23.595	BTN,22,S0,PRESSED                                              
2026-09-26T23:52:24.998	BTN,23,S0,PRESSED                                              
2026-09-26T23:52:27.977	BTN,24,S0,PRESSED                                              
2026-09-26T23:52:29.148	BTN,25,S0,PRESSED                                              
2026-09-26T23:52:30.070	BTN,26,S0,PRESSED                                              
2026-09-26T23:52:32.559	BTN,27,S0,PRESSED                                              
2026-09-26T23:52:34.498	BTN,28,S0,PRESSED                                              
2026-09-26T23:52:36.362	BTN,29,S0,PRESSED                                              
2026-09-26T23:52:37.311	BTN,30,S0,PRESSED                                              
2026-09-26T23:52:37.311	ACK,STOP,S0
2026-09-26T23:52:37.311	LOG,S0,1,80933673,80933680,80933686,80933706,80939256,ok
2026-09-26T23:52:37.311	LOG,S0,2,82560147,82560154,82560160,82560179,82565730,ok
2026-09-26T23:52:37.311	LOG,S0,3,84452667,84452673,84452680,84452699,84458252,ok
2026-09-26T23:52:37.311	LOG,S0,4,86480137,86480144,86480150,86480170,86485724,ok
2026-09-26T23:52:37.311	LOG,S0,5,87693829,87693835,87693842,87693861,87699412,ok
2026-09-26T23:52:37.311	LOG,S0,6,90153329,90153335,90153342,90153361,90158917,ok
2026-09-26T23:52:37.311	LOG,S0,7,91939248,91939255,91939261,91939280,91944831,ok
2026-09-26T23:52:37.311	LOG,S0,8,93054530,93054537,93054543,93054563,93060118,ok
2026-09-26T23:52:37.311	LOG,S0,9,95026619,95026625,95026632,95026651,95032201,ok
2026-09-26T23:52:37.311	LOG,S0,10,96206659,96206666,96206672,96206692,96212246,ok
2026-09-26T23:52:37.311	LOG,S0,11,99306921,99306928,99306934,99306954,99312503,ok
2026-09-26T23:52:37.311	LOG,S0,12,102183137,102183144,102183150,102183170,102188727,ok
2026-09-26T23:52:37.311	LOG,S0,13,107489519,107489526,107489532,107489551,107495102,ok
2026-09-26T23:52:37.311	LOG,S0,14,111065036,111065043,111065049,111065069,111070622,ok
2026-09-26T23:52:37.311	LOG,S0,15,116957006,116957012,116957019,116957038,116962594,ok
2026-09-26T23:52:37.311	LOG,S0,16,117662876,117662882,117662889,117662908,117668460,ok
2026-09-26T23:52:37.311	LOG,S0,17,118368399,118368406,118368412,118368432,118373987,ok
2026-09-26T23:52:37.311	LOG,S0,18,119445155,119445162,119445168,119445188,119450742,ok
2026-09-26T23:52:37.311	LOG,S0,19,126337541,126337548,126337554,126337574,126343126,ok
2026-09-26T23:52:37.311	LOG,S0,20,127966348,127966355,127966361,127966381,127971930,ok
2026-09-26T23:52:37.311	LOG,S0,21,128517141,128517148,128517154,128517173,128522723,ok
2026-09-26T23:52:37.311	LOG,S0,22,128887311,128887318,128887324,128887344,128892894,ok
2026-09-26T23:52:37.311	LOG,S0,23,130290056,130290063,130290069,130290088,130295646,ok
2026-09-26T23:52:37.311	LOG,S0,24,133266403,133266410,133266416,133266436,133271987,ok
2026-09-26T23:52:37.311	LOG,S0,25,134437637,134437643,134437650,134437669,134443226,ok
2026-09-26T23:52:37.311	LOG,S0,26,135364212,135364218,135364225,135364244,135369797,ok
2026-09-26T23:52:37.311	LOG,S0,27,137847763,137847770,137847776,137847796,137853352,ok
2026-09-26T23:52:37.311	LOG,S0,28,139791972,139791979,139791985,139792005,139797562,ok
2026-09-26T23:52:37.311	LOG,S0,29,141652063,141652069,141652076,141652095,141657646,ok
2026-09-26T23:52:37.311	LOG,S0,30,142415510,142415517,142415523,142415542,142421092,ok
2026-09-26T23:52:37.311	CNT,accepted,30
2026-09-26T23:52:37.311	CNT,logged,30
2026-09-26T23:52:37.311	CNT,bounce_rejected,12
2026-09-26T23:52:37.311	CNT,ignored,0
2026-09-26T23:52:37.311	CNT,btn_q_drop,0
2026-09-26T23:52:37.311	CNT,btn_tx_drop,0
2026-09-26T23:52:37.311	CNT,tel_sent,0
2026-09-26T23:52:37.311	CNT,tel_tx_drop,0
2026-09-26T23:52:37.311	CNT,tx_error,0
2026-09-26T23:52:37.311	CNT,tx_timeout,0
2026-09-26T23:52:37.311	CNT,log_overflow,0
2026-09-26T23:52:37.311	CNT,fmt_error,0
2026-09-26T23:52:37.311	CNT,tel_period_min_us,0
2026-09-26T23:52:37.311	CNT,tel_period_max_us,0
2026-09-26T23:52:37.311	CNT,work_min_us,0
2026-09-26T23:52:37.311	CNT,work_max_us,0
2026-09-26T23:52:37.311	CNT,hwm_telemetry_w,195
2026-09-26T23:52:37.311	CNT,hwm_uarttx_w,267
2026-09-26T23:52:37.311	CNT,heap_free_min_b,18248
2026-09-26T23:52:37.311	END,DUMP,S0
