# pc_rx_time yaln?zca bilgi ama?l?d?r; gecikme hesab?nda KULLANILMAZ.
2026-09-26T23:55:51.706	ACK,START,S1
2026-09-26T23:55:51.730	TEL,1,S1,337034133,0,0                                         
2026-09-26T23:55:51.827	TEL,2,S1,337133720,0,0                                         
2026-09-26T23:55:51.930	TEL,3,S1,337233720,0,0                                         
2026-09-26T23:55:52.024	TEL,4,S1,337333720,0,0                                         
2026-09-26T23:55:52.128	TEL,5,S1,337433720,0,0                                         
2026-09-26T23:55:52.225	TEL,6,S1,337533720,0,0                                         
2026-09-26T23:55:52.326	TEL,7,S1,337633720,0,0                                         
2026-09-26T23:55:52.420	TEL,8,S1,337733720,0,0                                         
2026-09-26T23:55:52.520	TEL,9,S1,337833720,0,0                                         
2026-09-26T23:55:52.622	TEL,10,S1,337933720,0,0                                        
2026-09-26T23:55:52.724	TEL,11,S1,338033720,0,0                                        
2026-09-26T23:55:52.830	TEL,12,S1,338133720,0,0                                        
2026-09-26T23:55:52.920	TEL,13,S1,338233720,0,0                                        
2026-09-26T23:55:53.020	TEL,14,S1,338333720,0,0                                        
2026-09-26T23:55:53.123	TEL,15,S1,338433720,0,0                                        
2026-09-26T23:55:53.225	TEL,16,S1,338533720,0,0                                        
2026-09-26T23:55:53.327	TEL,17,S1,338633720,0,0                                        
2026-09-26T23:55:53.420	TEL,18,S1,338733720,0,0                                        
2026-09-26T23:55:53.522	TEL,19,S1,338833720,0,0                                        
2026-09-26T23:55:53.628	TEL,20,S1,338933720,0,0                                        
2026-09-26T23:55:53.724	TEL,21,S1,339033720,0,0                                        
2026-09-26T23:55:53.826	TEL,22,S1,339133720,0,0                                        
2026-09-26T23:55:53.929	TEL,23,S1,339233720,0,0                                        
2026-09-26T23:55:54.023	TEL,24,S1,339333720,0,0                                        
2026-09-26T23:55:54.126	TEL,25,S1,339433720,0,0                                        
2026-09-26T23:55:54.224	TEL,26,S1,339533720,0,0                                        
2026-09-26T23:55:54.325	TEL,27,S1,339633720,0,0                                        
2026-09-26T23:55:54.424	TEL,28,S1,339733720,0,0                                        
2026-09-26T23:55:54.524	TEL,29,S1,339833720,0,0                                        
2026-09-26T23:55:54.626	TEL,30,S1,339933720,0,0                                        
2026-09-26T23:55:54.729	TEL,31,S1,340033720,0,0                                        
2026-09-26T23:55:54.822	TEL,32,S1,340133720,0,0                                        
2026-09-26T23:55:54.922	TEL,33,S1,340233720,0,0                                        
2026-09-26T23:55:55.024	TEL,34,S1,340333720,0,0                                        
2026-09-26T23:55:55.126	TEL,35,S1,340433720,0,0                                        
2026-09-26T23:55:55.228	TEL,36,S1,340533720,0,0                                        
2026-09-26T23:55:55.321	TEL,37,S1,340633720,0,0                                        
2026-09-26T23:55:55.424	TEL,38,S1,340733720,0,0                                        
2026-09-26T23:55:55.523	TEL,39,S1,340833720,0,0                                        
2026-09-26T23:55:55.625	TEL,40,S1,340933720,0,0                                        
2026-09-26T23:55:55.728	TEL,41,S1,341033720,0,0                                        
2026-09-26T23:55:55.824	TEL,42,S1,341133720,0,0                                        
2026-09-26T23:55:55.928	TEL,43,S1,341233720,0,0                                        
2026-09-26T23:55:56.029	TEL,44,S1,341333720,0,0                                        
2026-09-26T23:55:56.121	TEL,45,S1,341433720,0,0                                        
2026-09-26T23:55:56.223	TEL,46,S1,341533720,0,0                                        
2026-09-26T23:55:56.326	TEL,47,S1,341633720,0,0                                        
2026-09-26T23:55:56.427	TEL,48,S1,341733720,0,0                                        
2026-09-26T23:55:56.529	TEL,49,S1,341833720,0,0                                        
2026-09-26T23:55:56.622	TEL,50,S1,341933720,0,0                                        
2026-09-26T23:55:56.724	TEL,51,S1,342033720,0,0                                        
2026-09-26T23:55:56.829	TEL,52,S1,342133720,0,0                                        
2026-09-26T23:55:56.920	TEL,53,S1,342233720,0,0                                        
2026-09-26T23:55:57.028	TEL,54,S1,342333720,0,0                                        
2026-09-26T23:55:57.125	TEL,55,S1,342433720,0,0                                        
2026-09-26T23:55:57.227	TEL,56,S1,342533720,0,0                                        
2026-09-26T23:55:57.330	TEL,57,S1,342633720,0,0                                        
2026-09-26T23:55:57.422	TEL,58,S1,342733720,0,0                                        
2026-09-26T23:55:57.525	TEL,59,S1,342833720,0,0                                        
2026-09-26T23:55:57.620	TEL,60,S1,342933720,0,0                                        
2026-09-26T23:55:57.728	TEL,61,S1,343033720,0,0                                        
2026-09-26T23:55:57.828	TEL,62,S1,343133720,0,0                                        
2026-09-26T23:55:57.923	TEL,63,S1,343233720,0,0                                        
2026-09-26T23:55:57.978	BTN,1,S1,PRESSED                                               
2026-09-26T23:55:58.026	TEL,64,S1,343333720,0,0                                        
2026-09-26T23:55:58.129	TEL,65,S1,343433720,0,0                                        
2026-09-26T23:55:58.221	TEL,66,S1,343533720,0,0                                        
2026-09-26T23:55:58.329	TEL,67,S1,343633720,0,0                                        
2026-09-26T23:55:58.424	TEL,68,S1,343733720,0,0                                        
2026-09-26T23:55:58.525	TEL,69,S1,343833720,0,0                                        
2026-09-26T23:55:58.624	TEL,70,S1,343933720,0,0                                        
2026-09-26T23:55:58.727	TEL,71,S1,344033720,0,0                                        
2026-09-26T23:55:58.829	TEL,72,S1,344133720,0,0                                        
2026-09-26T23:55:58.925	TEL,73,S1,344233720,0,0                                        
2026-09-26T23:55:59.029	TEL,74,S1,344333720,0,0                                        
2026-09-26T23:55:59.070	BTN,2,S1,PRESSED                                               
2026-09-26T23:55:59.121	TEL,75,S1,344433720,0,0                                        
2026-09-26T23:55:59.224	TEL,76,S1,344533720,0,0                                        
2026-09-26T23:55:59.329	TEL,77,S1,344633720,0,0                                        
2026-09-26T23:55:59.420	TEL,78,S1,344733720,0,0                                        
2026-09-26T23:55:59.528	TEL,79,S1,344833720,0,0                                        
2026-09-26T23:55:59.558	BTN,3,S1,PRESSED                                               
2026-09-26T23:55:59.620	TEL,80,S1,344933720,0,0                                        
2026-09-26T23:55:59.722	TEL,81,S1,345033720,0,0                                        
2026-09-26T23:55:59.828	TEL,82,S1,345133720,0,0                                        
2026-09-26T23:55:59.920	TEL,83,S1,345233720,0,0                                        
2026-09-26T23:56:00.028	TEL,84,S1,345333720,0,0                                        
2026-09-26T23:56:00.129	TEL,85,S1,345433720,0,0                                        
2026-09-26T23:56:00.196	BTN,4,S1,PRESSED                                               
2026-09-26T23:56:00.221	TEL,86,S1,345533720,0,0                                        
2026-09-26T23:56:00.322	TEL,87,S1,345633720,0,0                                        
2026-09-26T23:56:00.428	TEL,88,S1,345733720,0,0                                        
2026-09-26T23:56:00.520	TEL,89,S1,345833720,0,0                                        
2026-09-26T23:56:00.628	TEL,90,S1,345933720,0,0                                        
2026-09-26T23:56:00.720	TEL,91,S1,346033720,0,0                                        
2026-09-26T23:56:00.770	BTN,5,S1,PRESSED                                               
2026-09-26T23:56:00.829	TEL,92,S1,346133720,0,0                                        
2026-09-26T23:56:00.924	TEL,93,S1,346233720,0,0                                        
2026-09-26T23:56:01.025	TEL,94,S1,346333720,0,0                                        
2026-09-26T23:56:01.128	TEL,95,S1,346433720,0,0                                        
2026-09-26T23:56:01.220	TEL,96,S1,346533720,0,0                                        
2026-09-26T23:56:01.322	TEL,97,S1,346633720,0,0                                        
2026-09-26T23:56:01.425	TEL,98,S1,346733720,0,0                                        
2026-09-26T23:56:01.528	TEL,99,S1,346833720,0,0                                        
2026-09-26T23:56:01.629	TEL,100,S1,346933720,0,0                                       
2026-09-26T23:56:01.723	TEL,101,S1,347033720,0,0                                       
2026-09-26T23:56:01.762	BTN,6,S1,PRESSED                                               
2026-09-26T23:56:01.823	TEL,102,S1,347133720,0,0                                       
2026-09-26T23:56:01.924	TEL,103,S1,347233720,0,0                                       
2026-09-26T23:56:02.027	TEL,104,S1,347333720,0,0                                       
2026-09-26T23:56:02.128	TEL,105,S1,347433720,0,0                                       
2026-09-26T23:56:02.220	TEL,106,S1,347533720,0,0                                       
2026-09-26T23:56:02.325	TEL,107,S1,347633720,0,0                                       
2026-09-26T23:56:02.425	TEL,108,S1,347733720,0,0                                       
2026-09-26T23:56:02.520	TEL,109,S1,347833720,0,0                                       
2026-09-26T23:56:02.629	TEL,110,S1,347933720,0,0                                       
2026-09-26T23:56:02.699	BTN,7,S1,PRESSED                                               
2026-09-26T23:56:02.729	TEL,111,S1,348033720,0,0                                       
2026-09-26T23:56:02.824	TEL,112,S1,348133720,0,0                                       
2026-09-26T23:56:02.929	TEL,113,S1,348233720,0,0                                       
2026-09-26T23:56:03.025	TEL,114,S1,348333720,0,0                                       
2026-09-26T23:56:03.126	TEL,115,S1,348433720,0,0                                       
2026-09-26T23:56:03.220	TEL,116,S1,348533720,0,0                                       
2026-09-26T23:56:03.323	TEL,117,S1,348633720,0,0                                       
2026-09-26T23:56:03.429	TEL,118,S1,348733720,0,0                                       
2026-09-26T23:56:03.520	TEL,119,S1,348833720,0,0                                       
2026-09-26T23:56:03.630	TEL,120,S1,348933720,0,0                                       
2026-09-26T23:56:03.720	TEL,121,S1,349033720,0,0                                       
2026-09-26T23:56:03.822	TEL,122,S1,349133720,0,0                                       
2026-09-26T23:56:03.920	TEL,123,S1,349233720,0,0                                       
2026-09-26T23:56:04.021	TEL,124,S1,349333720,0,0                                       
2026-09-26T23:56:04.124	BTN,8,S1,PRESSED                                               
2026-09-26T23:56:04.124	TEL,125,S1,349433720,0,0                                       
2026-09-26T23:56:04.229	TEL,126,S1,349533720,0,0                                       
2026-09-26T23:56:04.321	TEL,127,S1,349633720,0,0                                       
2026-09-26T23:56:04.427	TEL,128,S1,349733720,0,0                                       
2026-09-26T23:56:04.452	BTN,9,S1,PRESSED                                               
2026-09-26T23:56:04.528	TEL,129,S1,349833720,0,0                                       
2026-09-26T23:56:04.624	TEL,130,S1,349933720,0,0                                       
2026-09-26T23:56:04.729	TEL,131,S1,350033720,0,0                                       
2026-09-26T23:56:04.824	TEL,132,S1,350133720,0,0                                       
2026-09-26T23:56:04.927	TEL,133,S1,350233720,0,0                                       
2026-09-26T23:56:05.029	TEL,134,S1,350333720,0,0                                       
2026-09-26T23:56:05.123	TEL,135,S1,350433720,0,0                                       
2026-09-26T23:56:05.148	BTN,10,S1,PRESSED                                              
2026-09-26T23:56:05.228	TEL,136,S1,350533720,0,0                                       
2026-09-26T23:56:05.324	TEL,137,S1,350633720,0,0                                       
2026-09-26T23:56:05.427	TEL,138,S1,350733720,0,0                                       
2026-09-26T23:56:05.525	TEL,139,S1,350833720,0,0                                       
2026-09-26T23:56:05.620	TEL,140,S1,350933720,0,0                                       
2026-09-26T23:56:05.729	TEL,141,S1,351033720,0,0                                       
2026-09-26T23:56:05.820	TEL,142,S1,351133720,0,0                                       
2026-09-26T23:56:05.926	TEL,143,S1,351233720,0,0                                       
2026-09-26T23:56:06.024	TEL,144,S1,351333720,0,0                                       
2026-09-26T23:56:06.103	BTN,11,S1,PRESSED                                              
2026-09-26T23:56:06.127	TEL,145,S1,351433720,0,0                                       
2026-09-26T23:56:06.220	TEL,146,S1,351533720,0,0                                       
2026-09-26T23:56:06.328	TEL,147,S1,351633720,0,0                                       
2026-09-26T23:56:06.423	TEL,148,S1,351733720,0,0                                       
2026-09-26T23:56:06.528	TEL,149,S1,351833720,0,0                                       
2026-09-26T23:56:06.624	TEL,150,S1,351933720,0,0                                       
2026-09-26T23:56:06.729	TEL,151,S1,352033720,0,0                                       
2026-09-26T23:56:06.823	TEL,152,S1,352133720,0,0                                       
2026-09-26T23:56:06.928	TEL,153,S1,352233720,0,0                                       
2026-09-26T23:56:06.978	BTN,12,S1,PRESSED                                              
2026-09-26T23:56:07.029	TEL,154,S1,352333720,0,0                                       
2026-09-26T23:56:07.125	TEL,155,S1,352433720,0,0                                       
2026-09-26T23:56:07.220	TEL,156,S1,352533720,0,0                                       
2026-09-26T23:56:07.329	TEL,157,S1,352633720,0,0                                       
2026-09-26T23:56:07.420	TEL,158,S1,352733720,0,0                                       
2026-09-26T23:56:07.528	TEL,159,S1,352833720,0,0                                       
2026-09-26T23:56:07.620	TEL,160,S1,352933720,0,0                                       
2026-09-26T23:56:07.729	TEL,161,S1,353033720,0,0                                       
2026-09-26T23:56:07.823	TEL,162,S1,353133720,0,0                                       
2026-09-26T23:56:07.925	TEL,163,S1,353233720,0,0                                       
2026-09-26T23:56:07.981	BTN,13,S1,PRESSED                                              
2026-09-26T23:56:08.027	TEL,164,S1,353333720,0,0                                       
2026-09-26T23:56:08.124	TEL,165,S1,353433720,0,0                                       
2026-09-26T23:56:08.226	TEL,166,S1,353533720,0,0                                       
2026-09-26T23:56:08.323	TEL,167,S1,353633720,0,0                                       
2026-09-26T23:56:08.427	TEL,168,S1,353733720,0,0                                       
2026-09-26T23:56:08.528	TEL,169,S1,353833720,0,0                                       
2026-09-26T23:56:08.620	TEL,170,S1,353933720,0,0                                       
2026-09-26T23:56:08.728	TEL,171,S1,354033720,0,0                                       
2026-09-26T23:56:08.828	TEL,172,S1,354133720,0,0                                       
2026-09-26T23:56:08.924	TEL,173,S1,354233720,0,0                                       
2026-09-26T23:56:09.028	TEL,174,S1,354333720,0,0                                       
2026-09-26T23:56:09.120	TEL,175,S1,354433720,0,0                                       
2026-09-26T23:56:09.228	TEL,176,S1,354533720,0,0                                       
2026-09-26T23:56:09.329	TEL,177,S1,354633720,0,0                                       
2026-09-26T23:56:09.424	TEL,178,S1,354733720,0,0                                       
2026-09-26T23:56:09.529	TEL,179,S1,354833720,0,0                                       
2026-09-26T23:56:09.588	BTN,14,S1,PRESSED                                              
2026-09-26T23:56:09.628	TEL,180,S1,354933720,0,0                                       
2026-09-26T23:56:09.720	TEL,181,S1,355033720,0,0                                       
2026-09-26T23:56:09.820	TEL,182,S1,355133720,0,0                                       
2026-09-26T23:56:09.921	TEL,183,S1,355233720,0,0                                       
2026-09-26T23:56:10.029	TEL,184,S1,355333720,0,0                                       
2026-09-26T23:56:10.120	TEL,185,S1,355433720,0,0                                       
2026-09-26T23:56:10.228	TEL,186,S1,355533720,0,0                                       
2026-09-26T23:56:10.327	TEL,187,S1,355633720,0,0                                       
2026-09-26T23:56:10.424	TEL,188,S1,355733720,0,0                                       
2026-09-26T23:56:10.527	TEL,189,S1,355833720,0,0                                       
2026-09-26T23:56:10.626	TEL,190,S1,355933720,0,0                                       
2026-09-26T23:56:10.724	TEL,191,S1,356033720,0,0                                       
2026-09-26T23:56:10.826	TEL,192,S1,356133720,0,0                                       
2026-09-26T23:56:10.922	TEL,193,S1,356233720,0,0                                       
2026-09-26T23:56:11.025	TEL,194,S1,356333720,0,0                                       
2026-09-26T23:56:11.128	TEL,195,S1,356433720,0,0                                       
2026-09-26T23:56:11.220	TEL,196,S1,356533720,0,0                                       
2026-09-26T23:56:11.328	TEL,197,S1,356633720,0,0                                       
2026-09-26T23:56:11.424	TEL,198,S1,356733720,0,0                                       
2026-09-26T23:56:11.525	TEL,199,S1,356833720,0,0                                       
2026-09-26T23:56:11.627	TEL,200,S1,356933720,0,0                                       
2026-09-26T23:56:11.720	TEL,201,S1,357033720,0,0                                       
2026-09-26T23:56:11.821	TEL,202,S1,357133720,0,0                                       
2026-09-26T23:56:11.927	BTN,15,S1,PRESSED                                              
2026-09-26T23:56:11.927	TEL,203,S1,357233720,0,0                                       
2026-09-26T23:56:12.023	TEL,204,S1,357333720,0,0                                       
2026-09-26T23:56:12.125	TEL,205,S1,357433720,0,0                                       
2026-09-26T23:56:12.220	TEL,206,S1,357533720,0,0                                       
2026-09-26T23:56:12.328	TEL,207,S1,357633720,0,0                                       
2026-09-26T23:56:12.424	TEL,208,S1,357733720,0,0                                       
2026-09-26T23:56:12.525	TEL,209,S1,357833720,0,0                                       
2026-09-26T23:56:12.629	TEL,210,S1,357933720,0,0                                       
2026-09-26T23:56:12.720	TEL,211,S1,358033720,0,0                                       
2026-09-26T23:56:12.828	TEL,212,S1,358133720,0,0                                       
2026-09-26T23:56:12.922	TEL,213,S1,358233720,0,0                                       
2026-09-26T23:56:13.024	TEL,214,S1,358333720,0,0                                       
2026-09-26T23:56:13.128	TEL,215,S1,358433720,0,0                                       
2026-09-26T23:56:13.220	TEL,216,S1,358533720,0,0                                       
2026-09-26T23:56:13.321	TEL,217,S1,358633720,0,0                                       
2026-09-26T23:56:13.422	TEL,218,S1,358733720,0,0                                       
2026-09-26T23:56:13.520	TEL,219,S1,358833720,0,0                                       
2026-09-26T23:56:13.628	TEL,220,S1,358933720,0,0                                       
2026-09-26T23:56:13.720	TEL,221,S1,359033720,0,0                                       
2026-09-26T23:56:13.770	BTN,16,S1,PRESSED                                              
2026-09-26T23:56:13.822	TEL,222,S1,359133720,0,0                                       
2026-09-26T23:56:13.925	TEL,223,S1,359233720,0,0                                       
2026-09-26T23:56:14.020	TEL,224,S1,359333720,0,0                                       
2026-09-26T23:56:14.129	TEL,225,S1,359433720,0,0                                       
2026-09-26T23:56:14.221	TEL,226,S1,359533720,0,0                                       
2026-09-26T23:56:14.327	TEL,227,S1,359633720,0,0                                       
2026-09-26T23:56:14.425	TEL,228,S1,359733720,0,0                                       
2026-09-26T23:56:14.520	TEL,229,S1,359833720,0,0                                       
2026-09-26T23:56:14.629	TEL,230,S1,359933720,0,0                                       
2026-09-26T23:56:14.721	TEL,231,S1,360033720,0,0                                       
2026-09-26T23:56:14.824	TEL,232,S1,360133720,0,0                                       
2026-09-26T23:56:14.926	TEL,233,S1,360233720,0,0                                       
2026-09-26T23:56:15.024	TEL,234,S1,360333720,0,0                                       
2026-09-26T23:56:15.127	TEL,235,S1,360433720,0,0                                       
2026-09-26T23:56:15.220	TEL,236,S1,360533720,0,0                                       
2026-09-26T23:56:15.324	TEL,237,S1,360633720,0,0                                       
2026-09-26T23:56:15.425	TEL,238,S1,360733720,0,0                                       
2026-09-26T23:56:15.520	TEL,239,S1,360833720,0,0                                       
2026-09-26T23:56:15.627	TEL,240,S1,360933720,0,0                                       
2026-09-26T23:56:15.724	TEL,241,S1,361033720,0,0                                       
2026-09-26T23:56:15.820	TEL,242,S1,361133720,0,0                                       
2026-09-26T23:56:15.928	TEL,243,S1,361233720,0,0                                       
2026-09-26T23:56:15.959	BTN,17,S1,PRESSED                                              
2026-09-26T23:56:16.021	TEL,244,S1,361333720,0,0                                       
2026-09-26T23:56:16.127	TEL,245,S1,361433720,0,0                                       
2026-09-26T23:56:16.227	TEL,246,S1,361533720,0,0                                       
2026-09-26T23:56:16.242	BTN,18,S1,PRESSED                                              
2026-09-26T23:56:16.324	TEL,247,S1,361633720,0,0                                       
2026-09-26T23:56:16.429	TEL,248,S1,361733720,0,0                                       
2026-09-26T23:56:16.520	TEL,249,S1,361833720,0,0                                       
2026-09-26T23:56:16.622	TEL,250,S1,361933720,0,0                                       
2026-09-26T23:56:16.727	TEL,251,S1,362033720,0,0                                       
2026-09-26T23:56:16.823	TEL,252,S1,362133720,0,0                                       
2026-09-26T23:56:16.920	TEL,253,S1,362233720,0,0                                       
2026-09-26T23:56:17.020	TEL,254,S1,362333720,0,0                                       
2026-09-26T23:56:17.129	TEL,255,S1,362433720,0,0                                       
2026-09-26T23:56:17.129	BTN,19,S1,PRESSED                                              
2026-09-26T23:56:17.225	TEL,256,S1,362533720,0,0                                       
2026-09-26T23:56:17.327	TEL,257,S1,362633720,0,0                                       
2026-09-26T23:56:17.420	TEL,258,S1,362733720,0,0                                       
2026-09-26T23:56:17.528	TEL,259,S1,362833720,0,0                                       
2026-09-26T23:56:17.623	TEL,260,S1,362933720,0,0                                       
2026-09-26T23:56:17.726	TEL,261,S1,363033720,0,0                                       
2026-09-26T23:56:17.829	TEL,262,S1,363133720,0,0                                       
2026-09-26T23:56:17.829	BTN,20,S1,PRESSED                                              
2026-09-26T23:56:17.925	TEL,263,S1,363233720,0,0                                       
2026-09-26T23:56:18.026	TEL,264,S1,363333720,0,0                                       
2026-09-26T23:56:18.120	TEL,265,S1,363433720,0,0                                       
2026-09-26T23:56:18.227	TEL,266,S1,363533720,0,0                                       
2026-09-26T23:56:18.320	TEL,267,S1,363633720,0,0                                       
2026-09-26T23:56:18.423	TEL,268,S1,363733720,0,0                                       
2026-09-26T23:56:18.528	TEL,269,S1,363833720,0,0                                       
2026-09-26T23:56:18.620	TEL,270,S1,363933720,0,0                                       
2026-09-26T23:56:18.728	TEL,271,S1,364033720,0,0                                       
2026-09-26T23:56:18.821	TEL,272,S1,364133720,0,0                                       
2026-09-26T23:56:18.923	TEL,273,S1,364233720,0,0                                       
2026-09-26T23:56:18.953	BTN,21,S1,PRESSED                                              
2026-09-26T23:56:19.028	TEL,274,S1,364333720,0,0                                       
2026-09-26T23:56:19.120	TEL,275,S1,364433720,0,0                                       
2026-09-26T23:56:19.225	TEL,276,S1,364533720,0,0                                       
2026-09-26T23:56:19.322	TEL,277,S1,364633720,0,0                                       
2026-09-26T23:56:19.429	TEL,278,S1,364733720,0,0                                       
2026-09-26T23:56:19.429	BTN,22,S1,PRESSED                                              
2026-09-26T23:56:19.528	TEL,279,S1,364833720,0,0                                       
2026-09-26T23:56:19.620	TEL,280,S1,364933720,0,0                                       
2026-09-26T23:56:19.728	TEL,281,S1,365033720,0,0                                       
2026-09-26T23:56:19.820	TEL,282,S1,365133720,0,0                                       
2026-09-26T23:56:19.920	TEL,283,S1,365233720,0,0                                       
2026-09-26T23:56:20.024	TEL,284,S1,365333720,0,0                                       
2026-09-26T23:56:20.122	TEL,285,S1,365433720,0,0                                       
2026-09-26T23:56:20.226	TEL,286,S1,365533720,0,0                                       
2026-09-26T23:56:20.325	TEL,287,S1,365633720,0,0                                       
2026-09-26T23:56:20.422	TEL,288,S1,365733720,0,0                                       
2026-09-26T23:56:20.527	TEL,289,S1,365833720,0,0                                       
2026-09-26T23:56:20.608	BTN,23,S1,PRESSED                                              
2026-09-26T23:56:20.620	TEL,290,S1,365933720,0,0                                       
2026-09-26T23:56:20.722	TEL,291,S1,366033720,0,0                                       
2026-09-26T23:56:20.825	TEL,292,S1,366133720,0,0                                       
2026-09-26T23:56:20.920	TEL,293,S1,366233720,0,0                                       
2026-09-26T23:56:21.026	TEL,294,S1,366333720,0,0                                       
2026-09-26T23:56:21.126	TEL,295,S1,366433720,0,0                                       
2026-09-26T23:56:21.220	TEL,296,S1,366533720,0,0                                       
2026-09-26T23:56:21.327	TEL,297,S1,366633720,0,0                                       
2026-09-26T23:56:21.424	TEL,298,S1,366733720,0,0                                       
2026-09-26T23:56:21.527	TEL,299,S1,366833720,0,0                                       
2026-09-26T23:56:21.627	TEL,300,S1,366933720,0,0                                       
2026-09-26T23:56:21.720	TEL,301,S1,367033720,0,0                                       
2026-09-26T23:56:21.820	TEL,302,S1,367133720,0,0                                       
2026-09-26T23:56:21.872	BTN,24,S1,PRESSED                                              
2026-09-26T23:56:21.923	TEL,303,S1,367233720,0,0                                       
2026-09-26T23:56:22.025	TEL,304,S1,367333720,0,0                                       
2026-09-26T23:56:22.126	TEL,305,S1,367433720,0,0                                       
2026-09-26T23:56:22.220	TEL,306,S1,367533720,0,0                                       
2026-09-26T23:56:22.327	TEL,307,S1,367633720,0,0                                       
2026-09-26T23:56:22.422	TEL,308,S1,367733720,0,0                                       
2026-09-26T23:56:22.526	TEL,309,S1,367833720,0,0                                       
2026-09-26T23:56:22.626	TEL,310,S1,367933720,0,0                                       
2026-09-26T23:56:22.720	TEL,311,S1,368033720,0,0                                       
2026-09-26T23:56:22.836	TEL,312,S1,368133720,0,0                                       
2026-09-26T23:56:22.836	BTN,25,S1,PRESSED                                              
2026-09-26T23:56:22.926	TEL,313,S1,368233720,0,0                                       
2026-09-26T23:56:23.022	TEL,314,S1,368333720,0,0                                       
2026-09-26T23:56:23.128	TEL,315,S1,368433720,0,0                                       
2026-09-26T23:56:23.220	TEL,316,S1,368533720,0,0                                       
2026-09-26T23:56:23.320	TEL,317,S1,368633720,0,0                                       
2026-09-26T23:56:23.420	TEL,318,S1,368733720,0,0                                       
2026-09-26T23:56:23.523	TEL,319,S1,368833720,0,0                                       
2026-09-26T23:56:23.622	TEL,320,S1,368933720,0,0                                       
2026-09-26T23:56:23.723	TEL,321,S1,369033720,0,0                                       
2026-09-26T23:56:23.826	TEL,322,S1,369133720,0,0                                       
2026-09-26T23:56:23.927	TEL,323,S1,369233720,0,0                                       
2026-09-26T23:56:24.023	TEL,324,S1,369333720,0,0                                       
2026-09-26T23:56:24.128	TEL,325,S1,369433720,0,0                                       
2026-09-26T23:56:24.198	BTN,26,S1,PRESSED                                              
2026-09-26T23:56:24.220	TEL,326,S1,369533720,0,0                                       
2026-09-26T23:56:24.325	TEL,327,S1,369633720,0,0                                       
2026-09-26T23:56:24.423	TEL,328,S1,369733720,0,0                                       
2026-09-26T23:56:24.520	TEL,329,S1,369833720,0,0                                       
2026-09-26T23:56:24.627	TEL,330,S1,369933720,0,0                                       
2026-09-26T23:56:24.724	TEL,331,S1,370033720,0,0                                       
2026-09-26T23:56:24.820	TEL,332,S1,370133720,0,0                                       
2026-09-26T23:56:24.927	TEL,333,S1,370233721,0,0                                       
2026-09-26T23:56:25.023	TEL,334,S1,370333720,0,0                                       
2026-09-26T23:56:25.127	TEL,335,S1,370433720,0,0                                       
2026-09-26T23:56:25.222	TEL,336,S1,370533720,0,0                                       
2026-09-26T23:56:25.327	TEL,337,S1,370633720,0,0                                       
2026-09-26T23:56:25.428	TEL,338,S1,370733720,0,0                                       
2026-09-26T23:56:25.523	TEL,339,S1,370833720,0,0                                       
2026-09-26T23:56:25.627	TEL,340,S1,370933720,0,0                                       
2026-09-26T23:56:25.720	TEL,341,S1,371033720,0,0                                       
2026-09-26T23:56:25.827	TEL,342,S1,371133720,0,0                                       
2026-09-26T23:56:25.920	TEL,343,S1,371233720,0,0                                       
2026-09-26T23:56:25.950	BTN,27,S1,PRESSED                                              
2026-09-26T23:56:26.026	TEL,344,S1,371333720,0,0                                       
2026-09-26T23:56:26.120	TEL,345,S1,371433720,0,0                                       
2026-09-26T23:56:26.227	TEL,346,S1,371533720,0,0                                       
2026-09-26T23:56:26.320	TEL,347,S1,371633720,0,0                                       
2026-09-26T23:56:26.424	TEL,348,S1,371733720,0,0                                       
2026-09-26T23:56:26.520	TEL,349,S1,371833720,0,0                                       
2026-09-26T23:56:26.623	TEL,350,S1,371933720,0,0                                       
2026-09-26T23:56:26.727	TEL,351,S1,372033720,0,0                                       
2026-09-26T23:56:26.823	TEL,352,S1,372133720,0,0                                       
2026-09-26T23:56:26.924	TEL,353,S1,372233720,0,0                                       
2026-09-26T23:56:27.023	TEL,354,S1,372333720,0,0                                       
2026-09-26T23:56:27.126	TEL,355,S1,372433720,0,0                                       
2026-09-26T23:56:27.177	BTN,28,S1,PRESSED                                              
2026-09-26T23:56:27.228	TEL,356,S1,372533720,0,0                                       
2026-09-26T23:56:27.320	TEL,357,S1,372633720,0,0                                       
2026-09-26T23:56:27.424	TEL,358,S1,372733720,0,0                                       
2026-09-26T23:56:27.520	TEL,359,S1,372833720,0,0                                       
2026-09-26T23:56:27.626	TEL,360,S1,372933720,0,0                                       
2026-09-26T23:56:27.727	TEL,361,S1,373033720,0,0                                       
2026-09-26T23:56:27.820	TEL,362,S1,373133720,0,0                                       
2026-09-26T23:56:27.927	TEL,363,S1,373233720,0,0                                       
2026-09-26T23:56:28.020	TEL,364,S1,373333720,0,0                                       
2026-09-26T23:56:28.122	TEL,365,S1,373433720,0,0                                       
2026-09-26T23:56:28.227	TEL,366,S1,373533720,0,0                                       
2026-09-26T23:56:28.320	TEL,367,S1,373633720,0,0                                       
2026-09-26T23:56:28.426	TEL,368,S1,373733720,0,0                                       
2026-09-26T23:56:28.523	TEL,369,S1,373833720,0,0                                       
2026-09-26T23:56:28.574	BTN,29,S1,PRESSED                                              
2026-09-26T23:56:28.620	TEL,370,S1,373933720,0,0                                       
2026-09-26T23:56:28.727	TEL,371,S1,374033720,0,0                                       
2026-09-26T23:56:28.821	TEL,372,S1,374133720,0,0                                       
2026-09-26T23:56:28.926	TEL,373,S1,374233720,0,0                                       
2026-09-26T23:56:29.026	TEL,374,S1,374333720,0,0                                       
2026-09-26T23:56:29.120	TEL,375,S1,374433720,0,0                                       
2026-09-26T23:56:29.220	TEL,376,S1,374533720,0,0                                       
2026-09-26T23:56:29.320	TEL,377,S1,374633720,0,0                                       
2026-09-26T23:56:29.422	TEL,378,S1,374733720,0,0                                       
2026-09-26T23:56:29.525	TEL,379,S1,374833720,0,0                                       
2026-09-26T23:56:29.832	TEL,380,S1,374933720,0,0                                       
2026-09-26T23:56:29.832	BTN,30,S1,PRESSED                                              
2026-09-26T23:56:29.832	ACK,STOP,S1
2026-09-26T23:56:29.832	LOG,S1,1,343283144,343283150,343283157,343283176,343288729,ok
2026-09-26T23:56:29.832	LOG,S1,2,344383763,344383770,344383776,344383795,344389352,ok
2026-09-26T23:56:29.832	LOG,S1,3,344865491,344865498,344865504,344865524,344871080,ok
2026-09-26T23:56:29.832	LOG,S1,4,345504884,345504890,345504897,345504916,345510472,ok
2026-09-26T23:56:29.832	LOG,S1,5,346077848,346077855,346077861,346077881,346083434,ok
2026-09-26T23:56:29.832	LOG,S1,6,347071131,347071138,347071144,347071164,347076721,ok
2026-09-26T23:56:29.832	LOG,S1,7,348009213,348009219,348009226,348009245,348014801,ok
2026-09-26T23:56:29.832	LOG,S1,8,349423658,349423665,349423671,349423691,349429244,ok
2026-09-26T23:56:29.832	LOG,S1,9,349757947,349757954,349757960,349757980,349763535,ok
2026-09-26T23:56:29.832	LOG,S1,10,350458058,350458065,350458071,350458091,350463646,ok
2026-09-26T23:56:29.832	LOG,S1,11,351408365,351408372,351408378,351408398,351413954,ok
2026-09-26T23:56:29.832	LOG,S1,12,352290529,352290536,352290542,352290562,352296117,ok
2026-09-26T23:56:29.832	LOG,S1,13,353285902,353285909,353285915,353285935,353291492,ok
2026-09-26T23:56:29.832	LOG,S1,14,354897249,354897255,354897262,354897281,354902834,ok
2026-09-26T23:56:29.832	LOG,S1,15,357225358,357225365,357225372,357225391,357230943,ok
2026-09-26T23:56:29.832	LOG,S1,16,359075591,359075598,359075604,359075624,359081181,ok
2026-09-26T23:56:29.832	LOG,S1,17,361268220,361268226,361268233,361268252,361273804,ok
2026-09-26T23:56:29.832	LOG,S1,18,361554417,361554423,361554430,361554449,361560004,ok
2026-09-26T23:56:29.832	LOG,S1,19,362440247,362440254,362440260,362440280,362445832,ok
2026-09-26T23:56:29.832	LOG,S1,20,363141207,363141214,363141220,363141240,363146792,ok
2026-09-26T23:56:29.832	LOG,S1,21,364263517,364263524,364263530,364263550,364269100,ok
2026-09-26T23:56:29.832	LOG,S1,22,364734746,364734753,364734759,364739303,364744856,ok
2026-09-26T23:56:29.832	LOG,S1,23,365917297,365917304,365917310,365917330,365922882,ok
2026-09-26T23:56:29.832	LOG,S1,24,367182534,367182540,367182547,367182566,367188120,ok
2026-09-26T23:56:29.832	LOG,S1,25,368144261,368144267,368144274,368144293,368149851,ok
2026-09-26T23:56:29.832	LOG,S1,26,369514384,369514390,369514397,369514416,369519973,ok
2026-09-26T23:56:29.832	LOG,S1,27,371259875,371259882,371259888,371259908,371265466,ok
2026-09-26T23:56:29.832	LOG,S1,28,372491996,372492002,372492009,372492028,372497580,ok
2026-09-26T23:56:29.832	LOG,S1,29,373884307,373884313,373884320,373884340,373889897,ok
2026-09-26T23:56:29.832	LOG,S1,30,374943101,374943107,374943114,374943133,374948686,ok
2026-09-26T23:56:29.832	CNT,accepted,30
2026-09-26T23:56:29.832	CNT,logged,30
2026-09-26T23:56:29.832	CNT,bounce_rejected,12
2026-09-26T23:56:29.832	CNT,ignored,0
2026-09-26T23:56:29.832	CNT,btn_q_drop,0
2026-09-26T23:56:29.832	CNT,btn_tx_drop,0
2026-09-26T23:56:29.832	CNT,tel_sent,380
2026-09-26T23:56:29.832	CNT,tel_tx_drop,0
2026-09-26T23:56:29.832	CNT,tx_error,0
2026-09-26T23:56:29.832	CNT,tx_timeout,0
2026-09-26T23:56:29.832	CNT,log_overflow,0
2026-09-26T23:56:29.832	CNT,fmt_error,0
2026-09-26T23:56:29.832	CNT,tel_period_min_us,99587
2026-09-26T23:56:29.832	CNT,tel_period_max_us,100000
2026-09-26T23:56:29.832	CNT,work_min_us,0
2026-09-26T23:56:29.832	CNT,work_max_us,0
2026-09-26T23:56:29.832	CNT,hwm_telemetry_w,193
2026-09-26T23:56:29.832	CNT,hwm_uarttx_w,267
2026-09-26T23:56:29.832	CNT,heap_free_min_b,18248
2026-09-26T23:56:29.832	END,DUMP,S1
