# pc_rx_time yaln?zca bilgi ama?l?d?r; gecikme hesab?nda KULLANILMAZ.
2026-09-26T23:58:13.080	ACK,START,S2
2026-09-26T23:58:13.080	TEL,1,S2,478396564,0,0                                         
2026-09-26T23:58:13.098	TEL,2,S2,478415720,0,0                                         
2026-09-26T23:58:13.121	TEL,3,S2,478435720,0,0                                         
2026-09-26T23:58:13.137	TEL,4,S2,478455720,0,0                                         
2026-09-26T23:58:13.161	TEL,5,S2,478475720,0,0                                         
2026-09-26T23:58:13.177	TEL,6,S2,478495720,0,0                                         
2026-09-26T23:58:13.202	TEL,7,S2,478515720,0,0                                         
2026-09-26T23:58:13.214	TEL,8,S2,478535720,0,0                                         
2026-09-26T23:58:13.233	TEL,9,S2,478555720,0,0                                         
2026-09-26T23:58:13.258	TEL,10,S2,478575720,0,0                                        
2026-09-26T23:58:13.279	TEL,11,S2,478595720,0,0                                        
2026-09-26T23:58:13.298	TEL,12,S2,478615720,0,0                                        
2026-09-26T23:58:13.320	TEL,13,S2,478635720,0,0                                        
2026-09-26T23:58:13.337	TEL,14,S2,478655720,0,0                                        
2026-09-26T23:58:13.359	TEL,15,S2,478675720,0,0                                        
2026-09-26T23:58:13.377	TEL,16,S2,478695720,0,0                                        
2026-09-26T23:58:13.399	TEL,17,S2,478715720,0,0                                        
2026-09-26T23:58:13.409	TEL,18,S2,478735720,0,0                                        
2026-09-26T23:58:13.439	TEL,19,S2,478755720,0,0                                        
2026-09-26T23:58:13.456	TEL,20,S2,478775720,0,0                                        
2026-09-26T23:58:13.480	TEL,21,S2,478795720,0,0                                        
2026-09-26T23:58:13.496	TEL,22,S2,478815720,0,0                                        
2026-09-26T23:58:13.521	TEL,23,S2,478835720,0,0                                        
2026-09-26T23:58:13.531	TEL,24,S2,478855720,0,0                                        
2026-09-26T23:58:13.561	TEL,25,S2,478875720,0,0                                        
2026-09-26T23:58:13.572	TEL,26,S2,478895720,0,0                                        
2026-09-26T23:58:13.602	TEL,27,S2,478915720,0,0                                        
2026-09-26T23:58:13.612	TEL,28,S2,478935720,0,0                                        
2026-09-26T23:58:13.634	TEL,29,S2,478955720,0,0                                        
2026-09-26T23:58:13.656	TEL,30,S2,478975720,0,0                                        
2026-09-26T23:58:13.681	TEL,31,S2,478995720,0,0                                        
2026-09-26T23:58:13.696	TEL,32,S2,479015720,0,0                                        
2026-09-26T23:58:13.720	TEL,33,S2,479035720,0,0                                        
2026-09-26T23:58:13.737	TEL,34,S2,479055720,0,0                                        
2026-09-26T23:58:13.759	TEL,35,S2,479075720,0,0                                        
2026-09-26T23:58:13.778	TEL,36,S2,479095720,0,0                                        
2026-09-26T23:58:13.799	TEL,37,S2,479115720,0,0                                        
2026-09-26T23:58:13.814	TEL,38,S2,479135720,0,0                                        
2026-09-26T23:58:13.839	TEL,39,S2,479155720,0,0                                        
2026-09-26T23:58:13.857	TEL,40,S2,479175720,0,0                                        
2026-09-26T23:58:13.881	TEL,41,S2,479195720,0,0                                        
2026-09-26T23:58:13.896	TEL,42,S2,479215720,0,0                                        
2026-09-26T23:58:13.920	TEL,43,S2,479235720,0,0                                        
2026-09-26T23:58:13.936	TEL,44,S2,479255720,0,0                                        
2026-09-26T23:58:13.961	TEL,45,S2,479275720,0,0                                        
2026-09-26T23:58:13.977	TEL,46,S2,479295720,0,0                                        
2026-09-26T23:58:14.000	TEL,47,S2,479315720,0,0                                        
2026-09-26T23:58:14.017	TEL,48,S2,479335720,0,0                                        
2026-09-26T23:58:14.042	TEL,49,S2,479355720,0,0                                        
2026-09-26T23:58:14.057	TEL,50,S2,479375720,0,0                                        
2026-09-26T23:58:14.081	TEL,51,S2,479395720,0,0                                        
2026-09-26T23:58:14.096	TEL,52,S2,479415720,0,0                                        
2026-09-26T23:58:14.120	TEL,53,S2,479435720,0,0                                        
2026-09-26T23:58:14.130	TEL,54,S2,479455720,0,0                                        
2026-09-26T23:58:14.160	TEL,55,S2,479475720,0,0                                        
2026-09-26T23:58:14.170	TEL,56,S2,479495720,0,0                                        
2026-09-26T23:58:14.201	TEL,57,S2,479515720,0,0                                        
2026-09-26T23:58:14.216	TEL,58,S2,479535720,0,0                                        
2026-09-26T23:58:14.241	TEL,59,S2,479555720,0,0                                        
2026-09-26T23:58:14.251	TEL,60,S2,479575720,0,0                                        
2026-09-26T23:58:14.282	TEL,61,S2,479595720,0,0                                        
2026-09-26T23:58:14.296	TEL,62,S2,479615720,0,0                                        
2026-09-26T23:58:14.320	TEL,63,S2,479635720,0,0                                        
2026-09-26T23:58:14.333	TEL,64,S2,479655720,0,0                                        
2026-09-26T23:58:14.354	TEL,65,S2,479675720,0,0                                        
2026-09-26T23:58:14.374	TEL,66,S2,479695720,0,0                                        
2026-09-26T23:58:14.396	TEL,67,S2,479715720,0,0                                        
2026-09-26T23:58:14.417	TEL,68,S2,479735720,0,0                                        
2026-09-26T23:58:14.435	TEL,69,S2,479755720,0,0                                        
2026-09-26T23:58:14.457	TEL,70,S2,479775720,0,0                                        
2026-09-26T23:58:14.477	TEL,71,S2,479795720,0,0                                        
2026-09-26T23:58:14.497	TEL,72,S2,479815720,0,0                                        
2026-09-26T23:58:14.520	TEL,73,S2,479835720,0,0                                        
2026-09-26T23:58:14.537	TEL,74,S2,479855720,0,0                                        
2026-09-26T23:58:14.562	TEL,75,S2,479875720,0,0                                        
2026-09-26T23:58:14.577	TEL,76,S2,479895720,0,0                                        
2026-09-26T23:58:14.600	TEL,77,S2,479915720,0,0                                        
2026-09-26T23:58:14.617	TEL,78,S2,479935720,0,0                                        
2026-09-26T23:58:14.640	TEL,79,S2,479955720,0,0                                        
2026-09-26T23:58:14.657	TEL,80,S2,479975720,0,0                                        
2026-09-26T23:58:14.681	TEL,81,S2,479995720,0,0                                        
2026-09-26T23:58:14.696	TEL,82,S2,480015720,0,0                                        
2026-09-26T23:58:14.720	TEL,83,S2,480035720,0,0                                        
2026-09-26T23:58:14.736	TEL,84,S2,480055720,0,0                                        
2026-09-26T23:58:14.753	TEL,85,S2,480075720,0,0                                        
2026-09-26T23:58:14.773	TEL,86,S2,480095720,0,0                                        
2026-09-26T23:58:14.797	TEL,87,S2,480115720,0,0                                        
2026-09-26T23:58:14.813	TEL,88,S2,480135720,0,0                                        
2026-09-26T23:58:14.833	TEL,89,S2,480155720,0,0                                        
2026-09-26T23:58:14.857	TEL,90,S2,480175720,0,0                                        
2026-09-26T23:58:14.880	TEL,91,S2,480195720,0,0                                        
2026-09-26T23:58:14.897	TEL,92,S2,480215720,0,0                                        
2026-09-26T23:58:14.920	TEL,93,S2,480235720,0,0                                        
2026-09-26T23:58:14.937	TEL,94,S2,480255720,0,0                                        
2026-09-26T23:58:14.956	TEL,95,S2,480275720,0,0                                        
2026-09-26T23:58:14.977	TEL,96,S2,480295720,0,0                                        
2026-09-26T23:58:15.000	TEL,97,S2,480315720,0,0                                        
2026-09-26T23:58:15.017	TEL,98,S2,480335720,0,0                                        
2026-09-26T23:58:15.040	TEL,99,S2,480355720,0,0                                        
2026-09-26T23:58:15.049	TEL,100,S2,480375720,0,0                                       
2026-09-26T23:58:15.081	TEL,101,S2,480395720,0,0                                       
2026-09-26T23:58:15.098	TEL,102,S2,480415720,0,0                                       
2026-09-26T23:58:15.121	TEL,103,S2,480435720,0,0                                       
2026-09-26T23:58:15.136	TEL,104,S2,480455720,0,0                                       
2026-09-26T23:58:15.161	TEL,105,S2,480475720,0,0                                       
2026-09-26T23:58:15.171	TEL,106,S2,480495720,0,0                                       
2026-09-26T23:58:15.201	TEL,107,S2,480515720,0,0                                       
2026-09-26T23:58:15.216	TEL,108,S2,480535720,0,0                                       
2026-09-26T23:58:15.232	TEL,109,S2,480555720,0,0                                       
2026-09-26T23:58:15.254	TEL,110,S2,480575720,0,0                                       
2026-09-26T23:58:15.278	TEL,111,S2,480595720,0,0                                       
2026-09-26T23:58:15.296	TEL,112,S2,480615720,0,0                                       
2026-09-26T23:58:15.320	TEL,113,S2,480635720,0,0                                       
2026-09-26T23:58:15.336	TEL,114,S2,480655720,0,0                                       
2026-09-26T23:58:15.361	TEL,115,S2,480675720,0,0                                       
2026-09-26T23:58:15.377	TEL,116,S2,480695720,0,0                                       
2026-09-26T23:58:15.401	TEL,117,S2,480715720,0,0                                       
2026-09-26T23:58:15.410	TEL,118,S2,480735720,0,0                                       
2026-09-26T23:58:15.438	TEL,119,S2,480755720,0,0                                       
2026-09-26T23:58:15.449	TEL,120,S2,480775720,0,0                                       
2026-09-26T23:58:15.480	TEL,121,S2,480795720,0,0                                       
2026-09-26T23:58:15.496	TEL,122,S2,480815720,0,0                                       
2026-09-26T23:58:15.520	TEL,123,S2,480835720,0,0                                       
2026-09-26T23:58:15.536	TEL,124,S2,480855720,0,0                                       
2026-09-26T23:58:15.561	TEL,125,S2,480875720,0,0                                       
2026-09-26T23:58:15.577	TEL,126,S2,480895720,0,0                                       
2026-09-26T23:58:15.601	TEL,127,S2,480915720,0,0                                       
2026-09-26T23:58:15.617	TEL,128,S2,480935720,0,0                                       
2026-09-26T23:58:15.632	TEL,129,S2,480955720,0,0                                       
2026-09-26T23:58:15.657	TEL,130,S2,480975720,0,0                                       
2026-09-26T23:58:15.679	TEL,131,S2,480995720,0,0                                       
2026-09-26T23:58:15.696	TEL,132,S2,481015720,0,0                                       
2026-09-26T23:58:15.720	TEL,133,S2,481035720,0,0                                       
2026-09-26T23:58:15.734	TEL,134,S2,481055720,0,0                                       
2026-09-26T23:58:15.761	TEL,135,S2,481075720,0,0                                       
2026-09-26T23:58:15.776	TEL,136,S2,481095720,0,0                                       
2026-09-26T23:58:15.799	TEL,137,S2,481115720,0,0                                       
2026-09-26T23:58:15.815	TEL,138,S2,481135720,0,0                                       
2026-09-26T23:58:15.836	TEL,139,S2,481155720,0,0                                       
2026-09-26T23:58:15.857	TEL,140,S2,481175720,0,0                                       
2026-09-26T23:58:15.881	TEL,141,S2,481195720,0,0                                       
2026-09-26T23:58:15.897	TEL,142,S2,481215720,0,0                                       
2026-09-26T23:58:15.920	TEL,143,S2,481235720,0,0                                       
2026-09-26T23:58:15.929	TEL,144,S2,481255720,0,0                                       
2026-09-26T23:58:15.959	TEL,145,S2,481275720,0,0                                       
2026-09-26T23:58:15.970	TEL,146,S2,481295720,0,0                                       
2026-09-26T23:58:16.000	TEL,147,S2,481315720,0,0                                       
2026-09-26T23:58:16.010	TEL,148,S2,481335720,0,0                                       
2026-09-26T23:58:16.041	TEL,149,S2,481355720,0,0                                       
2026-09-26T23:58:16.052	TEL,150,S2,481375720,0,0                                       
2026-09-26T23:58:16.081	TEL,151,S2,481395720,0,0                                       
2026-09-26T23:58:16.096	TEL,152,S2,481415720,0,0                                       
2026-09-26T23:58:16.120	TEL,153,S2,481435720,0,0                                       
2026-09-26T23:58:16.134	TEL,154,S2,481455720,0,0                                       
2026-09-26T23:58:16.155	TEL,155,S2,481475720,0,0                                       
2026-09-26T23:58:16.177	TEL,156,S2,481495720,0,0                                       
2026-09-26T23:58:16.196	TEL,157,S2,481515720,0,0                                       
2026-09-26T23:58:16.215	TEL,158,S2,481535720,0,0                                       
2026-09-26T23:58:16.236	TEL,159,S2,481555720,0,0                                       
2026-09-26T23:58:16.256	TEL,160,S2,481575720,0,0                                       
2026-09-26T23:58:16.280	TEL,161,S2,481595720,0,0                                       
2026-09-26T23:58:16.298	TEL,162,S2,481615720,0,0                                       
2026-09-26T23:58:16.320	TEL,163,S2,481635720,0,0                                       
2026-09-26T23:58:16.331	TEL,164,S2,481655720,0,0                                       
2026-09-26T23:58:16.361	TEL,165,S2,481675720,0,0                                       
2026-09-26T23:58:16.370	TEL,166,S2,481695720,0,0                                       
2026-09-26T23:58:16.400	TEL,167,S2,481715720,0,0                                       
2026-09-26T23:58:16.416	TEL,168,S2,481735720,0,0                                       
2026-09-26T23:58:16.441	TEL,169,S2,481755720,0,0                                       
2026-09-26T23:58:16.451	TEL,170,S2,481775720,0,0                                       
2026-09-26T23:58:16.472	TEL,171,S2,481795720,0,0                                       
2026-09-26T23:58:16.496	TEL,172,S2,481815720,0,0                                       
2026-09-26T23:58:16.522	TEL,173,S2,481835720,0,0                                       
2026-09-26T23:58:16.532	TEL,174,S2,481855720,0,0                                       
2026-09-26T23:58:16.555	TEL,175,S2,481875720,0,0                                       
2026-09-26T23:58:16.573	TEL,176,S2,481895720,0,0                                       
2026-09-26T23:58:16.596	TEL,177,S2,481915720,0,0                                       
2026-09-26T23:58:16.614	TEL,178,S2,481935720,0,0                                       
2026-09-26T23:58:16.634	TEL,179,S2,481955720,0,0                                       
2026-09-26T23:58:16.655	TEL,180,S2,481975720,0,0                                       
2026-09-26T23:58:16.676	TEL,181,S2,481995720,0,0                                       
2026-09-26T23:58:16.697	TEL,182,S2,482015720,0,0                                       
2026-09-26T23:58:16.720	TEL,183,S2,482035720,0,0                                       
2026-09-26T23:58:16.728	TEL,184,S2,482055720,0,0                                       
2026-09-26T23:58:16.760	TEL,185,S2,482075720,0,0                                       
2026-09-26T23:58:16.772	TEL,186,S2,482095720,0,0                                       
2026-09-26T23:58:16.799	TEL,187,S2,482115720,0,0                                       
2026-09-26T23:58:16.815	TEL,188,S2,482135720,0,0                                       
2026-09-26T23:58:16.840	TEL,189,S2,482155720,0,0                                       
2026-09-26T23:58:16.857	TEL,190,S2,482175720,0,0                                       
2026-09-26T23:58:16.880	TEL,191,S2,482195720,0,0                                       
2026-09-26T23:58:16.896	TEL,192,S2,482215720,0,0                                       
2026-09-26T23:58:16.920	TEL,193,S2,482235720,0,0                                       
2026-09-26T23:58:16.932	TEL,194,S2,482255720,0,0                                       
2026-09-26T23:58:16.953	TEL,195,S2,482275720,0,0                                       
2026-09-26T23:58:16.974	TEL,196,S2,482295720,0,0                                       
2026-09-26T23:58:16.996	TEL,197,S2,482315720,0,0                                       
2026-09-26T23:58:17.017	TEL,198,S2,482335720,0,0                                       
2026-09-26T23:58:17.034	TEL,199,S2,482355720,0,0                                       
2026-09-26T23:58:17.056	TEL,200,S2,482375720,0,0                                       
2026-09-26T23:58:17.077	TEL,201,S2,482395720,0,0                                       
2026-09-26T23:58:17.097	TEL,202,S2,482415720,0,0                                       
2026-09-26T23:58:17.120	TEL,203,S2,482435720,0,0                                       
2026-09-26T23:58:17.137	TEL,204,S2,482455720,0,0                                       
2026-09-26T23:58:17.160	TEL,205,S2,482475720,0,0                                       
2026-09-26T23:58:17.170	TEL,206,S2,482495720,0,0                                       
2026-09-26T23:58:17.199	TEL,207,S2,482515720,0,0                                       
2026-09-26T23:58:17.209	TEL,208,S2,482535720,0,0                                       
2026-09-26T23:58:17.240	TEL,209,S2,482555720,0,0                                       
2026-09-26T23:58:17.251	TEL,210,S2,482575720,0,0                                       
2026-09-26T23:58:17.280	TEL,211,S2,482595720,0,0                                       
2026-09-26T23:58:17.296	TEL,212,S2,482615720,0,0                                       
2026-09-26T23:58:17.322	TEL,213,S2,482635720,0,0                                       
2026-09-26T23:58:17.336	TEL,214,S2,482655720,0,0                                       
2026-09-26T23:58:17.353	TEL,215,S2,482675720,0,0                                       
2026-09-26T23:58:17.377	TEL,216,S2,482695720,0,0                                       
2026-09-26T23:58:17.400	TEL,217,S2,482715720,0,0                                       
2026-09-26T23:58:17.413	TEL,218,S2,482735720,0,0                                       
2026-09-26T23:58:17.434	TEL,219,S2,482755720,0,0                                       
2026-09-26T23:58:17.455	TEL,220,S2,482775720,0,0                                       
2026-09-26T23:58:17.475	TEL,221,S2,482795720,0,0                                       
2026-09-26T23:58:17.497	TEL,222,S2,482815720,0,0                                       
2026-09-26T23:58:17.520	TEL,223,S2,482835720,0,0                                       
2026-09-26T23:58:17.528	TEL,224,S2,482855720,0,0                                       
2026-09-26T23:58:17.558	TEL,225,S2,482875720,0,0                                       
2026-09-26T23:58:17.576	TEL,226,S2,482895720,0,0                                       
2026-09-26T23:58:17.599	TEL,227,S2,482915720,0,0                                       
2026-09-26T23:58:17.609	TEL,228,S2,482935720,0,0                                       
2026-09-26T23:58:17.640	TEL,229,S2,482955720,0,0                                       
2026-09-26T23:58:17.657	TEL,230,S2,482975720,0,0                                       
2026-09-26T23:58:17.680	TEL,231,S2,482995720,0,0                                       
2026-09-26T23:58:17.696	TEL,232,S2,483015720,0,0                                       
2026-09-26T23:58:17.720	TEL,233,S2,483035720,0,0                                       
2026-09-26T23:58:17.732	TEL,234,S2,483055720,0,0                                       
2026-09-26T23:58:17.753	TEL,235,S2,483075720,0,0                                       
2026-09-26T23:58:17.774	TEL,236,S2,483095720,0,0                                       
2026-09-26T23:58:17.796	TEL,237,S2,483115720,0,0                                       
2026-09-26T23:58:17.815	TEL,238,S2,483135720,0,0                                       
2026-09-26T23:58:17.836	TEL,239,S2,483155720,0,0                                       
2026-09-26T23:58:17.857	TEL,240,S2,483175720,0,0                                       
2026-09-26T23:58:17.878	TEL,241,S2,483195720,0,0                                       
2026-09-26T23:58:17.896	TEL,242,S2,483215720,0,0                                       
2026-09-26T23:58:17.920	TEL,243,S2,483235720,0,0                                       
2026-09-26T23:58:17.929	TEL,244,S2,483255720,0,0                                       
2026-09-26T23:58:17.961	TEL,245,S2,483275720,0,0                                       
2026-09-26T23:58:17.974	TEL,246,S2,483295720,0,0                                       
2026-09-26T23:58:18.000	TEL,247,S2,483315720,0,0                                       
2026-09-26T23:58:18.016	TEL,248,S2,483335720,0,0                                       
2026-09-26T23:58:18.041	TEL,249,S2,483355720,0,0                                       
2026-09-26T23:58:18.052	TEL,250,S2,483375720,0,0                                       
2026-09-26T23:58:18.073	TEL,251,S2,483395720,0,0                                       
2026-09-26T23:58:18.096	TEL,252,S2,483415720,0,0                                       
2026-09-26T23:58:18.120	TEL,253,S2,483435720,0,0                                       
2026-09-26T23:58:18.135	TEL,254,S2,483455720,0,0                                       
2026-09-26T23:58:18.156	TEL,255,S2,483475720,0,0                                       
2026-09-26T23:58:18.176	TEL,256,S2,483495720,0,0                                       
2026-09-26T23:58:18.197	TEL,257,S2,483515720,0,0                                       
2026-09-26T23:58:18.217	TEL,258,S2,483535720,0,0                                       
2026-09-26T23:58:18.241	TEL,259,S2,483555720,0,0                                       
2026-09-26T23:58:18.248	TEL,260,S2,483575720,0,0                                       
2026-09-26T23:58:18.280	TEL,261,S2,483595720,0,0                                       
2026-09-26T23:58:18.296	TEL,262,S2,483615720,0,0                                       
2026-09-26T23:58:18.320	TEL,263,S2,483635720,0,0                                       
2026-09-26T23:58:18.334	TEL,264,S2,483655720,0,0                                       
2026-09-26T23:58:18.360	TEL,265,S2,483675720,0,0                                       
2026-09-26T23:58:18.371	TEL,266,S2,483695720,0,0                                       
2026-09-26T23:58:18.401	TEL,267,S2,483715720,0,0                                       
2026-09-26T23:58:18.411	TEL,268,S2,483735720,0,0                                       
2026-09-26T23:58:18.440	TEL,269,S2,483755720,0,0                                       
2026-09-26T23:58:18.452	TEL,270,S2,483775720,0,0                                       
2026-09-26T23:58:18.472	TEL,271,S2,483795720,0,0                                       
2026-09-26T23:58:18.496	TEL,272,S2,483815720,0,0                                       
2026-09-26T23:58:18.520	TEL,273,S2,483835720,0,0                                       
2026-09-26T23:58:18.533	TEL,274,S2,483855720,0,0                                       
2026-09-26T23:58:18.554	TEL,275,S2,483875720,0,0                                       
2026-09-26T23:58:18.575	TEL,276,S2,483895720,0,0                                       
2026-09-26T23:58:18.596	TEL,277,S2,483915720,0,0                                       
2026-09-26T23:58:18.614	TEL,278,S2,483935720,0,0                                       
2026-09-26T23:58:18.641	TEL,279,S2,483955720,0,0                                       
2026-09-26T23:58:18.656	TEL,280,S2,483975720,0,0                                       
2026-09-26T23:58:18.677	TEL,281,S2,483995720,0,0                                       
2026-09-26T23:58:18.697	TEL,282,S2,484015720,0,0                                       
2026-09-26T23:58:18.720	TEL,283,S2,484035720,0,0                                       
2026-09-26T23:58:18.728	TEL,284,S2,484055720,0,0                                       
2026-09-26T23:58:18.760	TEL,285,S2,484075720,0,0                                       
2026-09-26T23:58:18.770	TEL,286,S2,484095720,0,0                                       
2026-09-26T23:58:18.799	TEL,287,S2,484115720,0,0                                       
2026-09-26T23:58:18.809	TEL,288,S2,484135720,0,0                                       
2026-09-26T23:58:18.840	TEL,289,S2,484155720,0,0                                       
2026-09-26T23:58:18.850	TEL,290,S2,484175720,0,0                                       
2026-09-26T23:58:18.880	TEL,291,S2,484195720,0,0                                       
2026-09-26T23:58:18.896	TEL,292,S2,484215720,0,0                                       
2026-09-26T23:58:18.921	TEL,293,S2,484235720,0,0                                       
2026-09-26T23:58:18.931	TEL,294,S2,484255720,0,0                                       
2026-09-26T23:58:18.961	TEL,295,S2,484275720,0,0                                       
2026-09-26T23:58:18.973	TEL,296,S2,484295720,0,0                                       
2026-09-26T23:58:18.996	TEL,297,S2,484315720,0,0                                       
2026-09-26T23:58:19.013	TEL,298,S2,484335720,0,0                                       
2026-09-26T23:58:19.035	TEL,299,S2,484355720,0,0                                       
2026-09-26T23:58:19.055	TEL,300,S2,484375720,0,0                                       
2026-09-26T23:58:19.076	TEL,301,S2,484395720,0,0                                       
2026-09-26T23:58:19.097	TEL,302,S2,484415720,0,0                                       
2026-09-26T23:58:19.137	TEL,303,S2,484435720,0,0                                       
2026-09-26T23:58:19.137	BTN,1,S2,PRESSED                                               
2026-09-26T23:58:19.137	TEL,304,S2,484455720,0,0                                       
2026-09-26T23:58:19.159	TEL,305,S2,484475720,0,0                                       
2026-09-26T23:58:19.176	TEL,306,S2,484495720,0,0                                       
2026-09-26T23:58:19.200	TEL,307,S2,484515720,0,0                                       
2026-09-26T23:58:19.216	TEL,308,S2,484535720,0,0                                       
2026-09-26T23:58:19.240	TEL,309,S2,484555720,0,0                                       
2026-09-26T23:58:19.251	TEL,310,S2,484575720,0,0                                       
2026-09-26T23:58:19.272	TEL,311,S2,484595720,0,0                                       
2026-09-26T23:58:19.296	TEL,312,S2,484615720,0,0                                       
2026-09-26T23:58:19.320	TEL,313,S2,484635720,0,0                                       
2026-09-26T23:58:19.333	TEL,314,S2,484655720,0,0                                       
2026-09-26T23:58:19.354	TEL,315,S2,484675720,0,0                                       
2026-09-26T23:58:19.374	TEL,316,S2,484695720,0,0                                       
2026-09-26T23:58:19.400	TEL,317,S2,484715720,0,0                                       
2026-09-26T23:58:19.414	TEL,318,S2,484735720,0,0                                       
2026-09-26T23:58:19.437	TEL,319,S2,484755720,0,0                                       
2026-09-26T23:58:19.457	TEL,320,S2,484775720,0,0                                       
2026-09-26T23:58:19.477	TEL,321,S2,484795720,0,0                                       
2026-09-26T23:58:19.496	TEL,322,S2,484815720,0,0                                       
2026-09-26T23:58:19.520	TEL,323,S2,484835720,0,0                                       
2026-09-26T23:58:19.553	TEL,324,S2,484855720,0,0                                       
2026-09-26T23:58:19.553	BTN,2,S2,PRESSED                                               
2026-09-26T23:58:19.553	TEL,325,S2,484875720,0,0                                       
2026-09-26T23:58:19.580	TEL,326,S2,484895720,0,0                                       
2026-09-26T23:58:19.597	TEL,327,S2,484915720,0,0                                       
2026-09-26T23:58:19.622	TEL,328,S2,484935720,0,0                                       
2026-09-26T23:58:19.631	TEL,329,S2,484955720,0,0                                       
2026-09-26T23:58:19.654	TEL,330,S2,484975720,0,0                                       
2026-09-26T23:58:19.673	TEL,331,S2,484995720,0,0                                       
2026-09-26T23:58:19.696	TEL,332,S2,485015720,0,0                                       
2026-09-26T23:58:19.716	TEL,333,S2,485035720,0,0                                       
2026-09-26T23:58:19.755	TEL,334,S2,485055720,0,0                                       
2026-09-26T23:58:19.755	BTN,3,S2,PRESSED                                               
2026-09-26T23:58:19.755	TEL,335,S2,485075720,0,0                                       
2026-09-26T23:58:19.777	TEL,336,S2,485095720,0,0                                       
2026-09-26T23:58:19.799	TEL,337,S2,485115720,0,0                                       
2026-09-26T23:58:19.810	TEL,338,S2,485135720,0,0                                       
2026-09-26T23:58:19.841	TEL,339,S2,485155720,0,0                                       
2026-09-26T23:58:19.856	TEL,340,S2,485175720,0,0                                       
2026-09-26T23:58:19.882	TEL,341,S2,485195720,0,0                                       
2026-09-26T23:58:19.896	TEL,342,S2,485215720,0,0                                       
2026-09-26T23:58:19.920	TEL,343,S2,485235720,0,0                                       
2026-09-26T23:58:19.933	TEL,344,S2,485255720,0,0                                       
2026-09-26T23:58:19.958	TEL,345,S2,485275720,0,0                                       
2026-09-26T23:58:19.975	TEL,346,S2,485295720,0,0                                       
2026-09-26T23:58:20.020	TEL,347,S2,485315720,0,0                                       
2026-09-26T23:58:20.020	BTN,4,S2,PRESSED                                               
2026-09-26T23:58:20.020	TEL,348,S2,485335720,0,0                                       
2026-09-26T23:58:20.036	TEL,349,S2,485355720,0,0                                       
2026-09-26T23:58:20.059	TEL,350,S2,485375720,0,0                                       
2026-09-26T23:58:20.077	TEL,351,S2,485395720,0,0                                       
2026-09-26T23:58:20.098	TEL,352,S2,485415720,0,0                                       
2026-09-26T23:58:20.107	TEL,353,S2,485435720,0,0                                       
2026-09-26T23:58:20.138	TEL,354,S2,485455720,0,0                                       
2026-09-26T23:58:20.149	TEL,355,S2,485475720,0,0                                       
2026-09-26T23:58:20.180	TEL,356,S2,485495720,0,0                                       
2026-09-26T23:58:20.196	TEL,357,S2,485515720,0,0                                       
2026-09-26T23:58:20.221	TEL,358,S2,485535720,0,0                                       
2026-09-26T23:58:20.231	TEL,359,S2,485555720,0,0                                       
2026-09-26T23:58:20.261	TEL,360,S2,485575720,0,0                                       
2026-09-26T23:58:20.277	TEL,361,S2,485595720,0,0                                       
2026-09-26T23:58:20.300	TEL,362,S2,485615720,0,0                                       
2026-09-26T23:58:20.334	TEL,363,S2,485635720,0,0                                       
2026-09-26T23:58:20.334	BTN,5,S2,PRESSED                                               
2026-09-26T23:58:20.334	TEL,364,S2,485655720,0,0                                       
2026-09-26T23:58:20.355	TEL,365,S2,485675720,0,0                                       
2026-09-26T23:58:20.375	TEL,366,S2,485695720,0,0                                       
2026-09-26T23:58:20.396	TEL,367,S2,485715720,0,0                                       
2026-09-26T23:58:20.416	TEL,368,S2,485735720,0,0                                       
2026-09-26T23:58:20.440	TEL,369,S2,485755720,0,0                                       
2026-09-26T23:58:20.457	TEL,370,S2,485775720,0,0                                       
2026-09-26T23:58:20.478	TEL,371,S2,485795720,0,0                                       
2026-09-26T23:58:20.496	TEL,372,S2,485815720,0,0                                       
2026-09-26T23:58:20.541	TEL,373,S2,485835720,0,0                                       
2026-09-26T23:58:20.541	BTN,6,S2,PRESSED                                               
2026-09-26T23:58:20.541	TEL,374,S2,485855720,0,0                                       
2026-09-26T23:58:20.550	TEL,375,S2,485875720,0,0                                       
2026-09-26T23:58:20.580	TEL,376,S2,485895720,0,0                                       
2026-09-26T23:58:20.596	TEL,377,S2,485915720,0,0                                       
2026-09-26T23:58:20.620	TEL,378,S2,485935720,0,0                                       
2026-09-26T23:58:20.632	TEL,379,S2,485955720,0,0                                       
2026-09-26T23:58:20.653	TEL,380,S2,485975720,0,0                                       
2026-09-26T23:58:20.674	TEL,381,S2,485995720,0,0                                       
2026-09-26T23:58:20.697	TEL,382,S2,486015720,0,0                                       
2026-09-26T23:58:20.717	TEL,383,S2,486035720,0,0                                       
2026-09-26T23:58:20.755	TEL,384,S2,486055720,0,0                                       
2026-09-26T23:58:20.755	BTN,7,S2,PRESSED                                               
2026-09-26T23:58:20.755	TEL,385,S2,486075720,0,0                                       
2026-09-26T23:58:20.776	TEL,386,S2,486095720,0,0                                       
2026-09-26T23:58:20.797	TEL,387,S2,486115720,0,0                                       
2026-09-26T23:58:20.817	TEL,388,S2,486135720,0,0                                       
2026-09-26T23:58:20.837	TEL,389,S2,486155720,0,0                                       
2026-09-26T23:58:20.848	TEL,390,S2,486175720,0,0                                       
2026-09-26T23:58:20.878	TEL,391,S2,486195720,0,0                                       
2026-09-26T23:58:20.896	TEL,392,S2,486215720,0,0                                       
2026-09-26T23:58:20.918	BTN,8,S2,PRESSED                                               
2026-09-26T23:58:20.918	TEL,393,S2,486235721,0,0                                       
2026-09-26T23:58:20.938	TEL,394,S2,486255720,0,0                                       
2026-09-26T23:58:20.949	TEL,395,S2,486275720,0,0                                       
2026-09-26T23:58:20.979	TEL,396,S2,486295720,0,0                                       
2026-09-26T23:58:20.996	TEL,397,S2,486315720,0,0                                       
2026-09-26T23:58:21.020	TEL,398,S2,486335720,0,0                                       
2026-09-26T23:58:21.037	TEL,399,S2,486355720,0,0                                       
2026-09-26T23:58:21.061	TEL,400,S2,486375720,0,0                                       
2026-09-26T23:58:21.094	TEL,401,S2,486395720,0,0                                       
2026-09-26T23:58:21.094	BTN,9,S2,PRESSED                                               
2026-09-26T23:58:21.094	TEL,402,S2,486415720,0,0                                       
2026-09-26T23:58:21.120	TEL,403,S2,486435720,0,0                                       
2026-09-26T23:58:21.132	TEL,404,S2,486455720,0,0                                       
2026-09-26T23:58:21.161	TEL,405,S2,486475720,0,0                                       
2026-09-26T23:58:21.172	TEL,406,S2,486495720,0,0                                       
2026-09-26T23:58:21.196	TEL,407,S2,486515720,0,0                                       
2026-09-26T23:58:21.213	TEL,408,S2,486535720,0,0                                       
2026-09-26T23:58:21.237	TEL,409,S2,486555720,0,0                                       
2026-09-26T23:58:21.254	BTN,10,S2,PRESSED                                              
2026-09-26T23:58:21.254	TEL,410,S2,486575720,0,0                                       
2026-09-26T23:58:21.275	TEL,411,S2,486595720,0,0                                       
2026-09-26T23:58:21.299	TEL,412,S2,486615720,0,0                                       
2026-09-26T23:58:21.315	TEL,413,S2,486635720,0,0                                       
2026-09-26T23:58:21.336	TEL,414,S2,486655721,0,0                                       
2026-09-26T23:58:21.356	TEL,415,S2,486675720,0,0                                       
2026-09-26T23:58:21.378	TEL,416,S2,486695720,0,0                                       
2026-09-26T23:58:21.396	TEL,417,S2,486715720,0,0                                       
2026-09-26T23:58:21.420	TEL,418,S2,486735720,0,0                                       
2026-09-26T23:58:21.430	TEL,419,S2,486755720,0,0                                       
2026-09-26T23:58:21.461	TEL,420,S2,486775720,0,0                                       
2026-09-26T23:58:21.472	TEL,421,S2,486795720,0,0                                       
2026-09-26T23:58:21.500	TEL,422,S2,486815720,0,0                                       
2026-09-26T23:58:21.513	TEL,423,S2,486835720,0,0                                       
2026-09-26T23:58:21.533	TEL,424,S2,486855720,0,0                                       
2026-09-26T23:58:21.554	TEL,425,S2,486875720,0,0                                       
2026-09-26T23:58:21.575	TEL,426,S2,486895720,0,0                                       
2026-09-26T23:58:21.596	TEL,427,S2,486915720,0,0                                       
2026-09-26T23:58:21.620	TEL,428,S2,486935720,0,0                                       
2026-09-26T23:58:21.657	TEL,429,S2,486955720,0,0                                       
2026-09-26T23:58:21.657	BTN,11,S2,PRESSED                                              
2026-09-26T23:58:21.657	TEL,430,S2,486975720,0,0                                       
2026-09-26T23:58:21.677	TEL,431,S2,486995720,0,0                                       
2026-09-26T23:58:21.700	TEL,432,S2,487015720,0,0                                       
2026-09-26T23:58:21.717	TEL,433,S2,487035720,0,0                                       
2026-09-26T23:58:21.739	TEL,434,S2,487055720,0,0                                       
2026-09-26T23:58:21.750	TEL,435,S2,487075720,0,0                                       
2026-09-26T23:58:21.781	TEL,436,S2,487095720,0,0                                       
2026-09-26T23:58:21.796	TEL,437,S2,487115720,0,0                                       
2026-09-26T23:58:21.820	TEL,438,S2,487135720,0,0                                       
2026-09-26T23:58:21.832	TEL,439,S2,487155720,0,0                                       
2026-09-26T23:58:21.854	TEL,440,S2,487175720,0,0                                       
2026-09-26T23:58:21.876	TEL,441,S2,487195720,0,0                                       
2026-09-26T23:58:21.900	TEL,442,S2,487215720,0,0                                       
2026-09-26T23:58:21.916	TEL,443,S2,487235720,0,0                                       
2026-09-26T23:58:21.934	TEL,444,S2,487255720,0,0                                       
2026-09-26T23:58:21.955	TEL,445,S2,487275720,0,0                                       
2026-09-26T23:58:21.977	TEL,446,S2,487295720,0,0                                       
2026-09-26T23:58:21.997	TEL,447,S2,487315720,0,0                                       
2026-09-26T23:58:22.020	TEL,448,S2,487335720,0,0                                       
2026-09-26T23:58:22.050	TEL,449,S2,487355720,0,0                                       
2026-09-26T23:58:22.050	BTN,12,S2,PRESSED                                              
2026-09-26T23:58:22.050	TEL,450,S2,487375720,0,0                                       
2026-09-26T23:58:22.080	TEL,451,S2,487395720,0,0                                       
2026-09-26T23:58:22.096	TEL,452,S2,487415720,0,0                                       
2026-09-26T23:58:22.120	TEL,453,S2,487435720,0,0                                       
2026-09-26T23:58:22.130	TEL,454,S2,487455720,0,0                                       
2026-09-26T23:58:22.161	TEL,455,S2,487475720,0,0                                       
2026-09-26T23:58:22.172	TEL,456,S2,487495720,0,0                                       
2026-09-26T23:58:22.196	TEL,457,S2,487515720,0,0                                       
2026-09-26T23:58:22.233	TEL,458,S2,487535720,0,0                                       
2026-09-26T23:58:22.233	BTN,13,S2,PRESSED                                              
2026-09-26T23:58:22.233	TEL,459,S2,487555721,0,0                                       
2026-09-26T23:58:22.254	TEL,460,S2,487575720,0,0                                       
2026-09-26T23:58:22.277	TEL,461,S2,487595720,0,0                                       
2026-09-26T23:58:22.301	TEL,462,S2,487615720,0,0                                       
2026-09-26T23:58:22.315	TEL,463,S2,487635720,0,0                                       
2026-09-26T23:58:22.340	TEL,464,S2,487655720,0,0                                       
2026-09-26T23:58:22.356	TEL,465,S2,487675720,0,0                                       
2026-09-26T23:58:22.377	TEL,466,S2,487695720,0,0                                       
2026-09-26T23:58:22.420	TEL,467,S2,487715720,0,0                                       
2026-09-26T23:58:22.420	BTN,14,S2,PRESSED                                              
2026-09-26T23:58:22.420	TEL,468,S2,487735721,0,0                                       
2026-09-26T23:58:22.428	TEL,469,S2,487755720,0,0                                       
2026-09-26T23:58:22.460	TEL,470,S2,487775720,0,0                                       
2026-09-26T23:58:22.470	TEL,471,S2,487795720,0,0                                       
2026-09-26T23:58:22.501	TEL,472,S2,487815720,0,0                                       
2026-09-26T23:58:22.509	TEL,473,S2,487835720,0,0                                       
2026-09-26T23:58:22.541	TEL,474,S2,487855720,0,0                                       
2026-09-26T23:58:22.549	TEL,475,S2,487875720,0,0                                       
2026-09-26T23:58:22.601	TEL,476,S2,487895720,0,0                                       
2026-09-26T23:58:22.601	BTN,15,S2,PRESSED                                              
2026-09-26T23:58:22.601	TEL,477,S2,487915720,0,0                                       
2026-09-26T23:58:22.610	TEL,478,S2,487935720,0,0                                       
2026-09-26T23:58:22.641	TEL,479,S2,487955720,0,0                                       
2026-09-26T23:58:22.655	TEL,480,S2,487975720,0,0                                       
2026-09-26T23:58:22.680	TEL,481,S2,487995720,0,0                                       
2026-09-26T23:58:22.696	TEL,482,S2,488015720,0,0                                       
2026-09-26T23:58:22.720	TEL,483,S2,488035720,0,0                                       
2026-09-26T23:58:22.733	TEL,484,S2,488055720,0,0                                       
2026-09-26T23:58:22.754	TEL,485,S2,488075720,0,0                                       
2026-09-26T23:58:22.775	BTN,16,S2,PRESSED                                              
2026-09-26T23:58:22.775	TEL,486,S2,488095720,0,0                                       
2026-09-26T23:58:22.796	TEL,487,S2,488115720,0,0                                       
2026-09-26T23:58:22.820	TEL,488,S2,488135720,0,0                                       
2026-09-26T23:58:22.836	TEL,489,S2,488155720,0,0                                       
2026-09-26T23:58:22.856	TEL,490,S2,488175720,0,0                                       
2026-09-26T23:58:22.877	TEL,491,S2,488195720,0,0                                       
2026-09-26T23:58:22.900	TEL,492,S2,488215720,0,0                                       
2026-09-26T23:58:22.907	TEL,493,S2,488235720,0,0                                       
2026-09-26T23:58:22.940	TEL,494,S2,488255720,0,0                                       
2026-09-26T23:58:22.949	TEL,495,S2,488275720,0,0                                       
2026-09-26T23:58:22.980	TEL,496,S2,488295720,0,0                                       
2026-09-26T23:58:22.996	TEL,497,S2,488315720,0,0                                       
2026-09-26T23:58:23.021	TEL,498,S2,488335720,0,0                                       
2026-09-26T23:58:23.031	TEL,499,S2,488355720,0,0                                       
2026-09-26T23:58:23.061	TEL,500,S2,488375720,0,0                                       
2026-09-26T23:58:23.072	TEL,501,S2,488395720,0,0                                       
2026-09-26T23:58:23.096	TEL,502,S2,488415720,0,0                                       
2026-09-26T23:58:23.113	TEL,503,S2,488435720,0,0                                       
2026-09-26T23:58:23.134	TEL,504,S2,488455720,0,0                                       
2026-09-26T23:58:23.157	TEL,505,S2,488475720,0,0                                       
2026-09-26T23:58:23.181	TEL,506,S2,488495720,0,0                                       
2026-09-26T23:58:23.220	TEL,507,S2,488515720,0,0                                       
2026-09-26T23:58:23.220	BTN,17,S2,PRESSED                                              
2026-09-26T23:58:23.220	TEL,508,S2,488535720,0,0                                       
2026-09-26T23:58:23.236	TEL,509,S2,488555720,0,0                                       
2026-09-26T23:58:23.256	TEL,510,S2,488575720,0,0                                       
2026-09-26T23:58:23.276	TEL,511,S2,488595720,0,0                                       
2026-09-26T23:58:23.297	TEL,512,S2,488615720,0,0                                       
2026-09-26T23:58:23.317	TEL,513,S2,488635720,0,0                                       
2026-09-26T23:58:23.338	TEL,514,S2,488655720,0,0                                       
2026-09-26T23:58:23.348	TEL,515,S2,488675720,0,0                                       
2026-09-26T23:58:23.399	TEL,516,S2,488695720,0,0                                       
2026-09-26T23:58:23.399	BTN,18,S2,PRESSED                                              
2026-09-26T23:58:23.399	TEL,517,S2,488715720,0,0                                       
2026-09-26T23:58:23.409	TEL,518,S2,488735720,0,0                                       
2026-09-26T23:58:23.440	TEL,519,S2,488755720,0,0                                       
2026-09-26T23:58:23.455	TEL,520,S2,488775720,0,0                                       
2026-09-26T23:58:23.481	TEL,521,S2,488795720,0,0                                       
2026-09-26T23:58:23.496	TEL,522,S2,488815720,0,0                                       
2026-09-26T23:58:23.520	TEL,523,S2,488835720,0,0                                       
2026-09-26T23:58:23.537	TEL,524,S2,488855720,0,0                                       
2026-09-26T23:58:23.560	TEL,525,S2,488875720,0,0                                       
2026-09-26T23:58:23.572	TEL,526,S2,488895720,0,0                                       
2026-09-26T23:58:23.596	TEL,527,S2,488915720,0,0                                       
2026-09-26T23:58:23.613	TEL,528,S2,488935720,0,0                                       
2026-09-26T23:58:23.639	TEL,529,S2,488955720,0,0                                       
2026-09-26T23:58:23.656	TEL,530,S2,488975720,0,0                                       
2026-09-26T23:58:23.680	TEL,531,S2,488995720,0,0                                       
2026-09-26T23:58:23.697	TEL,532,S2,489015720,0,0                                       
2026-09-26T23:58:23.721	TEL,533,S2,489035720,0,0                                       
2026-09-26T23:58:23.729	TEL,534,S2,489055720,0,0                                       
2026-09-26T23:58:23.760	TEL,535,S2,489075720,0,0                                       
2026-09-26T23:58:23.777	TEL,536,S2,489095720,0,0                                       
2026-09-26T23:58:23.800	TEL,537,S2,489115720,0,0                                       
2026-09-26T23:58:23.832	TEL,538,S2,489135720,0,0                                       
2026-09-26T23:58:23.832	BTN,19,S2,PRESSED                                              
2026-09-26T23:58:23.832	TEL,539,S2,489155721,0,0                                       
2026-09-26T23:58:23.853	TEL,540,S2,489175720,0,0                                       
2026-09-26T23:58:23.873	TEL,541,S2,489195720,0,0                                       
2026-09-26T23:58:23.898	TEL,542,S2,489215720,0,0                                       
2026-09-26T23:58:23.913	TEL,543,S2,489235720,0,0                                       
2026-09-26T23:58:23.933	TEL,544,S2,489255720,0,0                                       
2026-09-26T23:58:23.954	TEL,545,S2,489275720,0,0                                       
2026-09-26T23:58:23.975	TEL,546,S2,489295720,0,0                                       
2026-09-26T23:58:23.996	TEL,547,S2,489315720,0,0                                       
2026-09-26T23:58:24.020	TEL,548,S2,489335720,0,0                                       
2026-09-26T23:58:24.047	TEL,549,S2,489355720,0,0                                       
2026-09-26T23:58:24.047	BTN,20,S2,PRESSED                                              
2026-09-26T23:58:24.047	TEL,550,S2,489375720,0,0                                       
2026-09-26T23:58:24.078	TEL,551,S2,489395720,0,0                                       
2026-09-26T23:58:24.096	TEL,552,S2,489415720,0,0                                       
2026-09-26T23:58:24.120	TEL,553,S2,489435720,0,0                                       
2026-09-26T23:58:24.129	TEL,554,S2,489455720,0,0                                       
2026-09-26T23:58:24.159	TEL,555,S2,489475720,0,0                                       
2026-09-26T23:58:24.170	TEL,556,S2,489495720,0,0                                       
2026-09-26T23:58:24.200	TEL,557,S2,489515720,0,0                                       
2026-09-26T23:58:24.232	TEL,558,S2,489535720,0,0                                       
2026-09-26T23:58:24.232	BTN,21,S2,PRESSED                                              
2026-09-26T23:58:24.232	TEL,559,S2,489555720,0,0                                       
2026-09-26T23:58:24.252	TEL,560,S2,489575720,0,0                                       
2026-09-26T23:58:24.272	TEL,561,S2,489595720,0,0                                       
2026-09-26T23:58:24.296	TEL,562,S2,489615720,0,0                                       
2026-09-26T23:58:24.320	TEL,563,S2,489635720,0,0                                       
2026-09-26T23:58:24.332	TEL,564,S2,489655720,0,0                                       
2026-09-26T23:58:24.354	TEL,565,S2,489675720,0,0                                       
2026-09-26T23:58:24.377	TEL,566,S2,489695720,0,0                                       
2026-09-26T23:58:24.400	TEL,567,S2,489715720,0,0                                       
2026-09-26T23:58:24.415	TEL,568,S2,489735720,0,0                                       
2026-09-26T23:58:24.456	TEL,569,S2,489755720,0,0                                       
2026-09-26T23:58:24.456	BTN,22,S2,PRESSED                                              
2026-09-26T23:58:24.456	TEL,570,S2,489775720,0,0                                       
2026-09-26T23:58:24.476	TEL,571,S2,489795720,0,0                                       
2026-09-26T23:58:24.498	TEL,572,S2,489815720,0,0                                       
2026-09-26T23:58:24.517	TEL,573,S2,489835720,0,0                                       
2026-09-26T23:58:24.538	TEL,574,S2,489855720,0,0                                       
2026-09-26T23:58:24.549	TEL,575,S2,489875720,0,0                                       
2026-09-26T23:58:24.579	TEL,576,S2,489895720,0,0                                       
2026-09-26T23:58:24.596	TEL,577,S2,489915720,0,0                                       
2026-09-26T23:58:24.620	TEL,578,S2,489935720,0,0                                       
2026-09-26T23:58:24.630	TEL,579,S2,489955720,0,0                                       
2026-09-26T23:58:24.651	TEL,580,S2,489975720,0,0                                       
2026-09-26T23:58:24.702	TEL,581,S2,489995720,0,0                                       
2026-09-26T23:58:24.702	BTN,23,S2,PRESSED                                              
2026-09-26T23:58:24.702	TEL,582,S2,490015721,0,0                                       
2026-09-26T23:58:24.712	TEL,583,S2,490035720,0,0                                       
2026-09-26T23:58:24.733	TEL,584,S2,490055720,0,0                                       
2026-09-26T23:58:24.755	TEL,585,S2,490075720,0,0                                       
2026-09-26T23:58:24.775	TEL,586,S2,490095720,0,0                                       
2026-09-26T23:58:24.796	TEL,587,S2,490115720,0,0                                       
2026-09-26T23:58:24.820	TEL,588,S2,490135720,0,0                                       
2026-09-26T23:58:24.836	TEL,589,S2,490155720,0,0                                       
2026-09-26T23:58:24.856	TEL,590,S2,490175720,0,0                                       
2026-09-26T23:58:24.877	TEL,591,S2,490195720,0,0                                       
2026-09-26T23:58:24.898	TEL,592,S2,490215720,0,0                                       
2026-09-26T23:58:24.916	TEL,593,S2,490235720,0,0                                       
2026-09-26T23:58:24.940	TEL,594,S2,490255720,0,0                                       
2026-09-26T23:58:24.949	TEL,595,S2,490275720,0,0                                       
2026-09-26T23:58:24.980	TEL,596,S2,490295720,0,0                                       
2026-09-26T23:58:24.996	TEL,597,S2,490315720,0,0                                       
2026-09-26T23:58:25.021	TEL,598,S2,490335720,0,0                                       
2026-09-26T23:58:25.031	TEL,599,S2,490355720,0,0                                       
2026-09-26T23:58:25.060	TEL,600,S2,490375720,0,0                                       
2026-09-26T23:58:25.073	TEL,601,S2,490395720,0,0                                       
2026-09-26T23:58:25.096	TEL,602,S2,490415720,0,0                                       
2026-09-26T23:58:25.116	TEL,603,S2,490435720,0,0                                       
2026-09-26T23:58:25.133	TEL,604,S2,490455720,0,0                                       
2026-09-26T23:58:25.156	TEL,605,S2,490475720,0,0                                       
2026-09-26T23:58:25.174	TEL,606,S2,490495720,0,0                                       
2026-09-26T23:58:25.196	TEL,607,S2,490515720,0,0                                       
2026-09-26T23:58:25.220	TEL,608,S2,490535720,0,0                                       
2026-09-26T23:58:25.234	TEL,609,S2,490555720,0,0                                       
2026-09-26T23:58:25.255	TEL,610,S2,490575720,0,0                                       
2026-09-26T23:58:25.276	TEL,611,S2,490595720,0,0                                       
2026-09-26T23:58:25.298	TEL,612,S2,490615720,0,0                                       
2026-09-26T23:58:25.316	TEL,613,S2,490635720,0,0                                       
2026-09-26T23:58:25.336	TEL,614,S2,490655720,0,0                                       
2026-09-26T23:58:25.357	TEL,615,S2,490675720,0,0                                       
2026-09-26T23:58:25.379	TEL,616,S2,490695720,0,0                                       
2026-09-26T23:58:25.396	TEL,617,S2,490715720,0,0                                       
2026-09-26T23:58:25.421	TEL,618,S2,490735720,0,0                                       
2026-09-26T23:58:25.436	TEL,619,S2,490755720,0,0                                       
2026-09-26T23:58:25.460	TEL,620,S2,490775720,0,0                                       
2026-09-26T23:58:25.474	TEL,621,S2,490795720,0,0                                       
2026-09-26T23:58:25.501	TEL,622,S2,490815720,0,0                                       
2026-09-26T23:58:25.516	TEL,623,S2,490835720,0,0                                       
2026-09-26T23:58:25.541	TEL,624,S2,490855720,0,0                                       
2026-09-26T23:58:25.552	TEL,625,S2,490875720,0,0                                       
2026-09-26T23:58:25.572	TEL,626,S2,490895720,0,0                                       
2026-09-26T23:58:25.596	TEL,627,S2,490915720,0,0                                       
2026-09-26T23:58:25.620	TEL,628,S2,490935720,0,0                                       
2026-09-26T23:58:25.633	TEL,629,S2,490955720,0,0                                       
2026-09-26T23:58:25.654	TEL,630,S2,490975720,0,0                                       
2026-09-26T23:58:25.675	TEL,631,S2,490995720,0,0                                       
2026-09-26T23:58:25.696	TEL,632,S2,491015720,0,0                                       
2026-09-26T23:58:25.716	TEL,633,S2,491035720,0,0                                       
2026-09-26T23:58:25.735	TEL,634,S2,491055720,0,0                                       
2026-09-26T23:58:25.756	TEL,635,S2,491075720,0,0                                       
2026-09-26T23:58:25.777	TEL,636,S2,491095720,0,0                                       
2026-09-26T23:58:25.796	TEL,637,S2,491115720,0,0                                       
2026-09-26T23:58:25.820	TEL,638,S2,491135720,0,0                                       
2026-09-26T23:58:25.829	TEL,639,S2,491155720,0,0                                       
2026-09-26T23:58:25.850	BTN,24,S2,PRESSED                                              
2026-09-26T23:58:25.850	TEL,640,S2,491175721,0,0                                       
2026-09-26T23:58:25.880	TEL,641,S2,491195720,0,0                                       
2026-09-26T23:58:25.896	TEL,642,S2,491215720,0,0                                       
2026-09-26T23:58:25.920	TEL,643,S2,491235720,0,0                                       
2026-09-26T23:58:25.932	TEL,644,S2,491255720,0,0                                       
2026-09-26T23:58:25.953	TEL,645,S2,491275720,0,0                                       
2026-09-26T23:58:25.974	TEL,646,S2,491295720,0,0                                       
2026-09-26T23:58:26.000	TEL,647,S2,491315720,0,0                                       
2026-09-26T23:58:26.014	TEL,648,S2,491335720,0,0                                       
2026-09-26T23:58:26.041	TEL,649,S2,491355720,0,0                                       
2026-09-26T23:58:26.056	TEL,650,S2,491375720,0,0                                       
2026-09-26T23:58:26.077	TEL,651,S2,491395720,0,0                                       
2026-09-26T23:58:26.096	TEL,652,S2,491415720,0,0                                       
2026-09-26T23:58:26.120	TEL,653,S2,491435720,0,0                                       
2026-09-26T23:58:26.130	TEL,654,S2,491455720,0,0                                       
2026-09-26T23:58:26.158	TEL,655,S2,491475720,0,0                                       
2026-09-26T23:58:26.170	TEL,656,S2,491495720,0,0                                       
2026-09-26T23:58:26.201	TEL,657,S2,491515720,0,0                                       
2026-09-26T23:58:26.210	TEL,658,S2,491535720,0,0                                       
2026-09-26T23:58:26.231	TEL,659,S2,491555720,0,0                                       
2026-09-26T23:58:26.253	TEL,660,S2,491575720,0,0                                       
2026-09-26T23:58:26.274	TEL,661,S2,491595720,0,0                                       
2026-09-26T23:58:26.297	TEL,662,S2,491615720,0,0                                       
2026-09-26T23:58:26.321	TEL,663,S2,491635720,0,0                                       
2026-09-26T23:58:26.337	TEL,664,S2,491655720,0,0                                       
2026-09-26T23:58:26.361	TEL,665,S2,491675720,0,0                                       
2026-09-26T23:58:26.377	TEL,666,S2,491695720,0,0                                       
2026-09-26T23:58:26.397	TEL,667,S2,491715720,0,0                                       
2026-09-26T23:58:26.410	TEL,668,S2,491735720,0,0                                       
2026-09-26T23:58:26.439	TEL,669,S2,491755720,0,0                                       
2026-09-26T23:58:26.450	TEL,670,S2,491775720,0,0                                       
2026-09-26T23:58:26.471	TEL,671,S2,491795720,0,0                                       
2026-09-26T23:58:26.497	TEL,672,S2,491815720,0,0                                       
2026-09-26T23:58:26.521	TEL,673,S2,491835720,0,0                                       
2026-09-26T23:58:26.538	TEL,674,S2,491855720,0,0                                       
2026-09-26T23:58:26.561	TEL,675,S2,491875720,0,0                                       
2026-09-26T23:58:26.577	TEL,676,S2,491895720,0,0                                       
2026-09-26T23:58:26.601	TEL,677,S2,491915720,0,0                                       
2026-09-26T23:58:26.617	TEL,678,S2,491935720,0,0                                       
2026-09-26T23:58:26.641	TEL,679,S2,491955720,0,0                                       
2026-09-26T23:58:26.650	TEL,680,S2,491975720,0,0                                       
2026-09-26T23:58:26.681	TEL,681,S2,491995720,0,0                                       
2026-09-26T23:58:26.696	TEL,682,S2,492015720,0,0                                       
2026-09-26T23:58:26.720	TEL,683,S2,492035720,0,0                                       
2026-09-26T23:58:26.736	TEL,684,S2,492055720,0,0                                       
2026-09-26T23:58:26.761	TEL,685,S2,492075720,0,0                                       
2026-09-26T23:58:26.801	TEL,686,S2,492095720,0,0                                       
2026-09-26T23:58:26.801	BTN,25,S2,PRESSED                                              
2026-09-26T23:58:26.801	TEL,687,S2,492115721,0,0                                       
2026-09-26T23:58:26.817	TEL,688,S2,492135720,0,0                                       
2026-09-26T23:58:26.839	TEL,689,S2,492155720,0,0                                       
2026-09-26T23:58:26.850	TEL,690,S2,492175720,0,0                                       
2026-09-26T23:58:26.881	TEL,691,S2,492195720,0,0                                       
2026-09-26T23:58:26.896	TEL,692,S2,492215720,0,0                                       
2026-09-26T23:58:26.921	TEL,693,S2,492235720,0,0                                       
2026-09-26T23:58:26.937	TEL,694,S2,492255720,0,0                                       
2026-09-26T23:58:26.961	TEL,695,S2,492275720,0,0                                       
2026-09-26T23:58:26.997	TEL,696,S2,492295720,0,0                                       
2026-09-26T23:58:26.997	BTN,26,S2,PRESSED                                              
2026-09-26T23:58:26.997	TEL,697,S2,492315721,0,0                                       
2026-09-26T23:58:27.020	TEL,698,S2,492335720,0,0                                       
2026-09-26T23:58:27.031	TEL,699,S2,492355720,0,0                                       
2026-09-26T23:58:27.061	TEL,700,S2,492375720,0,0                                       
2026-09-26T23:58:27.077	TEL,701,S2,492395720,0,0                                       
2026-09-26T23:58:27.101	TEL,702,S2,492415720,0,0                                       
2026-09-26T23:58:27.112	TEL,703,S2,492435720,0,0                                       
2026-09-26T23:58:27.140	TEL,704,S2,492455720,0,0                                       
2026-09-26T23:58:27.176	TEL,705,S2,492475720,0,0                                       
2026-09-26T23:58:27.176	BTN,27,S2,PRESSED                                              
2026-09-26T23:58:27.176	TEL,706,S2,492495720,0,0                                       
2026-09-26T23:58:27.201	TEL,707,S2,492515720,0,0                                       
2026-09-26T23:58:27.211	TEL,708,S2,492535720,0,0                                       
2026-09-26T23:58:27.241	TEL,709,S2,492555720,0,0                                       
2026-09-26T23:58:27.249	TEL,710,S2,492575720,0,0                                       
2026-09-26T23:58:27.280	TEL,711,S2,492595720,0,0                                       
2026-09-26T23:58:27.297	TEL,712,S2,492615720,0,0                                       
2026-09-26T23:58:27.320	TEL,713,S2,492635720,0,0                                       
2026-09-26T23:58:27.337	TEL,714,S2,492655720,0,0                                       
2026-09-26T23:58:27.359	TEL,715,S2,492675720,0,0                                       
2026-09-26T23:58:27.376	TEL,716,S2,492695720,0,0                                       
2026-09-26T23:58:27.401	TEL,717,S2,492715720,0,0                                       
2026-09-26T23:58:27.411	TEL,718,S2,492735720,0,0                                       
2026-09-26T23:58:27.439	TEL,719,S2,492755720,0,0                                       
2026-09-26T23:58:27.450	TEL,720,S2,492775720,0,0                                       
2026-09-26T23:58:27.481	TEL,721,S2,492795720,0,0                                       
2026-09-26T23:58:27.497	TEL,722,S2,492815720,0,0                                       
2026-09-26T23:58:27.520	TEL,723,S2,492835720,0,0                                       
2026-09-26T23:58:27.537	TEL,724,S2,492855720,0,0                                       
2026-09-26T23:58:27.560	TEL,725,S2,492875720,0,0                                       
2026-09-26T23:58:27.576	TEL,726,S2,492895720,0,0                                       
2026-09-26T23:58:27.600	TEL,727,S2,492915720,0,0                                       
2026-09-26T23:58:27.612	TEL,728,S2,492935720,0,0                                       
2026-09-26T23:58:27.631	TEL,729,S2,492955720,0,0                                       
2026-09-26T23:58:27.653	TEL,730,S2,492975720,0,0                                       
2026-09-26T23:58:27.674	TEL,731,S2,492995720,0,0                                       
2026-09-26T23:58:27.697	TEL,732,S2,493015720,0,0                                       
2026-09-26T23:58:27.720	TEL,733,S2,493035720,0,0                                       
2026-09-26T23:58:27.735	TEL,734,S2,493055720,0,0                                       
2026-09-26T23:58:27.755	TEL,735,S2,493075720,0,0                                       
2026-09-26T23:58:27.776	TEL,736,S2,493095720,0,0                                       
2026-09-26T23:58:27.796	TEL,737,S2,493115720,0,0                                       
2026-09-26T23:58:27.816	TEL,738,S2,493135720,0,0                                       
2026-09-26T23:58:27.840	TEL,739,S2,493155720,0,0                                       
2026-09-26T23:58:27.857	TEL,740,S2,493175720,0,0                                       
2026-09-26T23:58:27.878	TEL,741,S2,493195720,0,0                                       
2026-09-26T23:58:27.896	TEL,742,S2,493215720,0,0                                       
2026-09-26T23:58:27.920	TEL,743,S2,493235720,0,0                                       
2026-09-26T23:58:27.929	TEL,744,S2,493255720,0,0                                       
2026-09-26T23:58:27.960	TEL,745,S2,493275720,0,0                                       
2026-09-26T23:58:27.971	TEL,746,S2,493295720,0,0                                       
2026-09-26T23:58:28.001	TEL,747,S2,493315720,0,0                                       
2026-09-26T23:58:28.011	TEL,748,S2,493335720,0,0                                       
2026-09-26T23:58:28.040	TEL,749,S2,493355720,0,0                                       
2026-09-26T23:58:28.052	TEL,750,S2,493375720,0,0                                       
2026-09-26T23:58:28.074	TEL,751,S2,493395720,0,0                                       
2026-09-26T23:58:28.094	TEL,752,S2,493415720,0,0                                       
2026-09-26T23:58:28.120	TEL,753,S2,493435720,0,0                                       
2026-09-26T23:58:28.135	TEL,754,S2,493455720,0,0                                       
2026-09-26T23:58:28.160	TEL,755,S2,493475720,0,0                                       
2026-09-26T23:58:28.174	TEL,756,S2,493495720,0,0                                       
2026-09-26T23:58:28.200	TEL,757,S2,493515720,0,0                                       
2026-09-26T23:58:28.216	TEL,758,S2,493535720,0,0                                       
2026-09-26T23:58:28.234	TEL,759,S2,493555720,0,0                                       
2026-09-26T23:58:28.255	TEL,760,S2,493575720,0,0                                       
2026-09-26T23:58:28.280	TEL,761,S2,493595720,0,0                                       
2026-09-26T23:58:28.296	TEL,762,S2,493615720,0,0                                       
2026-09-26T23:58:28.320	TEL,763,S2,493635720,0,0                                       
2026-09-26T23:58:28.336	TEL,764,S2,493655720,0,0                                       
2026-09-26T23:58:28.359	TEL,765,S2,493675720,0,0                                       
2026-09-26T23:58:28.376	TEL,766,S2,493695720,0,0                                       
2026-09-26T23:58:28.400	TEL,767,S2,493715720,0,0                                       
2026-09-26T23:58:28.414	TEL,768,S2,493735720,0,0                                       
2026-09-26T23:58:28.438	TEL,769,S2,493755720,0,0                                       
2026-09-26T23:58:28.453	TEL,770,S2,493775720,0,0                                       
2026-09-26T23:58:28.480	TEL,771,S2,493795720,0,0                                       
2026-09-26T23:58:28.496	TEL,772,S2,493815720,0,0                                       
2026-09-26T23:58:28.520	TEL,773,S2,493835720,0,0                                       
2026-09-26T23:58:28.531	TEL,774,S2,493855720,0,0                                       
2026-09-26T23:58:28.560	TEL,775,S2,493875720,0,0                                       
2026-09-26T23:58:28.600	TEL,776,S2,493895720,0,0                                       
2026-09-26T23:58:28.600	BTN,28,S2,PRESSED                                              
2026-09-26T23:58:28.600	TEL,777,S2,493915721,0,0                                       
2026-09-26T23:58:28.612	TEL,778,S2,493935720,0,0                                       
2026-09-26T23:58:28.633	TEL,779,S2,493955720,0,0                                       
2026-09-26T23:58:28.655	TEL,780,S2,493975720,0,0                                       
2026-09-26T23:58:28.674	TEL,781,S2,493995720,0,0                                       
2026-09-26T23:58:28.696	TEL,782,S2,494015720,0,0                                       
2026-09-26T23:58:28.720	TEL,783,S2,494035720,0,0                                       
2026-09-26T23:58:28.734	TEL,784,S2,494055720,0,0                                       
2026-09-26T23:58:28.760	TEL,785,S2,494075720,0,0                                       
2026-09-26T23:58:28.794	TEL,786,S2,494095720,0,0                                       
2026-09-26T23:58:28.794	BTN,29,S2,PRESSED                                              
2026-09-26T23:58:28.794	TEL,787,S2,494115720,0,0                                       
2026-09-26T23:58:28.820	TEL,788,S2,494135720,0,0                                       
2026-09-26T23:58:28.835	TEL,789,S2,494155720,0,0                                       
2026-09-26T23:58:28.858	TEL,790,S2,494175720,0,0                                       
2026-09-26T23:58:28.876	TEL,791,S2,494195720,0,0                                       
2026-09-26T23:58:28.897	TEL,792,S2,494215720,0,0                                       
2026-09-26T23:58:28.916	TEL,793,S2,494235720,0,0                                       
2026-09-26T23:58:28.939	TEL,794,S2,494255720,0,0                                       
2026-09-26T23:58:28.956	TEL,795,S2,494275720,0,0                                       
2026-09-26T23:58:28.980	TEL,796,S2,494295720,0,0                                       
2026-09-26T23:58:28.996	TEL,797,S2,494315720,0,0                                       
2026-09-26T23:58:29.020	TEL,798,S2,494335720,0,0                                       
2026-09-26T23:58:29.028	TEL,799,S2,494355720,0,0                                       
2026-09-26T23:58:29.060	TEL,800,S2,494375720,0,0                                       
2026-09-26T23:58:29.070	TEL,801,S2,494395720,0,0                                       
2026-09-26T23:58:29.099	TEL,802,S2,494415720,0,0                                       
2026-09-26T23:58:29.115	TEL,803,S2,494435720,0,0                                       
2026-09-26T23:58:29.138	TEL,804,S2,494455720,0,0                                       
2026-09-26T23:58:29.148	TEL,805,S2,494475720,0,0                                       
2026-09-26T23:58:29.180	TEL,806,S2,494495720,0,0                                       
2026-09-26T23:58:29.196	TEL,807,S2,494515720,0,0                                       
2026-09-26T23:58:29.220	TEL,808,S2,494535720,0,0                                       
2026-09-26T23:58:29.230	TEL,809,S2,494555720,0,0                                       
2026-09-26T23:58:29.260	TEL,810,S2,494575720,0,0                                       
2026-09-26T23:58:29.271	TEL,811,S2,494595720,0,0                                       
2026-09-26T23:58:29.300	TEL,812,S2,494615720,0,0                                       
2026-09-26T23:58:29.312	TEL,813,S2,494635720,0,0                                       
2026-09-26T23:58:29.334	TEL,814,S2,494655720,0,0                                       
2026-09-26T23:58:29.354	TEL,815,S2,494675720,0,0                                       
2026-09-26T23:58:29.374	TEL,816,S2,494695720,0,0                                       
2026-09-26T23:58:29.396	TEL,817,S2,494715720,0,0                                       
2026-09-26T23:58:29.420	TEL,818,S2,494735720,0,0                                       
2026-09-26T23:58:29.434	TEL,819,S2,494755720,0,0                                       
2026-09-26T23:58:29.456	TEL,820,S2,494775720,0,0                                       
2026-09-26T23:58:29.476	TEL,821,S2,494795720,0,0                                       
2026-09-26T23:58:29.496	TEL,822,S2,494815720,0,0                                       
2026-09-26T23:58:29.516	TEL,823,S2,494835720,0,0                                       
2026-09-26T23:58:29.536	TEL,824,S2,494855720,0,0                                       
2026-09-26T23:58:29.547	TEL,825,S2,494875720,0,0                                       
2026-09-26T23:58:29.580	TEL,826,S2,494895720,0,0                                       
2026-09-26T23:58:29.596	TEL,827,S2,494915720,0,0                                       
2026-09-26T23:58:29.620	TEL,828,S2,494935720,0,0                                       
2026-09-26T23:58:29.629	TEL,829,S2,494955720,0,0                                       
2026-09-26T23:58:29.659	TEL,830,S2,494975720,0,0                                       
2026-09-26T23:58:29.670	TEL,831,S2,494995720,0,0                                       
2026-09-26T23:58:29.701	TEL,832,S2,495015720,0,0                                       
2026-09-26T23:58:29.710	TEL,833,S2,495035720,0,0                                       
2026-09-26T23:58:29.735	TEL,834,S2,495055720,0,0                                       
2026-09-26T23:58:29.751	TEL,835,S2,495075720,0,0                                       
2026-09-26T23:58:29.772	TEL,836,S2,495095720,0,0                                       
2026-09-26T23:58:29.796	TEL,837,S2,495115720,0,0                                       
2026-09-26T23:58:29.820	TEL,838,S2,495135720,0,0                                       
2026-09-26T23:58:29.832	TEL,839,S2,495155720,0,0                                       
2026-09-26T23:58:29.859	TEL,840,S2,495175720,0,0                                       
2026-09-26T23:58:29.876	TEL,841,S2,495195720,0,0                                       
2026-09-26T23:58:29.896	TEL,842,S2,495215720,0,0                                       
2026-09-26T23:58:29.914	TEL,843,S2,495235720,0,0                                       
2026-09-26T23:58:29.936	TEL,844,S2,495255720,0,0                                       
2026-09-26T23:58:29.956	TEL,845,S2,495275720,0,0                                       
2026-09-26T23:58:29.980	TEL,846,S2,495295720,0,0                                       
2026-09-26T23:58:29.996	TEL,847,S2,495315720,0,0                                       
2026-09-26T23:58:30.020	TEL,848,S2,495335720,0,0                                       
2026-09-26T23:58:30.036	TEL,849,S2,495355720,0,0                                       
2026-09-26T23:58:30.059	TEL,850,S2,495375720,0,0                                       
2026-09-26T23:58:30.073	TEL,851,S2,495395720,0,0                                       
2026-09-26T23:58:30.097	TEL,852,S2,495415720,0,0                                       
2026-09-26T23:58:30.115	TEL,853,S2,495435720,0,0                                       
2026-09-26T23:58:30.137	TEL,854,S2,495455720,0,0                                       
2026-09-26T23:58:30.149	TEL,855,S2,495475720,0,0                                       
2026-09-26T23:58:30.179	TEL,856,S2,495495720,0,0                                       
2026-09-26T23:58:30.196	TEL,857,S2,495515720,0,0                                       
2026-09-26T23:58:30.220	TEL,858,S2,495535720,0,0                                       
2026-09-26T23:58:30.236	TEL,859,S2,495555720,0,0                                       
2026-09-26T23:58:30.260	TEL,860,S2,495575720,0,0                                       
2026-09-26T23:58:30.276	TEL,861,S2,495595720,0,0                                       
2026-09-26T23:58:30.300	TEL,862,S2,495615720,0,0                                       
2026-09-26T23:58:30.312	TEL,863,S2,495635720,0,0                                       
2026-09-26T23:58:30.339	TEL,864,S2,495655720,0,0                                       
2026-09-26T23:58:30.352	TEL,865,S2,495675720,0,0                                       
2026-09-26T23:58:30.380	TEL,866,S2,495695720,0,0                                       
2026-09-26T23:58:30.396	TEL,867,S2,495715720,0,0                                       
2026-09-26T23:58:30.420	TEL,868,S2,495735720,0,0                                       
2026-09-26T23:58:30.437	TEL,869,S2,495755720,0,0                                       
2026-09-26T23:58:30.656	TEL,870,S2,495775720,0,0                                       
2026-09-26T23:58:30.656	BTN,30,S2,PRESSED                                              
2026-09-26T23:58:30.656	ACK,STOP,S2
2026-09-26T23:58:30.656	LOG,S2,1,484444857,484444864,484444870,484444890,484450442,ok
2026-09-26T23:58:30.656	LOG,S2,2,484858332,484858338,484858345,484861305,484866858,ok
2026-09-26T23:58:30.656	LOG,S2,3,485058874,485058880,485058887,485061306,485066859,ok
2026-09-26T23:58:30.656	LOG,S2,4,485325984,485325991,485325997,485326017,485331574,ok
2026-09-26T23:58:30.656	LOG,S2,5,485640908,485640915,485640921,485641305,485646858,ok
2026-09-26T23:58:30.656	LOG,S2,6,485840770,485840776,485840783,485841306,485846859,ok
2026-09-26T23:58:30.656	LOG,S2,7,486059847,486059854,486059860,486061309,486066862,ok
2026-09-26T23:58:30.656	LOG,S2,8,486231905,486231912,486231918,486231938,486237492,ok
2026-09-26T23:58:30.656	LOG,S2,9,486404255,486404262,486404268,486404288,486409837,ok
2026-09-26T23:58:30.656	LOG,S2,10,486573365,486573372,486573378,486573398,486578950,ok
2026-09-26T23:58:30.656	LOG,S2,11,486958826,486958832,486958839,486961308,486966861,ok
2026-09-26T23:58:30.656	LOG,S2,12,487368588,487368595,487368601,487368621,487374177,ok
2026-09-26T23:58:30.656	LOG,S2,13,487549340,487549346,487549353,487549372,487554929,ok
2026-09-26T23:58:30.656	LOG,S2,14,487730205,487730211,487730218,487730237,487735794,ok
2026-09-26T23:58:30.656	LOG,S2,15,487902652,487902658,487902665,487902684,487908234,ok
2026-09-26T23:58:30.656	LOG,S2,16,488093434,488093440,488093447,488093467,488099022,ok
2026-09-26T23:58:30.656	LOG,S2,17,488520251,488520257,488520264,488521308,488526861,ok
2026-09-26T23:58:30.656	LOG,S2,18,488708806,488708813,488708819,488708839,488714390,ok
2026-09-26T23:58:30.656	LOG,S2,19,489151206,489151213,489151219,489151239,489156789,ok
2026-09-26T23:58:30.656	LOG,S2,20,489367635,489367641,489367648,489367667,489373222,ok
2026-09-26T23:58:30.656	LOG,S2,21,489545238,489545245,489545251,489545271,489550828,ok
2026-09-26T23:58:30.656	LOG,S2,22,489756571,489756577,489756584,489761308,489766862,ok
2026-09-26T23:58:30.656	LOG,S2,23,490011110,490011117,490011123,490011143,490016696,ok
2026-09-26T23:58:30.656	LOG,S2,24,491172120,491172127,491172133,491172153,491177708,ok
2026-09-26T23:58:30.656	LOG,S2,25,492109855,492109861,492109868,492109887,492115442,ok
2026-09-26T23:58:30.656	LOG,S2,26,492311758,492311764,492311771,492311790,492317340,ok
2026-09-26T23:58:30.656	LOG,S2,27,492487183,492487189,492487196,492487215,492492771,ok
2026-09-26T23:58:30.656	LOG,S2,28,493909467,493909474,493909480,493909500,493915049,ok
2026-09-26T23:58:30.656	LOG,S2,29,494098757,494098764,494098771,494101306,494106860,ok
2026-09-26T23:58:30.656	LOG,S2,30,495783304,495783310,495783317,495783336,495788886,ok
2026-09-26T23:58:30.656	CNT,accepted,30
2026-09-26T23:58:30.656	CNT,logged,30
2026-09-26T23:58:30.656	CNT,bounce_rejected,13
2026-09-26T23:58:30.656	CNT,ignored,0
2026-09-26T23:58:30.656	CNT,btn_q_drop,0
2026-09-26T23:58:30.656	CNT,btn_tx_drop,0
2026-09-26T23:58:30.656	CNT,tel_sent,870
2026-09-26T23:58:30.656	CNT,tel_tx_drop,0
2026-09-26T23:58:30.656	CNT,tx_error,0
2026-09-26T23:58:30.656	CNT,tx_timeout,0
2026-09-26T23:58:30.656	CNT,log_overflow,0
2026-09-26T23:58:30.656	CNT,fmt_error,0
2026-09-26T23:58:30.656	CNT,tel_period_min_us,19156
2026-09-26T23:58:30.656	CNT,tel_period_max_us,20000
2026-09-26T23:58:30.656	CNT,work_min_us,0
2026-09-26T23:58:30.656	CNT,work_max_us,0
2026-09-26T23:58:30.656	CNT,hwm_telemetry_w,193
2026-09-26T23:58:30.656	CNT,hwm_uarttx_w,267
2026-09-26T23:58:30.656	CNT,heap_free_min_b,18248
2026-09-26T23:58:30.656	END,DUMP,S2
