# pc_rx_time yaln?zca bilgi ama?l?d?r; gecikme hesab?nda KULLANILMAZ.
2026-10-06T20:21:36.152	ACK,START,S0,A,INJ,50
2026-10-06T20:21:41.611	BTN,1,S0,PRESSED,200353863,200353871                           
2026-10-06T20:21:42.499	BTN,2,S0,PRESSED,201241869,201241876                           
2026-10-06T20:21:43.241	BTN,3,S0,PRESSED,201984874,201984882                           
2026-10-06T20:21:43.959	BTN,4,S0,PRESSED,202705880,202705887                           
2026-10-06T20:21:44.818	BTN,5,S0,PRESSED,203560885,203560893                           
2026-10-06T20:21:45.525	BTN,6,S0,PRESSED,204267891,204267898                           
2026-10-06T20:21:46.338	BTN,7,S0,PRESSED,205082896,205082904                           
2026-10-06T20:21:47.054	BTN,8,S0,PRESSED,205797902,205797909                           
2026-10-06T20:21:47.756	BTN,9,S0,PRESSED,206502907,206502914                           
2026-10-06T20:21:48.514	BTN,10,S0,PRESSED,207260913,207260920                          
2026-10-06T20:21:49.084	BTN,11,S0,PRESSED,207826918,207826925                          
2026-10-06T20:21:49.849	BTN,12,S0,PRESSED,208591924,208591931                          
2026-10-06T20:21:50.722	BTN,13,S0,PRESSED,209470929,209470936                          
2026-10-06T20:21:51.409	BTN,14,S0,PRESSED,210152935,210152942                          
2026-10-06T20:21:52.170	BTN,15,S0,PRESSED,210912940,210912947                          
2026-10-06T20:21:52.998	BTN,16,S0,PRESSED,211742946,211742953                          
2026-10-06T20:21:53.826	BTN,17,S0,PRESSED,212574951,212574958                          
2026-10-06T20:21:54.512	BTN,18,S0,PRESSED,213256956,213256964                          
2026-10-06T20:21:55.109	BTN,19,S0,PRESSED,213853962,213853969                          
2026-10-06T20:21:55.737	BTN,20,S0,PRESSED,214482967,214482975                          
2026-10-06T20:21:56.420	BTN,21,S0,PRESSED,215163973,215163980                          
2026-10-06T20:21:57.152	BTN,22,S0,PRESSED,215896978,215896986                          
2026-10-06T20:21:57.812	BTN,23,S0,PRESSED,216557984,216557991                          
2026-10-06T20:21:58.473	BTN,24,S0,PRESSED,217219989,217219997                          
2026-10-06T20:21:59.122	BTN,25,S0,PRESSED,217865995,217866002                          
2026-10-06T20:21:59.951	BTN,26,S0,PRESSED,218699000,218699008                          
2026-10-06T20:22:00.833	BTN,27,S0,PRESSED,219576006,219576013                          
2026-10-06T20:22:01.473	BTN,28,S0,PRESSED,220220011,220220019                          
2026-10-06T20:22:02.343	BTN,29,S0,PRESSED,221087017,221087024                          
2026-10-06T20:22:03.083	BTN,30,S0,PRESSED,221826022,221826029                          
2026-10-06T20:22:03.742	BTN,31,S0,PRESSED,222491028,222491035                          
2026-10-06T20:22:04.531	BTN,32,S0,PRESSED,223277033,223277040                          
2026-10-06T20:22:05.311	BTN,33,S0,PRESSED,224057039,224057046                          
2026-10-06T20:22:05.931	BTN,34,S0,PRESSED,224679044,224679051                          
2026-10-06T20:22:06.514	BTN,35,S0,PRESSED,225262050,225262057                          
2026-10-06T20:22:07.124	BTN,36,S0,PRESSED,225872055,225872062                          
2026-10-06T20:22:07.917	BTN,37,S0,PRESSED,226662061,226662068                          
2026-10-06T20:22:08.707	BTN,38,S0,PRESSED,227453066,227453073                          
2026-10-06T20:22:09.225	BTN,39,S0,PRESSED,227971071,227971079                          
2026-10-06T20:22:10.007	BTN,40,S0,PRESSED,228755077,228755084                          
2026-10-06T20:22:10.724	BTN,41,S0,PRESSED,229471082,229471090                          
2026-10-06T20:22:11.503	BTN,42,S0,PRESSED,230248088,230248095                          
2026-10-06T20:22:12.379	BTN,43,S0,PRESSED,231127093,231127101                          
2026-10-06T20:22:12.958	BTN,44,S0,PRESSED,231704099,231704106                          
2026-10-06T20:22:13.516	BTN,45,S0,PRESSED,232264104,232264112                          
2026-10-06T20:22:14.194	BTN,46,S0,PRESSED,232943110,232943117                          
2026-10-06T20:22:14.972	BTN,47,S0,PRESSED,233717115,233717123                          
2026-10-06T20:22:15.682	BTN,48,S0,PRESSED,234431121,234431128                          
2026-10-06T20:22:16.243	BTN,49,S0,PRESSED,234992126,234992134                          
2026-10-06T20:22:17.268	BTN,50,S0,PRESSED,235705132,235705139                          
2026-10-06T20:22:17.268	ACK,STOP,S0
2026-10-06T20:22:17.268	LOG,S0,1,200353863,200353871,200353880,200353901,200359458,ok
2026-10-06T20:22:17.268	LOG,S0,2,201241869,201241876,201241885,201241907,201247462,ok
2026-10-06T20:22:17.268	LOG,S0,3,201984874,201984882,201984891,201984912,201990464,ok
2026-10-06T20:22:17.268	LOG,S0,4,202705880,202705887,202705896,202705918,202711470,ok
2026-10-06T20:22:17.268	LOG,S0,5,203560885,203560893,203560902,203560923,203566480,ok
2026-10-06T20:22:17.268	LOG,S0,6,204267891,204267898,204267907,204267928,204273480,ok
2026-10-06T20:22:17.268	LOG,S0,7,205082896,205082904,205082913,205082934,205088485,ok
2026-10-06T20:22:17.268	LOG,S0,8,205797902,205797909,205797918,205797939,205803494,ok
2026-10-06T20:22:17.268	LOG,S0,9,206502907,206502914,206502924,206502945,206508501,ok
2026-10-06T20:22:17.268	LOG,S0,10,207260913,207260920,207260929,207260950,207266505,ok
2026-10-06T20:22:17.268	LOG,S0,11,207826918,207826925,207826935,207826956,207832508,ok
2026-10-06T20:22:17.268	LOG,S0,12,208591924,208591931,208591940,208591961,208597514,ok
2026-10-06T20:22:17.268	LOG,S0,13,209470929,209470936,209470946,209470967,209476522,ok
2026-10-06T20:22:17.268	LOG,S0,14,210152935,210152942,210152951,210152972,210158528,ok
2026-10-06T20:22:17.268	LOG,S0,15,210912940,210912947,210912957,210912978,210918534,ok
2026-10-06T20:22:17.268	LOG,S0,16,211742946,211742953,211742962,211742983,211748532,ok
2026-10-06T20:22:17.268	LOG,S0,17,212574951,212574958,212574968,212574989,212580541,ok
2026-10-06T20:22:17.268	LOG,S0,18,213256956,213256964,213256973,213256994,213262547,ok
2026-10-06T20:22:17.268	LOG,S0,19,213853962,213853969,213853979,213854000,213859550,ok
2026-10-06T20:22:17.268	LOG,S0,20,214482967,214482975,214482984,214483005,214488560,ok
2026-10-06T20:22:17.268	LOG,S0,21,215163973,215163980,215163989,215164011,215169560,ok
2026-10-06T20:22:17.268	LOG,S0,22,215896978,215896986,215896995,215897016,215902570,ok
2026-10-06T20:22:17.268	LOG,S0,23,216557984,216557991,216558000,216558022,216563576,ok
2026-10-06T20:22:17.268	LOG,S0,24,217219989,217219997,217220006,217220027,217225580,ok
2026-10-06T20:22:17.268	LOG,S0,25,217865995,217866002,217866011,217866033,217871584,ok
2026-10-06T20:22:17.268	LOG,S0,26,218699000,218699008,218699017,218699038,218704590,ok
2026-10-06T20:22:17.268	LOG,S0,27,219576006,219576013,219576022,219576044,219581596,ok
2026-10-06T20:22:17.268	LOG,S0,28,220220011,220220019,220220028,220220049,220225598,ok
2026-10-06T20:22:17.268	LOG,S0,29,221087017,221087024,221087033,221087055,221092612,ok
2026-10-06T20:22:17.268	LOG,S0,30,221826022,221826029,221826039,221826060,221831610,ok
2026-10-06T20:22:17.268	LOG,S0,31,222491028,222491035,222491044,222491065,222496620,ok
2026-10-06T20:22:17.268	LOG,S0,32,223277033,223277040,223277050,223277071,223282626,ok
2026-10-06T20:22:17.268	LOG,S0,33,224057039,224057046,224057055,224057076,224062626,ok
2026-10-06T20:22:17.268	LOG,S0,34,224679044,224679051,224679061,224679082,224684633,ok
2026-10-06T20:22:17.268	LOG,S0,35,225262050,225262057,225262066,225262087,225267640,ok
2026-10-06T20:22:17.268	LOG,S0,36,225872055,225872062,225872072,225872093,225877643,ok
2026-10-06T20:22:17.268	LOG,S0,37,226662061,226662068,226662077,226662098,226667653,ok
2026-10-06T20:22:17.268	LOG,S0,38,227453066,227453073,227453083,227453104,227458660,ok
2026-10-06T20:22:17.268	LOG,S0,39,227971071,227971079,227971088,227971109,227976666,ok
2026-10-06T20:22:17.268	LOG,S0,40,228755077,228755084,228755094,228755115,228760670,ok
2026-10-06T20:22:17.268	LOG,S0,41,229471082,229471090,229471099,229471120,229476676,ok
2026-10-06T20:22:17.268	LOG,S0,42,230248088,230248095,230248104,230248126,230253677,ok
2026-10-06T20:22:17.268	LOG,S0,43,231127093,231127101,231127110,231127131,231132685,ok
2026-10-06T20:22:17.268	LOG,S0,44,231704099,231704106,231704115,231704137,231709686,ok
2026-10-06T20:22:17.268	LOG,S0,45,232264104,232264112,232264121,232264142,232269700,ok
2026-10-06T20:22:17.268	LOG,S0,46,232943110,232943117,232943126,232943148,232948698,ok
2026-10-06T20:22:17.268	LOG,S0,47,233717115,233717123,233717132,233717153,233722710,ok
2026-10-06T20:22:17.268	LOG,S0,48,234431121,234431128,234431137,234431159,234436713,ok
2026-10-06T20:22:17.268	LOG,S0,49,234992126,234992134,234992143,234992164,234997715,ok
2026-10-06T20:22:17.268	LOG,S0,50,235705132,235705139,235705148,235705170,235710722,ok
2026-10-06T20:22:17.268	CNT,accepted,50
2026-10-06T20:22:17.268	CNT,logged,50
2026-10-06T20:22:17.268	CNT,bounce_rejected,0
2026-10-06T20:22:17.268	CNT,ignored,0
2026-10-06T20:22:17.268	CNT,btn_q_drop,0
2026-10-06T20:22:17.268	CNT,btn_tx_drop,0
2026-10-06T20:22:17.268	CNT,tel_sent,0
2026-10-06T20:22:17.268	CNT,tel_tx_drop,0
2026-10-06T20:22:17.268	CNT,tx_error,0
2026-10-06T20:22:17.268	CNT,tx_timeout,0
2026-10-06T20:22:17.268	CNT,log_overflow,0
2026-10-06T20:22:17.268	CNT,fmt_error,0
2026-10-06T20:22:17.268	CNT,tel_period_min_us,0
2026-10-06T20:22:17.268	CNT,tel_period_max_us,0
2026-10-06T20:22:17.268	CNT,work_min_us,0
2026-10-06T20:22:17.268	CNT,work_max_us,0
2026-10-06T20:22:17.268	CNT,hwm_telemetry_w,187
2026-10-06T20:22:17.268	CNT,hwm_uarttx_w,265
2026-10-06T20:22:17.268	CNT,heap_free_min_b,17512
2026-10-06T20:22:17.268	INF,variant,A
2026-10-06T20:22:17.268	INF,source,INJ
2026-10-06T20:22:17.268	INF,events,50
2026-10-06T20:22:17.268	END,DUMP,S0
