# pc_rx_time yaln?zca bilgi ama?l?d?r; gecikme hesab?nda KULLANILMAZ.
2026-10-06T20:22:18.978	ACK,START,S1,A,INJ,50
2026-10-06T20:22:18.978	TEL,1,S1,237722870,0,0,0,448,2942                              
2026-10-06T20:22:19.073	TEL,2,S1,237822724,0,0,0,436,2942                              
2026-10-06T20:22:19.177	TEL,3,S1,237922724,0,0,0,422,2928                              
2026-10-06T20:22:19.273	TEL,4,S1,238022724,0,0,0,430,2928                              
2026-10-06T20:22:19.378	TEL,5,S1,238122724,0,0,0,439,2937                              
2026-10-06T20:22:19.473	TEL,6,S1,238222724,0,0,0,439,2937                              
2026-10-06T20:22:19.578	TEL,7,S1,238322724,0,0,0,439,2937                              
2026-10-06T20:22:19.674	TEL,8,S1,238422724,0,0,0,442,2937                              
2026-10-06T20:22:19.772	TEL,9,S1,238522724,0,0,0,442,2937                              
2026-10-06T20:22:19.877	TEL,10,S1,238622725,0,0,0,433,2937                             
2026-10-06T20:22:19.973	TEL,11,S1,238722725,0,0,0,428,2930                             
2026-10-06T20:22:20.077	TEL,12,S1,238822725,0,0,0,433,2930                             
2026-10-06T20:22:20.177	TEL,13,S1,238922725,0,0,0,433,2930                             
2026-10-06T20:22:20.273	TEL,14,S1,239022725,0,0,0,430,2930                             
2026-10-06T20:22:20.378	TEL,15,S1,239122725,0,0,0,430,2930                             
2026-10-06T20:22:20.472	TEL,16,S1,239222725,0,0,0,436,2930                             
2026-10-06T20:22:20.577	TEL,17,S1,239322725,0,0,0,442,2937                             
2026-10-06T20:22:20.677	TEL,18,S1,239422725,0,0,0,442,2937                             
2026-10-06T20:22:20.772	TEL,19,S1,239522725,0,0,0,439,2932                             
2026-10-06T20:22:20.878	TEL,20,S1,239622725,0,0,0,442,2932                             
2026-10-06T20:22:20.973	TEL,21,S1,239722725,0,0,0,445,2933                             
2026-10-06T20:22:21.076	TEL,22,S1,239822725,0,0,0,439,2933                             
2026-10-06T20:22:21.173	TEL,23,S1,239922725,0,0,0,439,2932                             
2026-10-06T20:22:21.272	TEL,24,S1,240022725,0,0,0,439,2932                             
2026-10-06T20:22:21.378	TEL,25,S1,240122725,0,0,0,439,2932                             
2026-10-06T20:22:21.473	TEL,26,S1,240222725,0,0,0,436,2932                             
2026-10-06T20:22:21.571	TEL,27,S1,240322725,0,0,0,433,2930                             
2026-10-06T20:22:21.676	TEL,28,S1,240422725,0,0,0,433,2930                             
2026-10-06T20:22:21.772	TEL,29,S1,240522725,0,0,0,430,2927                             
2026-10-06T20:22:21.875	TEL,30,S1,240622725,0,0,0,430,2927                             
2026-10-06T20:22:21.972	TEL,31,S1,240722725,0,0,0,436,2932                             
2026-10-06T20:22:22.072	TEL,32,S1,240822725,0,0,0,439,2932                             
2026-10-06T20:22:22.173	TEL,33,S1,240922725,0,0,0,439,2932                             
2026-10-06T20:22:22.273	TEL,34,S1,241022725,0,0,0,436,2932                             
2026-10-06T20:22:22.376	TEL,35,S1,241122725,0,0,0,433,2930                             
2026-10-06T20:22:22.473	TEL,36,S1,241222725,0,0,0,436,2930                             
2026-10-06T20:22:22.576	TEL,37,S1,241322725,0,0,0,439,2932                             
2026-10-06T20:22:22.677	TEL,38,S1,241422725,0,0,0,436,2932                             
2026-10-06T20:22:22.773	TEL,39,S1,241522725,0,0,0,436,2932                             
2026-10-06T20:22:22.877	TEL,40,S1,241622725,0,0,0,436,2932                             
2026-10-06T20:22:22.973	TEL,41,S1,241722725,0,0,0,436,2932                             
2026-10-06T20:22:23.071	TEL,42,S1,241822725,0,0,0,439,2932                             
2026-10-06T20:22:23.177	TEL,43,S1,241922725,0,0,0,436,2930                             
2026-10-06T20:22:23.271	TEL,44,S1,242022725,0,0,0,433,2930                             
2026-10-06T20:22:23.378	TEL,45,S1,242122725,0,0,0,433,2930                             
2026-10-06T20:22:23.473	TEL,46,S1,242222725,0,0,0,433,2930                             
2026-10-06T20:22:23.572	TEL,47,S1,242322725,0,0,0,436,2932                             
2026-10-06T20:22:23.677	TEL,48,S1,242422725,0,0,0,439,2932                             
2026-10-06T20:22:23.773	TEL,49,S1,242522725,0,0,0,439,2932                             
2026-10-06T20:22:23.875	TEL,50,S1,242622725,0,0,0,442,2932                             
2026-10-06T20:22:23.973	TEL,51,S1,242722725,0,0,0,442,2932                             
2026-10-06T20:22:24.077	TEL,52,S1,242822725,0,0,0,436,2932                             
2026-10-06T20:22:24.177	TEL,53,S1,242922725,0,0,0,436,2932                             
2026-10-06T20:22:24.273	TEL,54,S1,243022725,0,0,0,439,2932                             
2026-10-06T20:22:24.377	TEL,55,S1,243122725,0,0,0,436,2930                             
2026-10-06T20:22:24.473	TEL,56,S1,243222725,0,0,0,439,2930                             
2026-10-06T20:22:24.522	BTN,1,S1,PRESSED,243274889,243274896                           
2026-10-06T20:22:24.576	TEL,57,S1,243322725,0,0,0,439,2930                             
2026-10-06T20:22:24.677	TEL,58,S1,243422725,0,0,0,436,2930                             
2026-10-06T20:22:24.771	TEL,59,S1,243522725,0,0,0,436,2930                             
2026-10-06T20:22:24.878	TEL,60,S1,243622725,0,0,0,433,2930                             
2026-10-06T20:22:24.973	TEL,61,S1,243722725,0,0,0,433,2930                             
2026-10-06T20:22:25.076	TEL,62,S1,243822725,0,0,0,436,2930                             
2026-10-06T20:22:25.176	TEL,63,S1,243922725,0,0,0,436,2930                             
2026-10-06T20:22:25.191	BTN,2,S1,PRESSED,243940895,243940902                           
2026-10-06T20:22:25.272	TEL,64,S1,244022725,0,0,0,433,2930                             
2026-10-06T20:22:25.377	TEL,65,S1,244122725,0,0,0,436,2932                             
2026-10-06T20:22:25.473	TEL,66,S1,244222725,0,0,0,436,2932                             
2026-10-06T20:22:25.576	TEL,67,S1,244322725,0,0,0,433,2930                             
2026-10-06T20:22:25.677	TEL,68,S1,244422725,0,0,0,433,2930                             
2026-10-06T20:22:25.691	BTN,3,S1,PRESSED,244441900,244441907                           
2026-10-06T20:22:25.772	TEL,69,S1,244522725,0,0,0,433,2930                             
2026-10-06T20:22:25.876	TEL,70,S1,244622725,0,0,0,436,2930                             
2026-10-06T20:22:25.977	TEL,71,S1,244722725,0,0,0,436,2930                             
2026-10-06T20:22:26.072	TEL,72,S1,244822725,0,0,0,436,2930                             
2026-10-06T20:22:26.176	TEL,73,S1,244922725,0,0,0,436,2930                             
2026-10-06T20:22:26.271	TEL,74,S1,245022725,0,0,0,439,2930                             
2026-10-06T20:22:26.373	TEL,75,S1,245122725,0,0,0,439,2930                             
2026-10-06T20:22:26.477	TEL,76,S1,245222725,0,0,0,442,2930                             
2026-10-06T20:22:26.532	BTN,4,S1,PRESSED,245278906,245278913                           
2026-10-06T20:22:26.577	TEL,77,S1,245322725,0,0,0,448,2935                             
2026-10-06T20:22:26.672	TEL,78,S1,245422725,0,0,0,442,2935                             
2026-10-06T20:22:26.772	TEL,79,S1,245522725,0,0,0,442,2935                             
2026-10-06T20:22:26.872	TEL,80,S1,245622725,0,0,0,442,2935                             
2026-10-06T20:22:26.977	TEL,81,S1,245722725,0,0,0,436,2930                             
2026-10-06T20:22:27.073	TEL,82,S1,245822725,0,0,0,436,2930                             
2026-10-06T20:22:27.131	BTN,5,S1,PRESSED,245876911,245876918                           
2026-10-06T20:22:27.177	TEL,83,S1,245922725,0,0,0,439,2932                             
2026-10-06T20:22:27.273	TEL,84,S1,246022725,0,0,0,442,2932                             
2026-10-06T20:22:27.373	TEL,85,S1,246122725,0,0,0,442,2930                             
2026-10-06T20:22:27.477	TEL,86,S1,246222725,0,0,0,436,2930                             
2026-10-06T20:22:27.572	TEL,87,S1,246322725,0,0,0,442,2937                             
2026-10-06T20:22:27.677	TEL,88,S1,246422725,0,0,0,442,2937                             
2026-10-06T20:22:27.772	TEL,89,S1,246522725,0,0,0,439,2933                             
2026-10-06T20:22:27.849	BTN,6,S1,PRESSED,246594917,246594924                           
2026-10-06T20:22:27.876	TEL,90,S1,246622725,0,0,0,436,2933                             
2026-10-06T20:22:27.977	TEL,91,S1,246722725,0,0,0,436,2932                             
2026-10-06T20:22:28.072	TEL,92,S1,246822725,0,0,0,436,2932                             
2026-10-06T20:22:28.177	TEL,93,S1,246922725,0,0,0,433,2930                             
2026-10-06T20:22:28.272	TEL,94,S1,247022725,0,0,0,436,2930                             
2026-10-06T20:22:28.376	TEL,95,S1,247122725,0,0,0,439,2932                             
2026-10-06T20:22:28.405	BTN,7,S1,PRESSED,247157922,247157929                           
2026-10-06T20:22:28.477	TEL,96,S1,247222725,0,0,0,436,2932                             
2026-10-06T20:22:28.571	TEL,97,S1,247322725,0,0,0,433,2930                             
2026-10-06T20:22:28.677	TEL,98,S1,247422725,0,0,0,436,2930                             
2026-10-06T20:22:28.772	TEL,99,S1,247522725,0,0,0,436,2930                             
2026-10-06T20:22:28.876	TEL,100,S1,247622725,0,0,0,433,2930                            
2026-10-06T20:22:28.976	TEL,101,S1,247722725,0,0,0,436,2932                            
2026-10-06T20:22:29.072	TEL,102,S1,247822725,0,0,0,442,2932                            
2026-10-06T20:22:29.127	BTN,8,S1,PRESSED,247872927,247872935                           
2026-10-06T20:22:29.175	TEL,103,S1,247922725,0,0,0,439,2930                            
2026-10-06T20:22:29.271	TEL,104,S1,248022725,0,0,0,433,2930                            
2026-10-06T20:22:29.371	TEL,105,S1,248122725,0,0,0,433,2930                            
2026-10-06T20:22:29.477	TEL,106,S1,248222725,0,0,0,442,2930                            
2026-10-06T20:22:29.571	TEL,107,S1,248322725,0,0,0,442,2932                            
2026-10-06T20:22:29.677	TEL,108,S1,248422725,0,0,0,439,2932                            
2026-10-06T20:22:29.775	BTN,9,S1,PRESSED,248507933,248507940                           
2026-10-06T20:22:29.775	TEL,109,S1,248522725,0,0,0,433,2927                            
2026-10-06T20:22:29.871	TEL,110,S1,248622725,0,0,0,442,2927                            
2026-10-06T20:22:29.976	TEL,111,S1,248722725,0,0,0,445,2930                            
2026-10-06T20:22:30.071	TEL,112,S1,248822725,0,0,0,442,2930                            
2026-10-06T20:22:30.177	TEL,113,S1,248922725,0,0,0,442,2932                            
2026-10-06T20:22:30.271	TEL,114,S1,249022725,0,0,0,439,2932                            
2026-10-06T20:22:30.376	BTN,10,S1,PRESSED,249110938,249110946                          
2026-10-06T20:22:30.376	TEL,115,S1,249122725,0,0,0,433,2927                            
2026-10-06T20:22:30.476	TEL,116,S1,249222725,0,0,0,433,2927                            
2026-10-06T20:22:30.571	TEL,117,S1,249322725,0,0,0,439,2933                            
2026-10-06T20:22:30.676	TEL,118,S1,249422725,0,0,0,442,2933                            
2026-10-06T20:22:30.771	TEL,119,S1,249522725,0,0,0,439,2930                            
2026-10-06T20:22:30.876	TEL,120,S1,249622725,0,0,0,436,2930                            
2026-10-06T20:22:30.977	TEL,121,S1,249722725,0,0,0,436,2930                            
2026-10-06T20:22:31.071	TEL,122,S1,249822725,0,0,0,430,2930                            
2026-10-06T20:22:31.176	TEL,123,S1,249922725,0,0,0,430,2930                            
2026-10-06T20:22:31.235	BTN,11,S1,PRESSED,249983944,249983951                          
2026-10-06T20:22:31.276	TEL,124,S1,250022725,0,0,0,433,2930                            
2026-10-06T20:22:31.371	TEL,125,S1,250122725,0,0,0,433,2930                            
2026-10-06T20:22:31.477	TEL,126,S1,250222725,0,0,0,433,2930                            
2026-10-06T20:22:31.572	TEL,127,S1,250322725,0,0,0,433,2930                            
2026-10-06T20:22:31.677	TEL,128,S1,250422725,0,0,0,430,2930                            
2026-10-06T20:22:31.771	TEL,129,S1,250522725,0,0,0,433,2932                            
2026-10-06T20:22:31.876	TEL,130,S1,250622725,0,0,0,439,2932                            
2026-10-06T20:22:31.976	TEL,131,S1,250722725,0,0,0,436,2930                            
2026-10-06T20:22:32.076	BTN,12,S1,PRESSED,250810949,250810957                          
2026-10-06T20:22:32.076	TEL,132,S1,250822725,0,0,0,439,2930                            
2026-10-06T20:22:32.171	TEL,133,S1,250922725,0,0,0,442,2932                            
2026-10-06T20:22:32.277	TEL,134,S1,251022725,0,0,0,439,2932                            
2026-10-06T20:22:32.372	TEL,135,S1,251122725,0,0,0,436,2930                            
2026-10-06T20:22:32.477	TEL,136,S1,251222725,0,0,0,436,2930                            
2026-10-06T20:22:32.571	TEL,137,S1,251322725,0,0,0,436,2930                            
2026-10-06T20:22:32.682	TEL,138,S1,251422725,0,0,0,436,2930                            
2026-10-06T20:22:32.682	BTN,13,S1,PRESSED,251425955,251425962                          
2026-10-06T20:22:32.773	TEL,139,S1,251522725,0,0,0,436,2930                            
2026-10-06T20:22:32.872	TEL,140,S1,251622725,0,0,0,445,2930                            
2026-10-06T20:22:32.977	TEL,141,S1,251722725,0,0,0,445,2930                            
2026-10-06T20:22:33.072	TEL,142,S1,251822725,0,0,0,433,2930                            
2026-10-06T20:22:33.176	TEL,143,S1,251922725,0,0,0,433,2930                            
2026-10-06T20:22:33.273	TEL,144,S1,252022725,0,0,0,451,2930                            
2026-10-06T20:22:33.375	TEL,145,S1,252122725,0,0,0,454,2933                            
2026-10-06T20:22:33.477	TEL,146,S1,252222725,0,0,0,439,2933                            
2026-10-06T20:22:33.537	BTN,14,S1,PRESSED,252282960,252282968                          
2026-10-06T20:22:33.576	TEL,147,S1,252322725,0,0,0,436,2930                            
2026-10-06T20:22:33.672	TEL,148,S1,252422725,0,0,0,430,2930                            
2026-10-06T20:22:33.777	TEL,149,S1,252522725,0,0,0,430,2930                            
2026-10-06T20:22:33.872	TEL,150,S1,252622725,0,0,0,436,2930                            
2026-10-06T20:22:33.976	TEL,151,S1,252722725,0,0,0,436,2930                            
2026-10-06T20:22:34.072	TEL,152,S1,252822725,0,0,0,442,2930                            
2026-10-06T20:22:34.176	TEL,153,S1,252922725,0,0,0,442,2932                            
2026-10-06T20:22:34.272	TEL,154,S1,253022725,0,0,0,436,2932                            
2026-10-06T20:22:34.376	TEL,155,S1,253122725,0,0,0,433,2930                            
2026-10-06T20:22:34.421	BTN,15,S1,PRESSED,253166966,253166973                          
2026-10-06T20:22:34.477	TEL,156,S1,253222725,0,0,0,433,2930                            
2026-10-06T20:22:34.572	TEL,157,S1,253322725,0,0,0,433,2930                            
2026-10-06T20:22:34.676	TEL,158,S1,253422725,0,0,0,436,2930                            
2026-10-06T20:22:34.771	TEL,159,S1,253522725,0,0,0,436,2930                            
2026-10-06T20:22:34.875	TEL,160,S1,253622725,0,0,0,430,2930                            
2026-10-06T20:22:34.976	BTN,16,S1,PRESSED,253708971,253708979                          
2026-10-06T20:22:34.976	TEL,161,S1,253722725,0,0,0,430,2930                            
2026-10-06T20:22:35.072	TEL,162,S1,253822725,0,0,0,442,2930                            
2026-10-06T20:22:35.176	TEL,163,S1,253922725,0,0,0,442,2930                            
2026-10-06T20:22:35.273	TEL,164,S1,254022725,0,0,0,436,2930                            
2026-10-06T20:22:35.373	TEL,165,S1,254122725,0,0,0,436,2930                            
2026-10-06T20:22:35.477	TEL,166,S1,254222725,0,0,0,439,2930                            
2026-10-06T20:22:35.572	TEL,167,S1,254322725,0,0,0,439,2930                            
2026-10-06T20:22:35.675	BTN,17,S1,PRESSED,254413977,254413984                          
2026-10-06T20:22:35.675	TEL,168,S1,254422725,0,0,0,439,2930                            
2026-10-06T20:22:35.773	TEL,169,S1,254522725,0,0,0,439,2930                            
2026-10-06T20:22:35.872	TEL,170,S1,254622725,0,0,0,439,2930                            
2026-10-06T20:22:35.976	TEL,171,S1,254722725,0,0,0,439,2930                            
2026-10-06T20:22:36.072	TEL,172,S1,254822725,0,0,0,439,2930                            
2026-10-06T20:22:36.175	TEL,173,S1,254922725,0,0,0,439,2930                            
2026-10-06T20:22:36.276	TEL,174,S1,255022725,0,0,0,436,2930                            
2026-10-06T20:22:36.372	TEL,175,S1,255122725,0,0,0,436,2930                            
2026-10-06T20:22:36.477	TEL,176,S1,255222725,0,0,0,436,2930                            
2026-10-06T20:22:36.530	BTN,18,S1,PRESSED,255277982,255277990                          
2026-10-06T20:22:36.573	TEL,177,S1,255322725,0,0,0,436,2930                            
2026-10-06T20:22:36.672	TEL,178,S1,255422725,0,0,0,430,2930                            
2026-10-06T20:22:36.772	TEL,179,S1,255522725,0,0,0,430,2928                            
2026-10-06T20:22:36.872	TEL,180,S1,255622725,0,0,0,436,2928                            
2026-10-06T20:22:36.977	TEL,181,S1,255722725,0,0,0,439,2930                            
2026-10-06T20:22:37.072	TEL,182,S1,255822725,0,0,0,439,2930                            
2026-10-06T20:22:37.175	TEL,183,S1,255922725,0,0,0,439,2930                            
2026-10-06T20:22:37.273	BTN,19,S1,PRESSED,256012988,256012995                          
2026-10-06T20:22:37.273	TEL,184,S1,256022725,0,0,0,433,2930                            
2026-10-06T20:22:37.372	TEL,185,S1,256122725,0,0,0,433,2930                            
2026-10-06T20:22:37.477	TEL,186,S1,256222725,0,0,0,436,2930                            
2026-10-06T20:22:37.572	TEL,187,S1,256322725,0,0,0,436,2930                            
2026-10-06T20:22:37.677	TEL,188,S1,256422725,0,0,0,433,2930                            
2026-10-06T20:22:37.772	TEL,189,S1,256522725,0,0,0,433,2930                            
2026-10-06T20:22:37.876	TEL,190,S1,256622725,0,0,0,436,2930                            
2026-10-06T20:22:37.977	TEL,191,S1,256722725,0,0,0,436,2930                            
2026-10-06T20:22:38.071	TEL,192,S1,256822725,0,0,0,436,2930                            
2026-10-06T20:22:38.097	BTN,20,S1,PRESSED,256843993,256844000                          
2026-10-06T20:22:38.175	TEL,193,S1,256922725,0,0,0,436,2930                            
2026-10-06T20:22:38.271	TEL,194,S1,257022725,0,0,0,436,2930                            
2026-10-06T20:22:38.372	TEL,195,S1,257122725,0,0,0,436,2930                            
2026-10-06T20:22:38.477	TEL,196,S1,257222725,0,0,0,430,2930                            
2026-10-06T20:22:38.571	TEL,197,S1,257322725,0,0,0,430,2930                            
2026-10-06T20:22:38.676	TEL,198,S1,257422725,0,0,0,442,2930                            
2026-10-06T20:22:38.776	TEL,199,S1,257522725,0,0,0,442,2930                            
2026-10-06T20:22:38.836	BTN,21,S1,PRESSED,257584999,257585006                          
2026-10-06T20:22:38.875	TEL,200,S1,257622725,0,0,0,433,2930                            
2026-10-06T20:22:38.972	TEL,201,S1,257722725,0,0,0,436,2932                            
2026-10-06T20:22:39.076	TEL,202,S1,257822725,0,0,0,433,2932                            
2026-10-06T20:22:39.172	TEL,203,S1,257922725,0,0,0,430,2930                            
2026-10-06T20:22:39.271	TEL,204,S1,258022725,0,0,0,439,2930                            
2026-10-06T20:22:39.372	TEL,205,S1,258122725,0,0,0,439,2930                            
2026-10-06T20:22:39.475	BTN,22,S1,PRESSED,258213004,258213011                          
2026-10-06T20:22:39.475	TEL,206,S1,258222725,0,0,0,433,2930                            
2026-10-06T20:22:39.574	TEL,207,S1,258322725,0,0,0,433,2930                            
2026-10-06T20:22:39.672	TEL,208,S1,258422725,0,0,0,430,2930                            
2026-10-06T20:22:39.774	TEL,209,S1,258522725,0,0,0,430,2930                            
2026-10-06T20:22:39.872	TEL,210,S1,258622725,0,0,0,436,2930                            
2026-10-06T20:22:39.975	TEL,211,S1,258722725,0,0,0,436,2930                            
2026-10-06T20:22:40.072	TEL,212,S1,258822725,0,0,0,436,2930                            
2026-10-06T20:22:40.176	TEL,213,S1,258922725,0,0,0,436,2930                            
2026-10-06T20:22:40.203	BTN,23,S1,PRESSED,258950010,258950017                          
2026-10-06T20:22:40.272	TEL,214,S1,259022725,0,0,0,439,2930                            
2026-10-06T20:22:40.371	TEL,215,S1,259122725,0,0,0,439,2930                            
2026-10-06T20:22:40.476	TEL,216,S1,259222725,0,0,0,433,2930                            
2026-10-06T20:22:40.571	TEL,217,S1,259322725,0,0,0,433,2930                            
2026-10-06T20:22:40.675	TEL,218,S1,259422725,0,0,0,439,2930                            
2026-10-06T20:22:40.776	TEL,219,S1,259522725,0,0,0,439,2930                            
2026-10-06T20:22:40.871	TEL,220,S1,259622725,0,0,0,439,2930                            
2026-10-06T20:22:40.976	TEL,221,S1,259722725,0,0,0,439,2930                            
2026-10-06T20:22:41.077	TEL,222,S1,259822725,0,0,0,436,2930                            
2026-10-06T20:22:41.077	BTN,24,S1,PRESSED,259828015,259828022                          
2026-10-06T20:22:41.171	TEL,223,S1,259922725,0,0,0,436,2930                            
2026-10-06T20:22:41.273	TEL,224,S1,260022725,0,0,0,430,2930                            
2026-10-06T20:22:41.371	TEL,225,S1,260122725,0,0,0,430,2930                            
2026-10-06T20:22:41.476	TEL,226,S1,260222725,0,0,0,436,2930                            
2026-10-06T20:22:41.571	TEL,227,S1,260322725,0,0,0,436,2930                            
2026-10-06T20:22:41.675	TEL,228,S1,260422725,0,0,0,439,2930                            
2026-10-06T20:22:41.776	TEL,229,S1,260522725,0,0,0,439,2930                            
2026-10-06T20:22:41.871	TEL,230,S1,260622725,0,0,0,436,2930                            
2026-10-06T20:22:41.947	BTN,25,S1,PRESSED,260694021,260694028                          
2026-10-06T20:22:41.976	TEL,231,S1,260722725,0,0,0,433,2927                            
2026-10-06T20:22:42.072	TEL,232,S1,260822725,0,0,0,436,2927                            
2026-10-06T20:22:42.175	TEL,233,S1,260922725,0,0,0,439,2930                            
2026-10-06T20:22:42.275	TEL,234,S1,261022725,0,0,0,439,2930                            
2026-10-06T20:22:42.372	TEL,235,S1,261122725,0,0,0,439,2930                            
2026-10-06T20:22:42.476	TEL,236,S1,261222725,0,0,0,430,2930                            
2026-10-06T20:22:42.571	BTN,26,S1,PRESSED,261307026,261307033                          
2026-10-06T20:22:42.571	TEL,237,S1,261322725,0,0,0,430,2930                            
2026-10-06T20:22:42.675	TEL,238,S1,261422725,0,0,0,442,2930                            
2026-10-06T20:22:42.771	TEL,239,S1,261522725,0,0,0,442,2930                            
2026-10-06T20:22:42.871	TEL,240,S1,261622725,0,0,0,439,2930                            
2026-10-06T20:22:42.975	TEL,241,S1,261722725,0,0,0,439,2930                            
2026-10-06T20:22:43.076	TEL,242,S1,261822725,0,0,0,436,2930                            
2026-10-06T20:22:43.176	TEL,243,S1,261922725,0,0,0,436,2930                            
2026-10-06T20:22:43.176	BTN,27,S1,PRESSED,261924032,261924039                          
2026-10-06T20:22:43.271	TEL,244,S1,262022725,0,0,0,436,2930                            
2026-10-06T20:22:43.375	TEL,245,S1,262122725,0,0,0,436,2930                            
2026-10-06T20:22:43.470	TEL,246,S1,262222725,0,0,0,436,2930                            
2026-10-06T20:22:43.572	TEL,247,S1,262322725,0,0,0,436,2930                            
2026-10-06T20:22:43.671	TEL,248,S1,262422725,0,0,0,439,2930                            
2026-10-06T20:22:43.771	TEL,249,S1,262522725,0,0,0,439,2930                            
2026-10-06T20:22:43.843	BTN,28,S1,PRESSED,262592037,262592044                          
2026-10-06T20:22:43.876	TEL,250,S1,262622725,0,0,0,439,2930                            
2026-10-06T20:22:43.971	TEL,251,S1,262722725,0,0,0,439,2930                            
2026-10-06T20:22:44.073	TEL,252,S1,262822725,0,0,0,433,2930                            
2026-10-06T20:22:44.171	TEL,253,S1,262922725,0,0,0,433,2930                            
2026-10-06T20:22:44.275	TEL,254,S1,263022725,0,0,0,439,2930                            
2026-10-06T20:22:44.371	TEL,255,S1,263122725,0,0,0,439,2930                            
2026-10-06T20:22:44.475	TEL,256,S1,263222725,0,0,0,439,2930                            
2026-10-06T20:22:44.571	TEL,257,S1,263322725,0,0,0,439,2930                            
2026-10-06T20:22:44.675	BTN,29,S1,PRESSED,263415042,263415050                          
2026-10-06T20:22:44.675	TEL,258,S1,263422725,0,0,0,436,2930                            
2026-10-06T20:22:44.776	TEL,259,S1,263522725,0,0,0,436,2930                            
2026-10-06T20:22:44.871	TEL,260,S1,263622725,0,0,0,439,2930                            
2026-10-06T20:22:44.974	TEL,261,S1,263722725,0,0,0,442,2932                            
2026-10-06T20:22:45.075	TEL,262,S1,263822725,0,0,0,442,2932                            
2026-10-06T20:22:45.170	TEL,263,S1,263922725,0,0,0,442,2930                            
2026-10-06T20:22:45.272	TEL,264,S1,264022725,0,0,0,433,2930                            
2026-10-06T20:22:45.371	TEL,265,S1,264122725,0,0,0,433,2930                            
2026-10-06T20:22:45.396	BTN,30,S1,PRESSED,264146048,264146055                          
2026-10-06T20:22:45.475	TEL,266,S1,264222725,0,0,0,445,2930                            
2026-10-06T20:22:45.571	TEL,267,S1,264322725,0,0,0,445,2932                            
2026-10-06T20:22:45.675	TEL,268,S1,264422725,0,0,0,442,2932                            
2026-10-06T20:22:45.773	TEL,269,S1,264522725,0,0,0,442,2932                            
2026-10-06T20:22:45.871	TEL,270,S1,264622725,0,0,0,442,2932                            
2026-10-06T20:22:45.976	TEL,271,S1,264722725,0,0,0,442,2932                            
2026-10-06T20:22:46.037	BTN,31,S1,PRESSED,264787053,264787061                          
2026-10-06T20:22:46.071	TEL,272,S1,264822725,0,0,0,433,2932                            
2026-10-06T20:22:46.174	TEL,273,S1,264922725,0,0,0,430,2930                            
2026-10-06T20:22:46.271	TEL,274,S1,265022725,0,0,0,433,2930                            
2026-10-06T20:22:46.371	TEL,275,S1,265122725,0,0,0,433,2930                            
2026-10-06T20:22:46.476	TEL,276,S1,265222725,0,0,0,439,2930                            
2026-10-06T20:22:46.571	TEL,277,S1,265322725,0,0,0,439,2930                            
2026-10-06T20:22:46.602	BTN,32,S1,PRESSED,265351059,265351066                          
2026-10-06T20:22:46.674	TEL,278,S1,265422725,0,0,0,436,2930                            
2026-10-06T20:22:46.774	TEL,279,S1,265522725,0,0,0,436,2930                            
2026-10-06T20:22:46.871	TEL,280,S1,265622725,0,0,0,436,2930                            
2026-10-06T20:22:46.976	TEL,281,S1,265722725,0,0,0,436,2930                            
2026-10-06T20:22:47.071	TEL,282,S1,265822725,0,0,0,430,2930                            
2026-10-06T20:22:47.174	TEL,283,S1,265922725,0,0,0,430,2930                            
2026-10-06T20:22:47.272	BTN,33,S1,PRESSED,266010064,266010072                          
2026-10-06T20:22:47.272	TEL,284,S1,266022725,0,0,0,436,2930                            
2026-10-06T20:22:47.370	TEL,285,S1,266122725,0,0,0,436,2930                            
2026-10-06T20:22:47.476	TEL,286,S1,266222725,0,0,0,439,2930                            
2026-10-06T20:22:47.572	TEL,287,S1,266322725,0,0,0,439,2930                            
2026-10-06T20:22:47.675	TEL,288,S1,266422725,0,0,0,436,2930                            
2026-10-06T20:22:47.772	TEL,289,S1,266522725,0,0,0,436,2930                            
2026-10-06T20:22:47.870	TEL,290,S1,266622725,0,0,0,436,2930                            
2026-10-06T20:22:47.975	TEL,291,S1,266722725,0,0,0,436,2930                            
2026-10-06T20:22:48.082	TEL,292,S1,266822725,0,0,0,439,2930                            
2026-10-06T20:22:48.082	BTN,34,S1,PRESSED,266829070,266829077                          
2026-10-06T20:22:48.175	TEL,293,S1,266922725,0,0,0,439,2930                            
2026-10-06T20:22:48.271	TEL,294,S1,267022725,0,0,0,436,2930                            
2026-10-06T20:22:48.375	TEL,295,S1,267122725,0,0,0,436,2930                            
2026-10-06T20:22:48.471	TEL,296,S1,267222725,0,0,0,436,2930                            
2026-10-06T20:22:48.576	TEL,297,S1,267322725,0,0,0,436,2930                            
2026-10-06T20:22:48.670	TEL,298,S1,267422725,0,0,0,445,2930                            
2026-10-06T20:22:48.771	TEL,299,S1,267522725,0,0,0,445,2930                            
2026-10-06T20:22:48.870	TEL,300,S1,267622725,0,0,0,442,2930                            
2026-10-06T20:22:48.911	BTN,35,S1,PRESSED,267662075,267662083                          
2026-10-06T20:22:48.975	TEL,301,S1,267722725,0,0,0,442,2930                            
2026-10-06T20:22:49.072	TEL,302,S1,267822725,0,0,0,433,2930                            
2026-10-06T20:22:49.170	TEL,303,S1,267922725,0,0,0,428,2923                            
2026-10-06T20:22:49.273	TEL,304,S1,268022725,0,0,0,433,2923                            
2026-10-06T20:22:49.371	TEL,305,S1,268122725,0,0,0,439,2930                            
2026-10-06T20:22:49.474	TEL,306,S1,268222725,0,0,0,436,2930                            
2026-10-06T20:22:49.576	TEL,307,S1,268322725,0,0,0,436,2930                            
2026-10-06T20:22:49.671	TEL,308,S1,268422725,0,0,0,436,2930                            
2026-10-06T20:22:49.780	TEL,309,S1,268522725,0,0,0,436,2928                            
2026-10-06T20:22:49.780	BTN,36,S1,PRESSED,268524081,268524088                          
2026-10-06T20:22:49.875	TEL,310,S1,268622725,0,0,0,436,2928                            
2026-10-06T20:22:49.970	TEL,311,S1,268722725,0,0,0,439,2930                            
2026-10-06T20:22:50.071	TEL,312,S1,268822725,0,0,0,439,2930                            
2026-10-06T20:22:50.171	TEL,313,S1,268922725,0,0,0,439,2930                            
2026-10-06T20:22:50.272	TEL,314,S1,269022725,0,0,0,436,2930                            
2026-10-06T20:22:50.350	BTN,37,S1,PRESSED,269098086,269098094                          
2026-10-06T20:22:50.375	TEL,315,S1,269122725,0,0,0,436,2930                            
2026-10-06T20:22:50.471	TEL,316,S1,269222725,0,0,0,436,2930                            
2026-10-06T20:22:50.576	TEL,317,S1,269322725,0,0,0,436,2930                            
2026-10-06T20:22:50.670	TEL,318,S1,269422725,0,0,0,439,2930                            
2026-10-06T20:22:50.771	TEL,319,S1,269522725,0,0,0,439,2930                            
2026-10-06T20:22:50.871	TEL,320,S1,269622725,0,0,0,433,2930                            
2026-10-06T20:22:50.975	TEL,321,S1,269722725,0,0,0,433,2930                            
2026-10-06T20:22:51.073	TEL,322,S1,269822725,0,0,0,439,2930                            
2026-10-06T20:22:51.170	TEL,323,S1,269922725,0,0,0,439,2930                            
2026-10-06T20:22:51.212	BTN,38,S1,PRESSED,269960092,269960099                          
2026-10-06T20:22:51.273	TEL,324,S1,270022725,0,0,0,436,2930                            
2026-10-06T20:22:51.371	TEL,325,S1,270122725,0,0,0,436,2930                            
2026-10-06T20:22:51.474	TEL,326,S1,270222725,0,0,0,439,2930                            
2026-10-06T20:22:51.575	TEL,327,S1,270322725,0,0,0,439,2930                            
2026-10-06T20:22:51.670	TEL,328,S1,270422725,0,0,0,442,2930                            
2026-10-06T20:22:51.773	TEL,329,S1,270522725,0,0,0,442,2930                            
2026-10-06T20:22:51.871	TEL,330,S1,270622725,0,0,0,436,2930                            
2026-10-06T20:22:51.974	TEL,331,S1,270722725,0,0,0,436,2930                            
2026-10-06T20:22:52.076	TEL,332,S1,270822725,0,0,0,442,2930                            
2026-10-06T20:22:52.106	BTN,39,S1,PRESSED,270859097,270859105                          
2026-10-06T20:22:52.170	TEL,333,S1,270922725,0,0,0,442,2930                            
2026-10-06T20:22:52.272	TEL,334,S1,271022725,0,0,0,430,2930                            
2026-10-06T20:22:52.371	TEL,335,S1,271122725,0,0,0,430,2930                            
2026-10-06T20:22:52.474	TEL,336,S1,271222725,0,0,0,436,2930                            
2026-10-06T20:22:52.572	TEL,337,S1,271322725,0,0,0,436,2930                            
2026-10-06T20:22:52.670	TEL,338,S1,271422725,0,0,0,439,2930                            
2026-10-06T20:22:52.758	BTN,40,S1,PRESSED,271506103,271506110                          
2026-10-06T20:22:52.774	TEL,339,S1,271522725,0,0,0,439,2930                            
2026-10-06T20:22:52.875	TEL,340,S1,271622725,0,0,0,436,2930                            
2026-10-06T20:22:52.970	TEL,341,S1,271722725,0,0,0,436,2930                            
2026-10-06T20:22:53.071	TEL,342,S1,271822725,0,0,0,442,2930                            
2026-10-06T20:22:53.170	TEL,343,S1,271922725,0,0,0,442,2930                            
2026-10-06T20:22:53.272	TEL,344,S1,272022725,0,0,0,439,2930                            
2026-10-06T20:22:53.386	TEL,345,S1,272122725,0,0,0,433,2923                            
2026-10-06T20:22:53.386	BTN,41,S1,PRESSED,272138108,272138115                          
2026-10-06T20:22:53.474	TEL,346,S1,272222725,0,0,0,430,2923                            
2026-10-06T20:22:53.571	TEL,347,S1,272322725,0,0,0,436,2930                            
2026-10-06T20:22:53.670	TEL,348,S1,272422725,0,0,0,445,2930                            
2026-10-06T20:22:53.775	TEL,349,S1,272522725,0,0,0,445,2930                            
2026-10-06T20:22:53.871	TEL,350,S1,272622725,0,0,0,436,2930                            
2026-10-06T20:22:53.974	TEL,351,S1,272722725,0,0,0,439,2932                            
2026-10-06T20:22:54.071	TEL,352,S1,272822725,0,0,0,439,2932                            
2026-10-06T20:22:54.170	TEL,353,S1,272922725,0,0,0,436,2930                            
2026-10-06T20:22:54.232	BTN,42,S1,PRESSED,272980114,272980121                          
2026-10-06T20:22:54.274	TEL,354,S1,273022725,0,0,0,430,2930                            
2026-10-06T20:22:54.370	TEL,355,S1,273122725,0,0,0,430,2930                            
2026-10-06T20:22:54.474	TEL,356,S1,273222725,0,0,0,433,2930                            
2026-10-06T20:22:54.573	TEL,357,S1,273322725,0,0,0,433,2930                            
2026-10-06T20:22:54.670	TEL,358,S1,273422725,0,0,0,436,2930                            
2026-10-06T20:22:54.745	BTN,43,S1,PRESSED,273493119,273493126                          
2026-10-06T20:22:54.775	TEL,359,S1,273522725,0,0,0,436,2930                            
2026-10-06T20:22:54.870	TEL,360,S1,273622725,0,0,0,436,2930                            
2026-10-06T20:22:54.974	TEL,361,S1,273722725,0,0,0,436,2930                            
2026-10-06T20:22:55.071	TEL,362,S1,273822725,0,0,0,439,2930                            
2026-10-06T20:22:55.170	TEL,363,S1,273922725,0,0,0,439,2930                            
2026-10-06T20:22:55.275	TEL,364,S1,274022725,0,0,0,436,2930                            
2026-10-06T20:22:55.370	TEL,365,S1,274122725,0,0,0,439,2932                            
2026-10-06T20:22:55.444	BTN,44,S1,PRESSED,274193125,274193132                          
2026-10-06T20:22:55.474	TEL,366,S1,274222725,0,0,0,442,2932                            
2026-10-06T20:22:55.572	TEL,367,S1,274322725,0,0,0,442,2930                            
2026-10-06T20:22:55.670	TEL,368,S1,274422725,0,0,0,439,2930                            
2026-10-06T20:22:55.775	TEL,369,S1,274522725,0,0,0,439,2930                            
2026-10-06T20:22:55.870	TEL,370,S1,274622725,0,0,0,439,2930                            
2026-10-06T20:22:55.974	TEL,371,S1,274722725,0,0,0,436,2928                            
2026-10-06T20:22:56.071	TEL,372,S1,274822725,0,0,0,439,2928                            
2026-10-06T20:22:56.133	BTN,45,S1,PRESSED,274884130,274884137                          
2026-10-06T20:22:56.174	TEL,373,S1,274922725,0,0,0,442,2930                            
2026-10-06T20:22:56.270	TEL,374,S1,275022725,0,0,0,433,2930                            
2026-10-06T20:22:56.373	TEL,375,S1,275122725,0,0,0,433,2930                            
2026-10-06T20:22:56.471	TEL,376,S1,275222725,0,0,0,430,2930                            
2026-10-06T20:22:56.571	TEL,377,S1,275322725,0,0,0,436,2935                            
2026-10-06T20:22:56.670	TEL,378,S1,275422725,0,0,0,445,2935                            
2026-10-06T20:22:56.775	TEL,379,S1,275522725,0,0,0,442,2932                            
2026-10-06T20:22:56.870	TEL,380,S1,275622725,0,0,0,442,2932                            
2026-10-06T20:22:56.974	TEL,381,S1,275722725,0,0,0,439,2930                            
2026-10-06T20:22:57.012	BTN,46,S1,PRESSED,275760136,275760143                          
2026-10-06T20:22:57.075	TEL,382,S1,275822725,0,0,0,439,2930                            
2026-10-06T20:22:57.170	TEL,383,S1,275922725,0,0,0,439,2930                            
2026-10-06T20:22:57.273	TEL,384,S1,276022725,0,0,0,439,2930                            
2026-10-06T20:22:57.371	TEL,385,S1,276122725,0,0,0,439,2930                            
2026-10-06T20:22:57.470	TEL,386,S1,276222725,0,0,0,430,2930                            
2026-10-06T20:22:57.575	TEL,387,S1,276322725,0,0,0,430,2930                            
2026-10-06T20:22:57.670	TEL,388,S1,276422725,0,0,0,436,2930                            
2026-10-06T20:22:57.742	BTN,47,S1,PRESSED,276492141,276492148                          
2026-10-06T20:22:57.775	TEL,389,S1,276522725,0,0,0,436,2930                            
2026-10-06T20:22:57.870	TEL,390,S1,276622725,0,0,0,445,2930                            
2026-10-06T20:22:57.974	TEL,391,S1,276722725,0,0,0,445,2930                            
2026-10-06T20:22:58.075	TEL,392,S1,276822725,0,0,0,433,2930                            
2026-10-06T20:22:58.170	TEL,393,S1,276922725,0,0,0,433,2930                            
2026-10-06T20:22:58.275	TEL,394,S1,277022725,0,0,0,439,2930                            
2026-10-06T20:22:58.370	TEL,395,S1,277122725,0,0,0,439,2930                            
2026-10-06T20:22:58.474	TEL,396,S1,277222725,0,0,0,436,2930                            
2026-10-06T20:22:58.532	BTN,48,S1,PRESSED,277283147,277283154                          
2026-10-06T20:22:58.571	TEL,397,S1,277322725,0,0,0,439,2932                            
2026-10-06T20:22:58.670	TEL,398,S1,277422725,0,0,0,445,2932                            
2026-10-06T20:22:58.775	TEL,399,S1,277522725,0,0,0,445,2930                            
2026-10-06T20:22:58.870	TEL,400,S1,277622725,0,0,0,448,2930                            
2026-10-06T20:22:58.974	TEL,401,S1,277722725,0,0,0,448,2930                            
2026-10-06T20:22:59.074	TEL,402,S1,277822725,0,0,0,430,2930                            
2026-10-06T20:22:59.170	TEL,403,S1,277922725,0,0,0,430,2930                            
2026-10-06T20:22:59.213	BTN,49,S1,PRESSED,277963152,277963159                          
2026-10-06T20:22:59.275	TEL,404,S1,278022725,0,0,0,439,2930                            
2026-10-06T20:22:59.370	TEL,405,S1,278122725,0,0,0,439,2930                            
2026-10-06T20:22:59.474	TEL,406,S1,278222725,0,0,0,436,2930                            
2026-10-06T20:22:59.571	TEL,407,S1,278322725,0,0,0,436,2930                            
2026-10-06T20:22:59.670	TEL,408,S1,278422725,0,0,0,439,2930                            
2026-10-06T20:22:59.774	TEL,409,S1,278522725,0,0,0,439,2930                            
2026-10-06T20:22:59.871	TEL,410,S1,278622725,0,0,0,442,2930                            
2026-10-06T20:23:00.215	BTN,50,S1,PRESSED,278659157,278659165                          
2026-10-06T20:23:00.215	ACK,STOP,S1
2026-10-06T20:23:00.215	LOG,S1,1,243274889,243274896,243274906,243274927,243280483,ok
2026-10-06T20:23:00.215	LOG,S1,2,243940895,243940902,243940911,243940932,243946482,ok
2026-10-06T20:23:00.215	LOG,S1,3,244441900,244441907,244441917,244441938,244447493,ok
2026-10-06T20:23:00.215	LOG,S1,4,245278906,245278913,245278922,245278943,245284494,ok
2026-10-06T20:23:00.215	LOG,S1,5,245876911,245876918,245876928,245876949,245882502,ok
2026-10-06T20:23:00.215	LOG,S1,6,246594917,246594924,246594933,246594954,246600510,ok
2026-10-06T20:23:00.215	LOG,S1,7,247157922,247157929,247157938,247157960,247163514,ok
2026-10-06T20:23:00.215	LOG,S1,8,247872927,247872935,247872944,247872965,247878522,ok
2026-10-06T20:23:00.215	LOG,S1,9,248507933,248507940,248507949,248507971,248513520,ok
2026-10-06T20:23:00.215	LOG,S1,10,249110938,249110946,249110955,249110976,249116530,ok
2026-10-06T20:23:00.215	LOG,S1,11,249983944,249983951,249983960,249983982,249989532,ok
2026-10-06T20:23:00.215	LOG,S1,12,250810949,250810957,250810966,250810987,250816540,ok
2026-10-06T20:23:00.215	LOG,S1,13,251425955,251425962,251425971,251428315,251433866,ok
2026-10-06T20:23:00.215	LOG,S1,14,252282960,252282968,252282977,252282998,252288556,ok
2026-10-06T20:23:00.215	LOG,S1,15,253166966,253166973,253166982,253167004,253172556,ok
2026-10-06T20:23:00.215	LOG,S1,16,253708971,253708979,253708988,253709009,253714560,ok
2026-10-06T20:23:00.215	LOG,S1,17,254413977,254413984,254413993,254414015,254419568,ok
2026-10-06T20:23:00.215	LOG,S1,18,255277982,255277990,255277999,255278020,255283574,ok
2026-10-06T20:23:00.215	LOG,S1,19,256012988,256012995,256013004,256013026,256018576,ok
2026-10-06T20:23:00.215	LOG,S1,20,256843993,256844000,256844010,256844031,256849588,ok
2026-10-06T20:23:00.215	LOG,S1,21,257584999,257585006,257585015,257585036,257590588,ok
2026-10-06T20:23:00.215	LOG,S1,22,258213004,258213011,258213021,258213042,258218592,ok
2026-10-06T20:23:00.215	LOG,S1,23,258950010,258950017,258950026,258950047,258955597,ok
2026-10-06T20:23:00.215	LOG,S1,24,259828015,259828022,259828032,259828317,259833868,ok
2026-10-06T20:23:00.215	LOG,S1,25,260694021,260694028,260694037,260694058,260699608,ok
2026-10-06T20:23:00.215	LOG,S1,26,261307026,261307033,261307043,261307064,261312618,ok
2026-10-06T20:23:00.215	LOG,S1,27,261924032,261924039,261924048,261928320,261933871,ok
2026-10-06T20:23:00.215	LOG,S1,28,262592037,262592044,262592054,262592075,262597625,ok
2026-10-06T20:23:00.215	LOG,S1,29,263415042,263415050,263415059,263415080,263420638,ok
2026-10-06T20:23:00.215	LOG,S1,30,264146048,264146055,264146065,264146086,264151636,ok
2026-10-06T20:23:00.215	LOG,S1,31,264787053,264787061,264787070,264787091,264792640,ok
2026-10-06T20:23:00.215	LOG,S1,32,265351059,265351066,265351075,265351097,265356650,ok
2026-10-06T20:23:00.215	LOG,S1,33,266010064,266010072,266010081,266010102,266015654,ok
2026-10-06T20:23:00.215	LOG,S1,34,266829070,266829077,266829086,266829108,266834663,ok
2026-10-06T20:23:00.215	LOG,S1,35,267662075,267662083,267662092,267662113,267667668,ok
2026-10-06T20:23:00.215	LOG,S1,36,268524081,268524088,268524097,268528316,268533867,ok
2026-10-06T20:23:00.215	LOG,S1,37,269098086,269098094,269098103,269098124,269103674,ok
2026-10-06T20:23:00.215	LOG,S1,38,269960092,269960099,269960108,269960130,269965687,ok
2026-10-06T20:23:00.215	LOG,S1,39,270859097,270859105,270859114,270859135,270864689,ok
2026-10-06T20:23:00.215	LOG,S1,40,271506103,271506110,271506119,271506141,271511690,ok
2026-10-06T20:23:00.215	LOG,S1,41,272138108,272138115,272138125,272138146,272143698,ok
2026-10-06T20:23:00.215	LOG,S1,42,272980114,272980121,272980130,272980151,272985708,ok
2026-10-06T20:23:00.215	LOG,S1,43,273493119,273493126,273493136,273493157,273498714,ok
2026-10-06T20:23:00.215	LOG,S1,44,274193125,274193132,274193141,274193162,274198712,ok
2026-10-06T20:23:00.220	LOG,S1,45,274884130,274884137,274884147,274884168,274889723,ok
2026-10-06T20:23:00.220	LOG,S1,46,275760136,275760143,275760152,275760173,275765724,ok
2026-10-06T20:23:00.220	LOG,S1,47,276492141,276492148,276492158,276492179,276497736,ok
2026-10-06T20:23:00.220	LOG,S1,48,277283147,277283154,277283163,277283184,277288734,ok
2026-10-06T20:23:00.220	LOG,S1,49,277963152,277963159,277963169,277963190,277968747,ok
2026-10-06T20:23:00.220	LOG,S1,50,278659157,278659165,278659174,278659195,278664750,ok
2026-10-06T20:23:00.220	CNT,accepted,50
2026-10-06T20:23:00.220	CNT,logged,50
2026-10-06T20:23:00.220	CNT,bounce_rejected,0
2026-10-06T20:23:00.220	CNT,ignored,0
2026-10-06T20:23:00.220	CNT,btn_q_drop,0
2026-10-06T20:23:00.220	CNT,btn_tx_drop,0
2026-10-06T20:23:00.220	CNT,tel_sent,410
2026-10-06T20:23:00.220	CNT,tel_tx_drop,0
2026-10-06T20:23:00.220	CNT,tx_error,0
2026-10-06T20:23:00.220	CNT,tx_timeout,0
2026-10-06T20:23:00.220	CNT,log_overflow,0
2026-10-06T20:23:00.220	CNT,fmt_error,0
2026-10-06T20:23:00.220	CNT,tel_period_min_us,99855
2026-10-06T20:23:00.220	CNT,tel_period_max_us,100000
2026-10-06T20:23:00.220	CNT,work_min_us,0
2026-10-06T20:23:00.220	CNT,work_max_us,0
2026-10-06T20:23:00.220	CNT,hwm_telemetry_w,187
2026-10-06T20:23:00.220	CNT,hwm_uarttx_w,265
2026-10-06T20:23:00.220	CNT,heap_free_min_b,17512
2026-10-06T20:23:00.220	INF,variant,A
2026-10-06T20:23:00.220	INF,source,INJ
2026-10-06T20:23:00.220	INF,events,50
2026-10-06T20:23:00.220	END,DUMP,S1
