# pc_rx_time yaln?zca bilgi ama?l?d?r; gecikme hesab?nda KULLANILMAZ.
2026-10-06T20:39:59.563	ACK,START,S0,A,HW,30
2026-10-06T20:40:06.127	BTN,1,S0,PRESSED,1304952694,1304952701                         
2026-10-06T20:40:06.350	BTN,2,S0,PRESSED,1305180634,1305180642                         
2026-10-06T20:40:06.955	BTN,3,S0,PRESSED,1305783340,1305783347                         
2026-10-06T20:40:07.719	BTN,4,S0,PRESSED,1306543674,1306543681                         
2026-10-06T20:40:08.137	BTN,5,S0,PRESSED,1306970244,1306970251                         
2026-10-06T20:40:08.460	BTN,6,S0,PRESSED,1307290099,1307290106                         
2026-10-06T20:40:08.679	BTN,7,S0,PRESSED,1307515434,1307515442                         
2026-10-06T20:40:08.909	BTN,8,S0,PRESSED,1307737134,1307737141                         
2026-10-06T20:40:09.114	BTN,9,S0,PRESSED,1307944477,1307944484                         
2026-10-06T20:40:09.323	BTN,10,S0,PRESSED,1308150662,1308150669                        
2026-10-06T20:40:09.538	BTN,11,S0,PRESSED,1308364278,1308364285                        
2026-10-06T20:40:09.720	BTN,12,S0,PRESSED,1308548841,1308548848                        
2026-10-06T20:40:09.924	BTN,13,S0,PRESSED,1308753027,1308753034                        
2026-10-06T20:40:10.417	BTN,14,S0,PRESSED,1309244341,1309244348                        
2026-10-06T20:40:11.081	BTN,15,S0,PRESSED,1309908137,1309908144                        
2026-10-06T20:40:11.813	BTN,16,S0,PRESSED,1310639726,1310639733                        
2026-10-06T20:40:12.463	BTN,17,S0,PRESSED,1311295435,1311295442                        
2026-10-06T20:40:13.208	BTN,18,S0,PRESSED,1312038070,1312038077                        
2026-10-06T20:40:13.910	BTN,19,S0,PRESSED,1312739146,1312739153                        
2026-10-06T20:40:14.113	BTN,20,S0,PRESSED,1312940836,1312940843                        
2026-10-06T20:40:14.299	BTN,21,S0,PRESSED,1313125345,1313125352                        
2026-10-06T20:40:14.480	BTN,22,S0,PRESSED,1313312675,1313312682                        
2026-10-06T20:40:15.496	BTN,23,S0,PRESSED,1314323258,1314323266                        
2026-10-06T20:40:16.034	BTN,24,S0,PRESSED,1314867484,1314867491                        
2026-10-06T20:40:16.297	BTN,25,S0,PRESSED,1315130202,1315130209                        
2026-10-06T20:40:16.555	BTN,26,S0,PRESSED,1315390292,1315390299                        
2026-10-06T20:40:16.909	BTN,27,S0,PRESSED,1315736161,1315736168                        
2026-10-06T20:40:17.100	BTN,28,S0,PRESSED,1315932164,1315932171                        
2026-10-06T20:40:17.297	BTN,29,S0,PRESSED,1316127533,1316127540                        
2026-10-06T20:40:17.704	BTN,30,S0,PRESSED,1316321696,1316321703                        
2026-10-06T20:40:17.704	ACK,STOP,S0
2026-10-06T20:40:17.704	LOG,S0,1,1304952694,1304952701,1304952711,1304952734,1304958286,ok
2026-10-06T20:40:17.704	LOG,S0,2,1305180634,1305180642,1305180651,1305180672,1305186228,ok
2026-10-06T20:40:17.704	LOG,S0,3,1305783340,1305783347,1305783357,1305783378,1305788934,ok
2026-10-06T20:40:17.704	LOG,S0,4,1306543674,1306543681,1306543691,1306543712,1306549261,ok
2026-10-06T20:40:17.704	LOG,S0,5,1306970244,1306970251,1306970260,1306970281,1306975834,ok
2026-10-06T20:40:17.704	LOG,S0,6,1307290099,1307290106,1307290115,1307290136,1307295686,ok
2026-10-06T20:40:17.704	LOG,S0,7,1307515434,1307515442,1307515451,1307515472,1307521028,ok
2026-10-06T20:40:17.704	LOG,S0,8,1307737134,1307737141,1307737151,1307737172,1307742722,ok
2026-10-06T20:40:17.704	LOG,S0,9,1307944477,1307944484,1307944494,1307944515,1307950072,ok
2026-10-06T20:40:17.704	LOG,S0,10,1308150662,1308150669,1308150678,1308150699,1308156252,ok
2026-10-06T20:40:17.704	LOG,S0,11,1308364278,1308364285,1308364295,1308364316,1308369868,ok
2026-10-06T20:40:17.704	LOG,S0,12,1308548841,1308548848,1308548858,1308548879,1308554433,ok
2026-10-06T20:40:17.704	LOG,S0,13,1308753027,1308753034,1308753044,1308753065,1308758620,ok
2026-10-06T20:40:17.704	LOG,S0,14,1309244341,1309244348,1309244358,1309244379,1309249933,ok
2026-10-06T20:40:17.704	LOG,S0,15,1309908137,1309908144,1309908154,1309908175,1309913730,ok
2026-10-06T20:40:17.704	LOG,S0,16,1310639726,1310639733,1310639742,1310639764,1310645318,ok
2026-10-06T20:40:17.704	LOG,S0,17,1311295435,1311295442,1311295452,1311295473,1311301030,ok
2026-10-06T20:40:17.704	LOG,S0,18,1312038070,1312038077,1312038087,1312038108,1312043659,ok
2026-10-06T20:40:17.704	LOG,S0,19,1312739146,1312739153,1312739163,1312739184,1312744740,ok
2026-10-06T20:40:17.704	LOG,S0,20,1312940836,1312940843,1312940852,1312940874,1312946431,ok
2026-10-06T20:40:17.704	LOG,S0,21,1313125345,1313125352,1313125361,1313125382,1313130936,ok
2026-10-06T20:40:17.704	LOG,S0,22,1313312675,1313312682,1313312692,1313312713,1313318266,ok
2026-10-06T20:40:17.704	LOG,S0,23,1314323258,1314323266,1314323275,1314323296,1314328851,ok
2026-10-06T20:40:17.704	LOG,S0,24,1314867484,1314867491,1314867501,1314867522,1314873074,ok
2026-10-06T20:40:17.704	LOG,S0,25,1315130202,1315130209,1315130219,1315130241,1315135796,ok
2026-10-06T20:40:17.704	LOG,S0,26,1315390292,1315390299,1315390308,1315390329,1315395882,ok
2026-10-06T20:40:17.704	LOG,S0,27,1315736161,1315736168,1315736178,1315736199,1315741752,ok
2026-10-06T20:40:17.704	LOG,S0,28,1315932164,1315932171,1315932180,1315932201,1315937757,ok
2026-10-06T20:40:17.704	LOG,S0,29,1316127533,1316127540,1316127549,1316127570,1316133121,ok
2026-10-06T20:40:17.704	LOG,S0,30,1316321696,1316321703,1316321712,1316321735,1316327289,ok
2026-10-06T20:40:17.704	CNT,accepted,30
2026-10-06T20:40:17.704	CNT,logged,30
2026-10-06T20:40:17.704	CNT,bounce_rejected,20
2026-10-06T20:40:17.704	CNT,ignored,2
2026-10-06T20:40:17.704	CNT,btn_q_drop,0
2026-10-06T20:40:17.704	CNT,btn_tx_drop,0
2026-10-06T20:40:17.704	CNT,tel_sent,0
2026-10-06T20:40:17.704	CNT,tel_tx_drop,0
2026-10-06T20:40:17.704	CNT,tx_error,0
2026-10-06T20:40:17.704	CNT,tx_timeout,0
2026-10-06T20:40:17.704	CNT,log_overflow,0
2026-10-06T20:40:17.704	CNT,fmt_error,0
2026-10-06T20:40:17.704	CNT,tel_period_min_us,0
2026-10-06T20:40:17.704	CNT,tel_period_max_us,0
2026-10-06T20:40:17.704	CNT,work_min_us,0
2026-10-06T20:40:17.704	CNT,work_max_us,0
2026-10-06T20:40:17.704	CNT,hwm_telemetry_w,187
2026-10-06T20:40:17.704	CNT,hwm_uarttx_w,265
2026-10-06T20:40:17.704	CNT,heap_free_min_b,17512
2026-10-06T20:40:17.704	INF,variant,A
2026-10-06T20:40:17.704	INF,source,HW
2026-10-06T20:40:17.704	INF,events,30
2026-10-06T20:40:17.704	END,DUMP,S0
