# pc_rx_time yaln?zca bilgi ama?l?d?r; gecikme hesab?nda KULLANILMAZ.
2026-10-06T20:40:23.170	ACK,START,S1,A,HW,30
2026-10-06T20:40:23.187	TEL,1,S1,1322016870,0,0,0,445,2935                             
2026-10-06T20:40:23.282	TEL,2,S1,1322116724,0,0,0,439,2935                             
2026-10-06T20:40:23.384	TEL,3,S1,1322216724,0,0,0,436,2933                             
2026-10-06T20:40:23.481	TEL,4,S1,1322316724,0,0,0,451,2933                             
2026-10-06T20:40:23.582	TEL,5,S1,1322416724,0,0,0,451,2933                             
2026-10-06T20:40:23.681	TEL,6,S1,1322516724,0,0,0,451,2933                             
2026-10-06T20:40:23.780	TEL,7,S1,1322616724,0,0,0,448,2930                             
2026-10-06T20:40:23.889	TEL,8,S1,1322716724,0,0,0,445,2930                             
2026-10-06T20:40:23.977	TEL,9,S1,1322816724,0,0,0,445,2930                             
2026-10-06T20:40:24.089	TEL,10,S1,1322916725,0,0,0,448,2930                            
2026-10-06T20:40:24.180	TEL,11,S1,1323016725,0,0,0,448,2932                            
2026-10-06T20:40:24.285	TEL,12,S1,1323116725,0,0,0,448,2932                            
2026-10-06T20:40:24.389	TEL,13,S1,1323216725,0,0,0,448,2932                            
2026-10-06T20:40:24.485	TEL,14,S1,1323316725,0,0,0,448,2932                            
2026-10-06T20:40:24.582	TEL,15,S1,1323416725,0,0,0,448,2930                            
2026-10-06T20:40:24.686	TEL,16,S1,1323516725,0,0,0,442,2930                            
2026-10-06T20:40:24.786	TEL,17,S1,1323616725,0,0,0,442,2932                            
2026-10-06T20:40:24.889	TEL,18,S1,1323716725,0,0,0,442,2932                            
2026-10-06T20:40:24.981	TEL,19,S1,1323816725,0,0,0,442,2932                            
2026-10-06T20:40:25.090	TEL,20,S1,1323916725,0,0,0,442,2932                            
2026-10-06T20:40:25.185	TEL,21,S1,1324016725,0,0,0,442,2932                            
2026-10-06T20:40:25.290	TEL,22,S1,1324116725,0,0,0,442,2932                            
2026-10-06T20:40:25.389	TEL,23,S1,1324216725,0,0,0,442,2930                            
2026-10-06T20:40:25.481	TEL,24,S1,1324316725,0,0,0,442,2930                            
2026-10-06T20:40:25.583	TEL,25,S1,1324416725,0,0,0,445,2933                            
2026-10-06T20:40:25.686	TEL,26,S1,1324516725,0,0,0,445,2933                            
2026-10-06T20:40:25.789	TEL,27,S1,1324616725,0,0,0,442,2932                            
2026-10-06T20:40:25.881	TEL,28,S1,1324716725,0,0,0,442,2932                            
2026-10-06T20:40:25.984	TEL,29,S1,1324816725,0,0,0,442,2932                            
2026-10-06T20:40:26.086	TEL,30,S1,1324916725,0,0,0,442,2932                            
2026-10-06T20:40:26.179	TEL,31,S1,1325016725,0,0,0,442,2932                            
2026-10-06T20:40:26.281	TEL,32,S1,1325116725,0,0,0,442,2932                            
2026-10-06T20:40:26.384	TEL,33,S1,1325216725,0,0,0,442,2932                            
2026-10-06T20:40:26.482	TEL,34,S1,1325316725,0,0,0,451,2932                            
2026-10-06T20:40:26.590	TEL,35,S1,1325416725,0,0,0,454,2933                            
2026-10-06T20:40:26.684	TEL,36,S1,1325516725,0,0,0,445,2933                            
2026-10-06T20:40:26.781	TEL,37,S1,1325616725,0,0,0,442,2932                            
2026-10-06T20:40:26.884	TEL,38,S1,1325716725,0,0,0,448,2932                            
2026-10-06T20:40:26.985	TEL,39,S1,1325816725,0,0,0,448,2932                            
2026-10-06T20:40:27.085	TEL,40,S1,1325916725,0,0,0,445,2932                            
2026-10-06T20:40:27.178	TEL,41,S1,1326016725,0,0,0,448,2933                            
2026-10-06T20:40:27.281	TEL,42,S1,1326116725,0,0,0,445,2933                            
2026-10-06T20:40:27.385	TEL,43,S1,1326216725,0,0,0,442,2932                            
2026-10-06T20:40:27.484	TEL,44,S1,1326316725,0,0,0,445,2932                            
2026-10-06T20:40:27.583	TEL,45,S1,1326416725,0,0,0,445,2932                            
2026-10-06T20:40:27.680	TEL,46,S1,1326516725,0,0,0,442,2932                            
2026-10-06T20:40:27.784	TEL,47,S1,1326616725,0,0,0,442,2932                            
2026-10-06T20:40:27.888	TEL,48,S1,1326716725,0,0,0,442,2932                            
2026-10-06T20:40:27.983	TEL,49,S1,1326816725,0,0,0,442,2932                            
2026-10-06T20:40:28.084	TEL,50,S1,1326916725,0,0,0,442,2932                            
2026-10-06T20:40:28.186	TEL,51,S1,1327016725,0,0,0,442,2932                            
2026-10-06T20:40:28.288	TEL,52,S1,1327116725,0,0,0,442,2932                            
2026-10-06T20:40:28.388	TEL,53,S1,1327216725,0,0,0,442,2932                            
2026-10-06T20:40:28.485	TEL,54,S1,1327316725,0,0,0,442,2932                            
2026-10-06T20:40:28.589	TEL,55,S1,1327416725,0,0,0,442,2932                            
2026-10-06T20:40:28.684	TEL,56,S1,1327516725,0,0,0,445,2932                            
2026-10-06T20:40:28.783	TEL,57,S1,1327616725,0,0,0,445,2930                            
2026-10-06T20:40:28.883	TEL,58,S1,1327716725,0,0,0,442,2930                            
2026-10-06T20:40:28.986	TEL,59,S1,1327816725,0,0,0,442,2930                            
2026-10-06T20:40:29.088	TEL,60,S1,1327916725,0,0,0,442,2930                            
2026-10-06T20:40:29.183	TEL,61,S1,1328016725,0,0,0,442,2932                            
2026-10-06T20:40:29.288	TEL,62,S1,1328116725,0,0,0,442,2932                            
2026-10-06T20:40:29.390	TEL,63,S1,1328216725,0,0,0,442,2932                            
2026-10-06T20:40:29.486	TEL,64,S1,1328316725,0,0,0,442,2932                            
2026-10-06T20:40:29.586	TEL,65,S1,1328416725,0,0,0,442,2932                            
2026-10-06T20:40:29.681	TEL,66,S1,1328516725,0,0,0,442,2932                            
2026-10-06T20:40:29.785	TEL,67,S1,1328616725,0,0,0,442,2932                            
2026-10-06T20:40:29.888	TEL,68,S1,1328716725,0,0,0,442,2932                            
2026-10-06T20:40:29.981	TEL,69,S1,1328816725,0,0,0,442,2932                            
2026-10-06T20:40:30.085	TEL,70,S1,1328916725,0,0,0,442,2932                            
2026-10-06T20:40:30.183	TEL,71,S1,1329016725,0,0,0,442,2932                            
2026-10-06T20:40:30.283	TEL,72,S1,1329116725,0,0,0,448,2932                            
2026-10-06T20:40:30.386	TEL,73,S1,1329216725,0,0,0,448,2932                            
2026-10-06T20:40:30.479	TEL,74,S1,1329316725,0,0,0,448,2932                            
2026-10-06T20:40:30.582	TEL,75,S1,1329416725,0,0,0,448,2932                            
2026-10-06T20:40:30.685	TEL,76,S1,1329516725,0,0,0,442,2932                            
2026-10-06T20:40:30.795	TEL,77,S1,1329616725,0,0,0,442,2932                            
2026-10-06T20:40:30.795	BTN,1,S1,PRESSED,1329624661,1329624668                         
2026-10-06T20:40:30.884	TEL,78,S1,1329716725,0,0,0,442,2932                            
2026-10-06T20:40:30.985	TEL,79,S1,1329816725,0,0,0,442,2932                            
2026-10-06T20:40:31.083	TEL,80,S1,1329916725,0,0,0,442,2932                            
2026-10-06T20:40:31.177	TEL,81,S1,1330016725,0,0,0,442,2930                            
2026-10-06T20:40:31.285	TEL,82,S1,1330116725,0,0,0,442,2930                            
2026-10-06T20:40:31.387	TEL,83,S1,1330216725,0,0,0,442,2932                            
2026-10-06T20:40:31.485	TEL,84,S1,1330316725,0,0,0,442,2932                            
2026-10-06T20:40:31.587	TEL,85,S1,1330416725,0,0,0,442,2932                            
2026-10-06T20:40:31.684	TEL,86,S1,1330516725,0,0,0,442,2932                            
2026-10-06T20:40:31.784	TEL,87,S1,1330616725,0,0,0,442,2932                            
2026-10-06T20:40:31.888	TEL,88,S1,1330716725,0,0,0,445,2932                            
2026-10-06T20:40:31.983	TEL,89,S1,1330816725,0,0,0,445,2930                            
2026-10-06T20:40:32.087	TEL,90,S1,1330916725,0,0,0,442,2930                            
2026-10-06T20:40:32.184	TEL,91,S1,1331016725,0,0,0,442,2932                            
2026-10-06T20:40:32.285	TEL,92,S1,1331116725,0,0,0,442,2932                            
2026-10-06T20:40:32.390	TEL,93,S1,1331216725,0,0,0,442,2932                            
2026-10-06T20:40:32.486	TEL,94,S1,1331316725,0,0,0,442,2932                            
2026-10-06T20:40:32.587	TEL,95,S1,1331416725,0,0,0,442,2932                            
2026-10-06T20:40:32.681	TEL,96,S1,1331516725,0,0,0,442,2932                            
2026-10-06T20:40:32.785	TEL,97,S1,1331616725,0,0,0,442,2932                            
2026-10-06T20:40:32.890	TEL,98,S1,1331716725,0,0,0,451,2932                            
2026-10-06T20:40:32.985	TEL,99,S1,1331816725,0,0,0,451,2932                            
2026-10-06T20:40:33.048	BTN,2,S1,PRESSED,1331877171,1331877178                         
2026-10-06T20:40:33.089	TEL,100,S1,1331916725,0,0,0,442,2932                           
2026-10-06T20:40:33.184	TEL,101,S1,1332016725,0,0,0,445,2933                           
2026-10-06T20:40:33.288	TEL,102,S1,1332116725,0,0,0,454,2933                           
2026-10-06T20:40:33.382	TEL,103,S1,1332216725,0,0,0,454,2933                           
2026-10-06T20:40:33.477	TEL,104,S1,1332316725,0,0,0,454,2933                           
2026-10-06T20:40:33.583	TEL,105,S1,1332416725,0,0,0,454,2933                           
2026-10-06T20:40:33.678	TEL,106,S1,1332516725,0,0,0,451,2933                           
2026-10-06T20:40:33.783	TEL,107,S1,1332616725,0,0,0,451,2933                           
2026-10-06T20:40:33.888	TEL,108,S1,1332716725,0,0,0,451,2933                           
2026-10-06T20:40:33.983	TEL,109,S1,1332816725,0,0,0,451,2933                           
2026-10-06T20:40:34.086	TEL,110,S1,1332916725,0,0,0,451,2933                           
2026-10-06T20:40:34.184	TEL,111,S1,1333016725,0,0,0,451,2933                           
2026-10-06T20:40:34.284	TEL,112,S1,1333116725,0,0,0,451,2933                           
2026-10-06T20:40:34.388	TEL,113,S1,1333216725,0,0,0,451,2933                           
2026-10-06T20:40:34.482	TEL,114,S1,1333316725,0,0,0,451,2933                           
2026-10-06T20:40:34.548	BTN,3,S1,PRESSED,1333379376,1333379383                         
2026-10-06T20:40:34.587	TEL,115,S1,1333416725,0,0,0,445,2927                           
2026-10-06T20:40:34.685	TEL,116,S1,1333516725,0,0,0,445,2927                           
2026-10-06T20:40:34.784	TEL,117,S1,1333616725,0,0,0,448,2932                           
2026-10-06T20:40:34.897	TEL,118,S1,1333716725,0,0,0,454,2932                           
2026-10-06T20:40:34.897	BTN,4,S1,PRESSED,1333724724,1333724731                         
2026-10-06T20:40:34.980	TEL,119,S1,1333816725,0,0,0,451,2930                           
2026-10-06T20:40:35.082	TEL,120,S1,1333916725,0,0,0,448,2930                           
2026-10-06T20:40:35.165	BTN,5,S1,PRESSED,1333996841,1333996848                         
2026-10-06T20:40:35.176	TEL,121,S1,1334016725,0,0,0,445,2928                           
2026-10-06T20:40:35.288	TEL,122,S1,1334116725,0,0,0,448,2928                           
2026-10-06T20:40:35.367	BTN,6,S1,PRESSED,1334198922,1334198929                         
2026-10-06T20:40:35.384	TEL,123,S1,1334216725,0,0,0,448,2928                           
2026-10-06T20:40:35.490	TEL,124,S1,1334316725,0,0,0,451,2928                           
2026-10-06T20:40:35.563	BTN,7,S1,PRESSED,1334399214,1334399221                         
2026-10-06T20:40:35.583	TEL,125,S1,1334416725,0,0,0,457,2933                           
2026-10-06T20:40:35.685	TEL,126,S1,1334516725,0,0,0,451,2933                           
2026-10-06T20:40:35.783	TEL,127,S1,1334616725,0,0,0,451,2935                           
2026-10-06T20:40:35.885	TEL,128,S1,1334716725,0,0,0,451,2935                           
2026-10-06T20:40:35.984	TEL,129,S1,1334816725,0,0,0,451,2933                           
2026-10-06T20:40:36.064	BTN,8,S1,PRESSED,1334894407,1334894414                         
2026-10-06T20:40:36.087	TEL,130,S1,1334916725,0,0,0,451,2933                           
2026-10-06T20:40:36.188	TEL,131,S1,1335016725,0,0,0,451,2933                           
2026-10-06T20:40:36.280	TEL,132,S1,1335116725,0,0,0,448,2933                           
2026-10-06T20:40:36.388	TEL,133,S1,1335216725,0,0,0,448,2933                           
2026-10-06T20:40:36.476	TEL,134,S1,1335316725,0,0,0,451,2933                           
2026-10-06T20:40:36.589	TEL,135,S1,1335416725,0,0,0,451,2933                           
2026-10-06T20:40:36.680	TEL,136,S1,1335516725,0,0,0,451,2933                           
2026-10-06T20:40:36.780	TEL,137,S1,1335616725,0,0,0,451,2933                           
2026-10-06T20:40:36.883	TEL,138,S1,1335716725,0,0,0,451,2933                           
2026-10-06T20:40:36.985	TEL,139,S1,1335816725,0,0,0,451,2933                           
2026-10-06T20:40:37.087	TEL,140,S1,1335916725,0,0,0,451,2933                           
2026-10-06T20:40:37.180	TEL,141,S1,1336016725,0,0,0,451,2933                           
2026-10-06T20:40:37.282	TEL,142,S1,1336116725,0,0,0,451,2933                           
2026-10-06T20:40:37.383	TEL,143,S1,1336216725,0,0,0,451,2933                           
2026-10-06T20:40:37.476	TEL,144,S1,1336316725,0,0,0,451,2933                           
2026-10-06T20:40:37.579	TEL,145,S1,1336416725,0,0,0,451,2933                           
2026-10-06T20:40:37.683	TEL,146,S1,1336516725,0,0,0,451,2933                           
2026-10-06T20:40:37.776	TEL,147,S1,1336616725,0,0,0,451,2933                           
2026-10-06T20:40:37.883	TEL,148,S1,1336716725,0,0,0,451,2933                           
2026-10-06T20:40:37.943	BTN,9,S1,PRESSED,1336771314,1336771321                         
2026-10-06T20:40:37.985	TEL,149,S1,1336816725,0,0,0,451,2933                           
2026-10-06T20:40:38.085	TEL,150,S1,1336916725,0,0,0,451,2933                           
2026-10-06T20:40:38.183	TEL,151,S1,1337016725,0,0,0,451,2933                           
2026-10-06T20:40:38.285	TEL,152,S1,1337116725,0,0,0,451,2933                           
2026-10-06T20:40:38.389	TEL,153,S1,1337216725,0,0,0,451,2933                           
2026-10-06T20:40:38.483	TEL,154,S1,1337316725,0,0,0,451,2933                           
2026-10-06T20:40:38.587	TEL,155,S1,1337416725,0,0,0,451,2933                           
2026-10-06T20:40:38.685	TEL,156,S1,1337516725,0,0,0,451,2933                           
2026-10-06T20:40:38.785	TEL,157,S1,1337616725,0,0,0,445,2928                           
2026-10-06T20:40:38.890	TEL,158,S1,1337716725,0,0,0,448,2928                           
2026-10-06T20:40:38.983	TEL,159,S1,1337816725,0,0,0,454,2933                           
2026-10-06T20:40:39.087	TEL,160,S1,1337916725,0,0,0,454,2933                           
2026-10-06T20:40:39.185	TEL,161,S1,1338016725,0,0,0,454,2933                           
2026-10-06T20:40:39.285	TEL,162,S1,1338116725,0,0,0,451,2933                           
2026-10-06T20:40:39.389	TEL,163,S1,1338216725,0,0,0,439,2921                           
2026-10-06T20:40:39.483	TEL,164,S1,1338316725,0,0,0,442,2921                           
2026-10-06T20:40:39.587	TEL,165,S1,1338416725,0,0,0,454,2935                           
2026-10-06T20:40:39.685	TEL,166,S1,1338516725,0,0,0,451,2935                           
2026-10-06T20:40:39.778	TEL,167,S1,1338616725,0,0,0,451,2933                           
2026-10-06T20:40:39.853	BTN,10,S1,PRESSED,1338682577,1338682584                        
2026-10-06T20:40:39.885	TEL,168,S1,1338716725,0,0,0,451,2933                           
2026-10-06T20:40:39.985	TEL,169,S1,1338816725,0,0,0,451,2933                           
2026-10-06T20:40:40.085	TEL,170,S1,1338916725,0,0,0,451,2933                           
2026-10-06T20:40:40.182	TEL,171,S1,1339016725,0,0,0,451,2933                           
2026-10-06T20:40:40.278	TEL,172,S1,1339116725,0,0,0,451,2933                           
2026-10-06T20:40:40.385	TEL,173,S1,1339216725,0,0,0,451,2933                           
2026-10-06T20:40:40.477	TEL,174,S1,1339316725,0,0,0,451,2933                           
2026-10-06T20:40:40.585	TEL,175,S1,1339416725,0,0,0,451,2933                           
2026-10-06T20:40:40.685	TEL,176,S1,1339516725,0,0,0,451,2933                           
2026-10-06T20:40:40.785	TEL,177,S1,1339616725,0,0,0,451,2933                           
2026-10-06T20:40:40.885	TEL,178,S1,1339716725,0,0,0,451,2933                           
2026-10-06T20:40:40.885	BTN,11,S1,PRESSED,1339720918,1339720925                        
2026-10-06T20:40:40.988	TEL,179,S1,1339816725,0,0,0,451,2933                           
2026-10-06T20:40:41.083	TEL,180,S1,1339916725,0,0,0,451,2933                           
2026-10-06T20:40:41.104	BTN,12,S1,PRESSED,1339934432,1339934439                        
2026-10-06T20:40:41.186	TEL,181,S1,1340016725,0,0,0,451,2933                           
2026-10-06T20:40:41.285	TEL,182,S1,1340116725,0,0,0,457,2933                           
2026-10-06T20:40:41.301	BTN,13,S1,PRESSED,1340132512,1340132519                        
2026-10-06T20:40:41.375	TEL,183,S1,1340216725,0,0,0,457,2933                           
2026-10-06T20:40:41.491	BTN,14,S1,PRESSED,1340313928,1340313935                        
2026-10-06T20:40:41.491	TEL,184,S1,1340316725,0,0,0,451,2933                           
2026-10-06T20:40:41.583	TEL,185,S1,1340416725,0,0,0,451,2933                           
2026-10-06T20:40:41.688	TEL,186,S1,1340516725,0,0,0,451,2933                           
2026-10-06T20:40:41.719	BTN,15,S1,PRESSED,1340546655,1340546662                        
2026-10-06T20:40:41.785	TEL,187,S1,1340616725,0,0,0,451,2933                           
2026-10-06T20:40:41.843	BTN,16,S1,PRESSED,1340674970,1340674977                        
2026-10-06T20:40:41.888	TEL,188,S1,1340716725,0,0,0,454,2933                           
2026-10-06T20:40:41.983	TEL,189,S1,1340816725,0,0,0,454,2935                           
2026-10-06T20:40:42.083	BTN,17,S1,PRESSED,1340902816,1340902823                        
2026-10-06T20:40:42.083	TEL,190,S1,1340916725,0,0,0,451,2935                           
2026-10-06T20:40:42.188	TEL,191,S1,1341016725,0,0,0,451,2933                           
2026-10-06T20:40:42.251	BTN,18,S1,PRESSED,1341085272,1341085279                        
2026-10-06T20:40:42.285	TEL,192,S1,1341116725,0,0,0,457,2933                           
2026-10-06T20:40:42.362	BTN,19,S1,PRESSED,1341189906,1341189913                        
2026-10-06T20:40:42.386	TEL,193,S1,1341216725,0,0,0,457,2933                           
2026-10-06T20:40:42.453	BTN,20,S1,PRESSED,1341281183,1341281190                        
2026-10-06T20:40:42.481	TEL,194,S1,1341316725,0,0,0,451,2933                           
2026-10-06T20:40:42.585	TEL,195,S1,1341416725,0,0,0,451,2933                           
2026-10-06T20:40:42.645	BTN,21,S1,PRESSED,1341473431,1341473438                        
2026-10-06T20:40:42.689	TEL,196,S1,1341516725,0,0,0,451,2933                           
2026-10-06T20:40:42.733	BTN,22,S1,PRESSED,1341561423,1341561430                        
2026-10-06T20:40:42.785	TEL,197,S1,1341616725,0,0,0,451,2933                           
2026-10-06T20:40:42.884	TEL,198,S1,1341716725,0,0,0,451,2933                           
2026-10-06T20:40:42.985	TEL,199,S1,1341816725,0,0,0,451,2933                           
2026-10-06T20:40:43.015	BTN,23,S1,PRESSED,1341843867,1341843874                        
2026-10-06T20:40:43.085	TEL,200,S1,1341916725,0,0,0,454,2933                           
2026-10-06T20:40:43.188	TEL,201,S1,1342016725,0,0,0,454,2933                           
2026-10-06T20:40:43.281	TEL,202,S1,1342116725,0,0,0,451,2933                           
2026-10-06T20:40:43.344	BTN,24,S1,PRESSED,1342180306,1342180313                        
2026-10-06T20:40:43.387	TEL,203,S1,1342216725,0,0,0,451,2933                           
2026-10-06T20:40:43.484	TEL,204,S1,1342316725,0,0,0,451,2933                           
2026-10-06T20:40:43.587	TEL,205,S1,1342416725,0,0,0,451,2933                           
2026-10-06T20:40:43.686	TEL,206,S1,1342516725,0,0,0,451,2933                           
2026-10-06T20:40:43.713	BTN,25,S1,PRESSED,1342540884,1342540891                        
2026-10-06T20:40:43.788	TEL,207,S1,1342616725,0,0,0,451,2933                           
2026-10-06T20:40:43.877	TEL,208,S1,1342716725,0,0,0,454,2933                           
2026-10-06T20:40:43.989	TEL,209,S1,1342816725,0,0,0,454,2933                           
2026-10-06T20:40:44.025	BTN,26,S1,PRESSED,1342859405,1342859412                        
2026-10-06T20:40:44.087	TEL,210,S1,1342916725,0,0,0,448,2933                           
2026-10-06T20:40:44.186	TEL,211,S1,1343016725,0,0,0,445,2932                           
2026-10-06T20:40:44.285	TEL,212,S1,1343116725,0,0,0,448,2932                           
2026-10-06T20:40:44.358	BTN,27,S1,PRESSED,1343190881,1343190888                        
2026-10-06T20:40:44.389	TEL,213,S1,1343216725,0,0,0,451,2933                           
2026-10-06T20:40:44.482	TEL,214,S1,1343316725,0,0,0,451,2933                           
2026-10-06T20:40:44.588	TEL,215,S1,1343416725,0,0,0,445,2928                           
2026-10-06T20:40:44.700	TEL,216,S1,1343516725,0,0,0,448,2928                           
2026-10-06T20:40:44.700	BTN,28,S1,PRESSED,1343529114,1343529121                        
2026-10-06T20:40:44.789	TEL,217,S1,1343616725,0,0,0,454,2933                           
2026-10-06T20:40:44.879	TEL,218,S1,1343716725,0,0,0,451,2933                           
2026-10-06T20:40:44.989	BTN,29,S1,PRESSED,1343806686,1343806693                        
2026-10-06T20:40:44.989	TEL,219,S1,1343816725,0,0,0,451,2933                           
2026-10-06T20:40:45.077	TEL,220,S1,1343916725,0,0,0,451,2933                           
2026-10-06T20:40:45.189	TEL,221,S1,1344016725,0,0,0,451,2933                           
2026-10-06T20:40:45.285	TEL,222,S1,1344116725,0,0,0,454,2933                           
2026-10-06T20:40:45.385	TEL,223,S1,1344216725,0,0,0,454,2933                           
2026-10-06T20:40:45.488	TEL,224,S1,1344316725,0,0,0,451,2933                           
2026-10-06T20:40:45.584	TEL,225,S1,1344416725,0,0,0,451,2933                           
2026-10-06T20:40:45.684	TEL,226,S1,1344516725,0,0,0,451,2933                           
2026-10-06T20:40:45.782	TEL,227,S1,1344616725,0,0,0,448,2930                           
2026-10-06T20:40:45.883	TEL,228,S1,1344716725,0,0,0,448,2930                           
2026-10-06T20:40:45.989	TEL,229,S1,1344816725,0,0,0,451,2933                           
2026-10-06T20:40:46.285	BTN,30,S1,PRESSED,1344904050,1344904057                        
2026-10-06T20:40:46.285	ACK,STOP,S1
2026-10-06T20:40:46.285	LOG,S1,1,1329624661,1329624668,1329624677,1329624698,1329630250,ok
2026-10-06T20:40:46.285	LOG,S1,2,1331877171,1331877178,1331877188,1331877209,1331882760,ok
2026-10-06T20:40:46.285	LOG,S1,3,1333379376,1333379383,1333379393,1333379414,1333384970,ok
2026-10-06T20:40:46.285	LOG,S1,4,1333724724,1333724731,1333724741,1333724762,1333730311,ok
2026-10-06T20:40:46.285	LOG,S1,5,1333996841,1333996848,1333996858,1333996879,1334002436,ok
2026-10-06T20:40:46.285	LOG,S1,6,1334198922,1334198929,1334198938,1334198959,1334204516,ok
2026-10-06T20:40:46.285	LOG,S1,7,1334399214,1334399221,1334399231,1334399252,1334404803,ok
2026-10-06T20:40:46.285	LOG,S1,8,1334894407,1334894414,1334894423,1334894445,1334899999,ok
2026-10-06T20:40:46.285	LOG,S1,9,1336771314,1336771321,1336771331,1336771352,1336776904,ok
2026-10-06T20:40:46.285	LOG,S1,10,1338682577,1338682584,1338682594,1338682615,1338688164,ok
2026-10-06T20:40:46.285	LOG,S1,11,1339720918,1339720925,1339720935,1339722318,1339727870,ok
2026-10-06T20:40:46.285	LOG,S1,12,1339934432,1339934439,1339934449,1339934470,1339940021,ok
2026-10-06T20:40:46.285	LOG,S1,13,1340132512,1340132519,1340132529,1340132550,1340138106,ok
2026-10-06T20:40:46.285	LOG,S1,14,1340313928,1340313935,1340313944,1340313966,1340319517,ok
2026-10-06T20:40:46.285	LOG,S1,15,1340546655,1340546662,1340546671,1340546693,1340552243,ok
2026-10-06T20:40:46.285	LOG,S1,16,1340674970,1340674977,1340674987,1340675008,1340680562,ok
2026-10-06T20:40:46.285	LOG,S1,17,1340902816,1340902823,1340902833,1340902854,1340908408,ok
2026-10-06T20:40:46.285	LOG,S1,18,1341085272,1341085279,1341085289,1341085310,1341090859,ok
2026-10-06T20:40:46.285	LOG,S1,19,1341189906,1341189913,1341189922,1341189943,1341195500,ok
2026-10-06T20:40:46.285	LOG,S1,20,1341281183,1341281190,1341281200,1341281221,1341286778,ok
2026-10-06T20:40:46.285	LOG,S1,21,1341473431,1341473438,1341473447,1341473468,1341479022,ok
2026-10-06T20:40:46.285	LOG,S1,22,1341561423,1341561430,1341561439,1341561462,1341567014,ok
2026-10-06T20:40:46.285	LOG,S1,23,1341843867,1341843874,1341843883,1341843904,1341849461,ok
2026-10-06T20:40:46.285	LOG,S1,24,1342180306,1342180313,1342180322,1342180344,1342185901,ok
2026-10-06T20:40:46.285	LOG,S1,25,1342540884,1342540891,1342540901,1342540922,1342546478,ok
2026-10-06T20:40:46.285	LOG,S1,26,1342859405,1342859412,1342859421,1342859443,1342864995,ok
2026-10-06T20:40:46.285	LOG,S1,27,1343190881,1343190888,1343190897,1343190919,1343196469,ok
2026-10-06T20:40:46.285	LOG,S1,28,1343529114,1343529121,1343529131,1343529152,1343534703,ok
2026-10-06T20:40:46.285	LOG,S1,29,1343806686,1343806693,1343806703,1343806725,1343812279,ok
2026-10-06T20:40:46.285	LOG,S1,30,1344904050,1344904057,1344904067,1344904088,1344909644,ok
2026-10-06T20:40:46.285	CNT,accepted,30
2026-10-06T20:40:46.285	CNT,logged,30
2026-10-06T20:40:46.285	CNT,bounce_rejected,25
2026-10-06T20:40:46.285	CNT,ignored,0
2026-10-06T20:40:46.285	CNT,btn_q_drop,0
2026-10-06T20:40:46.285	CNT,btn_tx_drop,0
2026-10-06T20:40:46.285	CNT,tel_sent,229
2026-10-06T20:40:46.285	CNT,tel_tx_drop,0
2026-10-06T20:40:46.285	CNT,tx_error,0
2026-10-06T20:40:46.285	CNT,tx_timeout,0
2026-10-06T20:40:46.285	CNT,log_overflow,0
2026-10-06T20:40:46.285	CNT,fmt_error,0
2026-10-06T20:40:46.285	CNT,tel_period_min_us,99855
2026-10-06T20:40:46.285	CNT,tel_period_max_us,100000
2026-10-06T20:40:46.285	CNT,work_min_us,0
2026-10-06T20:40:46.285	CNT,work_max_us,0
2026-10-06T20:40:46.285	CNT,hwm_telemetry_w,187
2026-10-06T20:40:46.285	CNT,hwm_uarttx_w,265
2026-10-06T20:40:46.285	CNT,heap_free_min_b,17512
2026-10-06T20:40:46.285	INF,variant,A
2026-10-06T20:40:46.285	INF,source,HW
2026-10-06T20:40:46.285	INF,events,30
2026-10-06T20:40:46.285	END,DUMP,S1
